

================================================================
== Vitis HLS Report for 'costFunction'
================================================================
* Date:           Wed Oct 19 10:42:28 2022

* Version:        2020.2 (Build 3064766 on Wed Nov 18 09:12:45 MST 2020)
* Project:        MPCwithMADS_fxd
* Solution:       solution1 (Vivado IP Flow Target)
* Product family: zynq
* Target device:  xc7z020-clg484-1


================================================================
== Performance Estimates
================================================================
+ Timing: 
    * Summary: 
    +--------+----------+----------+------------+
    |  Clock |  Target  | Estimated| Uncertainty|
    +--------+----------+----------+------------+
    |ap_clk  |  10.00 ns|  6.912 ns|     2.70 ns|
    +--------+----------+----------+------------+

+ Latency: 
    * Summary: 
    +---------+---------+----------+----------+-----+-----+---------+
    |  Latency (cycles) |  Latency (absolute) |  Interval | Pipeline|
    |   min   |   max   |    min   |    max   | min | max |   Type  |
    +---------+---------+----------+----------+-----+-----+---------+
    |       70|       70|  0.700 us|  0.700 us|    1|    1|      yes|
    +---------+---------+----------+----------+-----+-----+---------+

    + Detail: 
        * Instance: 
        N/A

        * Loop: 
        N/A



================================================================
== Utilization Estimates
================================================================
* Summary: 
+-----------------+---------+-----+--------+-------+-----+
|       Name      | BRAM_18K| DSP |   FF   |  LUT  | URAM|
+-----------------+---------+-----+--------+-------+-----+
|DSP              |        -|   45|       -|      -|    -|
|Expression       |        -|    -|       0|   1097|    -|
|FIFO             |        -|    -|       -|      -|    -|
|Instance         |        -|    3|   11216|   8347|    -|
|Memory           |        -|    -|       -|      -|    -|
|Multiplexer      |        -|    -|       -|     18|    -|
|Register         |        -|    -|    3483|   1024|    -|
+-----------------+---------+-----+--------+-------+-----+
|Total            |        0|   48|   14699|  10486|    0|
+-----------------+---------+-----+--------+-------+-----+
|Available        |      280|  220|  106400|  53200|    0|
+-----------------+---------+-----+--------+-------+-----+
|Utilization (%)  |        0|   21|      13|     19|    0|
+-----------------+---------+-----+--------+-------+-----+

+ Detail: 
    * Instance: 
    +--------------------------+-----------------------+---------+----+------+------+-----+
    |         Instance         |         Module        | BRAM_18K| DSP|  FF  |  LUT | URAM|
    +--------------------------+-----------------------+---------+----+------+------+-----+
    |mul_34s_15ns_44_2_0_U4    |mul_34s_15ns_44_2_0    |        0|   1|   173|    54|    0|
    |mul_36s_11ns_47_2_0_U5    |mul_36s_11ns_47_2_0    |        0|   1|   202|    85|    0|
    |mul_36s_11ns_47_2_0_U6    |mul_36s_11ns_47_2_0    |        0|   1|   202|    85|    0|
    |sdiv_29ns_18s_13_33_0_U3  |sdiv_29ns_18s_13_33_0  |        0|   0|  1974|  1503|    0|
    |sdiv_42s_18s_42_46_0_U1   |sdiv_42s_18s_42_46_0   |        0|   0|  3865|  2952|    0|
    |sdiv_47ns_18s_47_51_0_U2  |sdiv_47ns_18s_47_51_0  |        0|   0|  4800|  3668|    0|
    +--------------------------+-----------------------+---------+----+------+------+-----+
    |Total                     |                       |        0|   3| 11216|  8347|    0|
    +--------------------------+-----------------------+---------+----+------+------+-----+

    * DSP: 
    +-------------------------------------------+---------------------------------------+---------------------+
    |                  Instance                 |                 Module                |      Expression     |
    +-------------------------------------------+---------------------------------------+---------------------+
    |ama_addmuladd_21s_19s_18s_32ns_32_4_0_U44  |ama_addmuladd_21s_19s_18s_32ns_32_4_0  |  (i0 + i1) * i2 + i3|
    |ama_addmuladd_21s_19s_18s_32ns_32_4_0_U51  |ama_addmuladd_21s_19s_18s_32ns_32_4_0  |  i0 + (i1 + i2) * i3|
    |mac_muladd_16ns_18s_33s_33_4_0_U39         |mac_muladd_16ns_18s_33s_33_4_0         |         i0 + i1 * i2|
    |mac_muladd_16ns_18s_33s_33_4_0_U47         |mac_muladd_16ns_18s_33s_33_4_0         |         i0 + i1 * i2|
    |mac_muladd_18s_14s_34s_34_4_0_U34          |mac_muladd_18s_14s_34s_34_4_0          |         i0 + i1 * i2|
    |mac_muladd_18s_14s_34s_34_4_0_U36          |mac_muladd_18s_14s_34s_34_4_0          |         i0 + i1 * i2|
    |mac_muladd_18s_18s_33ns_34_4_0_U14         |mac_muladd_18s_18s_33ns_34_4_0         |         i0 * i1 + i2|
    |mac_muladd_18s_18s_33ns_34_4_0_U17         |mac_muladd_18s_18s_33ns_34_4_0         |         i0 * i1 + i2|
    |mac_muladd_18s_18s_33ns_34_4_0_U19         |mac_muladd_18s_18s_33ns_34_4_0         |         i0 * i1 + i2|
    |mac_muladd_18s_18s_33ns_34_4_0_U22         |mac_muladd_18s_18s_33ns_34_4_0         |         i0 * i1 + i2|
    |mac_muladd_18s_18s_33s_33_4_0_U40          |mac_muladd_18s_18s_33s_33_4_0          |         i0 + i1 * i2|
    |mac_muladd_18s_18s_33s_33_4_0_U48          |mac_muladd_18s_18s_33s_33_4_0          |         i0 + i1 * i2|
    |mac_muladd_18s_18s_34ns_34_4_0_U26         |mac_muladd_18s_18s_34ns_34_4_0         |         i0 * i1 + i2|
    |mac_muladd_18s_18s_34ns_34_4_0_U31         |mac_muladd_18s_18s_34ns_34_4_0         |         i0 * i1 + i2|
    |mac_muladd_18s_18s_34s_34_4_0_U15          |mac_muladd_18s_18s_34s_34_4_0          |         i0 + i1 * i2|
    |mac_muladd_18s_18s_34s_34_4_0_U21          |mac_muladd_18s_18s_34s_34_4_0          |         i0 + i1 * i2|
    |mac_muladd_18s_18s_34s_34_4_0_U27          |mac_muladd_18s_18s_34s_34_4_0          |         i0 + i1 * i2|
    |mac_muladd_18s_18s_34s_34_4_0_U32          |mac_muladd_18s_18s_34s_34_4_0          |         i0 + i1 * i2|
    |mul_mul_18s_13s_31_4_0_U24                 |mul_mul_18s_13s_31_4_0                 |              i0 * i1|
    |mul_mul_18s_13s_31_4_0_U29                 |mul_mul_18s_13s_31_4_0                 |              i0 * i1|
    |mul_mul_18s_14s_32_4_0_U13                 |mul_mul_18s_14s_32_4_0                 |              i0 * i1|
    |mul_mul_18s_16ns_34_4_0_U9                 |mul_mul_18s_16ns_34_4_0                |              i0 * i1|
    |mul_mul_18s_16s_34_4_0_U25                 |mul_mul_18s_16s_34_4_0                 |              i0 * i1|
    |mul_mul_18s_16s_34_4_0_U30                 |mul_mul_18s_16s_34_4_0                 |              i0 * i1|
    |mul_mul_18s_18s_29_4_0_U7                  |mul_mul_18s_18s_29_4_0                 |              i0 * i1|
    |mul_mul_18s_18s_31_4_0_U43                 |mul_mul_18s_18s_31_4_0                 |              i0 * i0|
    |mul_mul_18s_18s_31_4_0_U50                 |mul_mul_18s_18s_31_4_0                 |              i0 * i0|
    |mul_mul_18s_18s_33_4_0_U35                 |mul_mul_18s_18s_33_4_0                 |              i0 * i1|
    |mul_mul_18s_18s_33_4_0_U37                 |mul_mul_18s_18s_33_4_0                 |              i0 * i1|
    |mul_mul_18s_18s_33_4_0_U38                 |mul_mul_18s_18s_33_4_0                 |              i0 * i1|
    |mul_mul_18s_18s_33_4_0_U42                 |mul_mul_18s_18s_33_4_0                 |              i0 * i1|
    |mul_mul_18s_18s_33_4_0_U45                 |mul_mul_18s_18s_33_4_0                 |              i0 * i1|
    |mul_mul_18s_18s_33_4_0_U46                 |mul_mul_18s_18s_33_4_0                 |              i0 * i1|
    |mul_mul_18s_18s_34_4_0_U10                 |mul_mul_18s_18s_34_4_0                 |              i0 * i0|
    |mul_mul_18s_18s_34_4_0_U11                 |mul_mul_18s_18s_34_4_0                 |              i0 * i0|
    |mul_mul_18s_18s_34_4_0_U12                 |mul_mul_18s_18s_34_4_0                 |              i0 * i0|
    |mul_mul_18s_18s_34_4_0_U16                 |mul_mul_18s_18s_34_4_0                 |              i0 * i1|
    |mul_mul_18s_18s_34_4_0_U18                 |mul_mul_18s_18s_34_4_0                 |              i0 * i1|
    |mul_mul_18s_18s_34_4_0_U20                 |mul_mul_18s_18s_34_4_0                 |              i0 * i1|
    |mul_mul_18s_18s_34_4_0_U23                 |mul_mul_18s_18s_34_4_0                 |              i0 * i1|
    |mul_mul_18s_18s_34_4_0_U28                 |mul_mul_18s_18s_34_4_0                 |              i0 * i1|
    |mul_mul_18s_18s_34_4_0_U33                 |mul_mul_18s_18s_34_4_0                 |              i0 * i1|
    |mul_mul_18s_18s_36_4_0_U8                  |mul_mul_18s_18s_36_4_0                 |              i0 * i0|
    |mul_mul_18s_18s_36_4_0_U41                 |mul_mul_18s_18s_36_4_0                 |              i0 * i0|
    |mul_mul_18s_18s_36_4_0_U49                 |mul_mul_18s_18s_36_4_0                 |              i0 * i0|
    +-------------------------------------------+---------------------------------------+---------------------+

    * Memory: 
    N/A

    * FIFO: 
    N/A

    * Expression: 
    +--------------------------+----------+----+---+----+------------+------------+
    |       Variable Name      | Operation| DSP| FF| LUT| Bitwidth P0| Bitwidth P1|
    +--------------------------+----------+----+---+----+------------+------------+
    |add_ln1192_11_fu_857_p2   |         +|   0|  0|  40|          33|          33|
    |add_ln1192_12_fu_918_p2   |         +|   0|  0|  26|          19|          19|
    |add_ln1192_13_fu_879_p2   |         +|   0|  0|  26|          19|          19|
    |add_ln1192_14_fu_1076_p2  |         +|   0|  0|  61|          54|          54|
    |add_ln1192_21_fu_960_p2   |         +|   0|  0|  40|          33|          33|
    |add_ln1192_23_fu_1106_p2  |         +|   0|  0|  40|          33|          33|
    |add_ln1192_25_fu_1132_p2  |         +|   0|  0|  40|          33|          33|
    |add_ln1192_26_fu_1154_p2  |         +|   0|  0|  26|          19|          19|
    |add_ln1192_27_fu_1177_p2  |         +|   0|  0|  26|          19|          19|
    |add_ln1192_28_fu_1265_p2  |         +|   0|  0|  61|          54|          54|
    |add_ln1192_7_fu_532_p2    |         +|   0|  0|  40|          33|          33|
    |add_ln1192_9_fu_831_p2    |         +|   0|  0|  40|          33|          33|
    |add_ln703_1_fu_790_p2     |         +|   0|  0|  25|          18|          18|
    |add_ln703_2_fu_796_p2     |         +|   0|  0|  25|          18|          18|
    |add_ln703_5_fu_479_p2     |         +|   0|  0|  18|          18|          18|
    |add_ln703_6_fu_805_p2     |         +|   0|  0|  25|          18|          18|
    |add_ln703_fu_440_p2       |         +|   0|  0|  18|          18|          18|
    |grp_fu_1625_p3            |         +|   0|  0|  39|          32|          32|
    |ret_V_fu_278_p2           |         +|   0|  0|  41|          34|          29|
    |grp_fu_1433_p2            |         -|   0|  0|  41|          34|          34|
    |grp_fu_1471_p2            |         -|   0|  0|  41|          34|          34|
    |r_V_16_fu_375_p2          |         -|   0|  0|  41|          34|          34|
    |r_V_17_fu_413_p2          |         -|   0|  0|  41|          34|          34|
    |sub_ln703_2_fu_434_p2     |         -|   0|  0|  18|          17|          18|
    |sub_ln703_3_fu_976_p2     |         -|   0|  0|  25|          18|          18|
    |sub_ln703_4_fu_934_p2     |         -|   0|  0|  25|          18|          18|
    |sub_ln703_5_fu_331_p2     |         -|   0|  0|  25|          17|          18|
    |sub_ln703_6_fu_473_p2     |         -|   0|  0|  18|          17|          18|
    |sub_ln703_7_fu_1193_p2    |         -|   0|  0|  25|          18|          18|
    |sub_ln703_8_fu_1197_p2    |         -|   0|  0|  25|          18|          18|
    |sub_ln703_fu_313_p2       |         -|   0|  0|  25|          17|          18|
    |icmp_ln211_1_fu_815_p2    |      icmp|   0|  0|  13|          18|          17|
    |icmp_ln211_fu_810_p2      |      icmp|   0|  0|  13|          18|          17|
    |or_ln211_fu_1281_p2       |        or|   0|  0|   2|           1|           1|
    |select_ln4_fu_1285_p3     |    select|   0|  0|  28|           1|          28|
    |xor_ln1116_1_fu_1046_p2   |       xor|   0|  0|  17|          16|          17|
    |xor_ln1116_fu_763_p2      |       xor|   0|  0|  17|          16|          17|
    +--------------------------+----------+----+---+----+------------+------------+
    |Total                     |          |   0|  0|1097|         884|         910|
    +--------------------------+----------+----+---+----+------------+------------+

    * Multiplexer: 
    +-------------+----+-----------+-----+-----------+
    |     Name    | LUT| Input Size| Bits| Total Bits|
    +-------------+----+-----------+-----+-----------+
    |ap_return_0  |   9|          2|   32|         64|
    |ap_return_1  |   9|          2|    6|         12|
    +-------------+----+-----------+-----+-----------+
    |Total        |  18|          4|   38|         76|
    +-------------+----+-----------+-----+-----------+

    * Register: 
    +----------------------------------------+----+----+-----+-----------+
    |                  Name                  | FF | LUT| Bits| Const Bits|
    +----------------------------------------+----+----+-----+-----------+
    |A0T_V_reg_1740                          |  18|   0|   18|          0|
    |A1T2_V_2_reg_1795                       |  18|   0|   18|          0|
    |A1T2_V_2_reg_1795_pp0_iter49_reg        |  18|   0|   18|          0|
    |add_ln703_6_reg_2099                    |  18|   0|   18|          0|
    |ap_ce_reg                               |   1|   0|    1|          0|
    |ap_return_0_int_reg                     |  32|   0|   32|          0|
    |ap_return_1_int_reg                     |   6|   0|   32|         26|
    |bT_V_reg_1788                           |  18|   0|   18|          0|
    |iLRef_V_reg_2135                        |  18|   0|   18|          0|
    |icmp_ln211_1_reg_2109                   |   1|   0|    1|          0|
    |icmp_ln211_reg_2104                     |   1|   0|    1|          0|
    |mul_ln1118_2_reg_2163                   |  36|   0|   36|          0|
    |mul_ln1118_3_reg_2199                   |  47|   0|   47|          0|
    |mul_ln1118_6_reg_2269                   |  36|   0|   36|          0|
    |mul_ln1118_7_reg_2284                   |  47|   0|   47|          0|
    |p_read106_reg_1649                      |  18|   0|   18|          0|
    |p_read10_int_reg                        |  18|   0|   18|          0|
    |p_read11_int_reg                        |  18|   0|   18|          0|
    |p_read12_int_reg                        |  18|   0|   18|          0|
    |p_read22_reg_1675                       |  18|   0|   18|          0|
    |p_read2_int_reg                         |  18|   0|   18|          0|
    |p_read73_reg_1666                       |  18|   0|   18|          0|
    |p_read7_int_reg                         |  18|   0|   18|          0|
    |p_read84_reg_1661                       |  18|   0|   18|          0|
    |p_read8_int_reg                         |  18|   0|   18|          0|
    |p_read95_reg_1656                       |  18|   0|   18|          0|
    |p_read9_int_reg                         |  18|   0|   18|          0|
    |p_read_10_reg_1644                      |  18|   0|   18|          0|
    |p_read_reg_1636                         |  18|   0|   18|          0|
    |r_V_14_reg_1757                         |  34|   0|   34|          0|
    |r_V_reg_1710                            |  36|   0|   36|          0|
    |sdiv_ln1148_reg_2078                    |  13|   0|   13|          0|
    |sext_ln1118_25_reg_1775                 |  34|   0|   34|          0|
    |sext_ln1118_25_reg_1775_pp0_iter47_reg  |  34|   0|   34|          0|
    |sext_ln1118_4_reg_1762                  |  34|   0|   34|          0|
    |sext_ln1118_5_reg_1747                  |  34|   0|   34|          0|
    |sext_ln1118_7_reg_1810                  |  34|   0|   34|          0|
    |sext_ln1118_8_reg_1816                  |  34|   0|   34|          0|
    |sub_ln703_5_reg_1842                    |  18|   0|   18|          0|
    |sub_ln703_7_reg_2251                    |  18|   0|   18|          0|
    |sub_ln703_reg_1824                      |  18|   0|   18|          0|
    |tmp_1_reg_1961                          |  18|   0|   18|          0|
    |tmp_2_reg_2006                          |  18|   0|   18|          0|
    |tmp_3_reg_1946                          |  18|   0|   18|          0|
    |tmp_4_reg_1981                          |  18|   0|   18|          0|
    |tmp_5_reg_2031                          |  18|   0|   18|          0|
    |trunc_ln6_reg_2141                      |  18|   0|   18|          0|
    |trunc_ln703_1_reg_2120                  |  18|   0|   18|          0|
    |trunc_ln703_2_reg_2241                  |  18|   0|   18|          0|
    |trunc_ln703_3_reg_2246                  |  18|   0|   18|          0|
    |trunc_ln708_10_reg_2220                 |  32|   0|   32|          0|
    |trunc_ln708_11_reg_1837                 |  18|   0|   18|          0|
    |trunc_ln708_12_reg_1966                 |  18|   0|   18|          0|
    |trunc_ln708_13_reg_2011                 |  15|   0|   15|          0|
    |trunc_ln708_14_reg_2057                 |  18|   0|   18|          0|
    |trunc_ln708_15_reg_2021                 |  18|   0|   18|          0|
    |trunc_ln708_16_reg_2026                 |  18|   0|   18|          0|
    |trunc_ln708_17_reg_2152                 |  18|   0|   18|          0|
    |trunc_ln708_18_reg_2173                 |  18|   0|   18|          0|
    |trunc_ln708_2_reg_1986                  |  15|   0|   15|          0|
    |trunc_ln708_2_reg_1986_pp0_iter54_reg   |  15|   0|   15|          0|
    |trunc_ln708_3_reg_2036                  |  18|   0|   18|          0|
    |trunc_ln708_5_reg_1996                  |  18|   0|   18|          0|
    |trunc_ln708_5_reg_1996_pp0_iter54_reg   |  18|   0|   18|          0|
    |trunc_ln708_6_reg_2001                  |  18|   0|   18|          0|
    |trunc_ln708_7_reg_2114                  |  18|   0|   18|          0|
    |trunc_ln708_9_reg_1920                  |  18|   0|   18|          0|
    |trunc_ln_reg_1800                       |  18|   0|   18|          0|
    |trunc_ln_reg_1800_pp0_iter49_reg        |  18|   0|   18|          0|
    |vTmp_reg_1705                           |  18|   0|   18|          0|
    |A0T_V_reg_1740                          |  64|  32|   18|          0|
    |add_ln703_6_reg_2099                    |  64|  32|   18|          0|
    |bT_V_reg_1788                           |  64|  32|   18|          0|
    |iLRef_V_reg_2135                        |  64|  32|   18|          0|
    |icmp_ln211_1_reg_2109                   |  64|  32|    1|          0|
    |icmp_ln211_reg_2104                     |  64|  32|    1|          0|
    |p_read106_reg_1649                      |  64|  32|   18|          0|
    |p_read22_reg_1675                       |  64|  32|   18|          0|
    |p_read73_reg_1666                       |  64|  32|   18|          0|
    |p_read84_reg_1661                       |  64|  32|   18|          0|
    |p_read95_reg_1656                       |  64|  32|   18|          0|
    |p_read_10_reg_1644                      |  64|  32|   18|          0|
    |p_read_reg_1636                         |  64|  32|   18|          0|
    |sext_ln1118_4_reg_1762                  |  64|  32|   34|          0|
    |sext_ln1118_5_reg_1747                  |  64|  32|   34|          0|
    |sub_ln703_5_reg_1842                    |  64|  32|   18|          0|
    |sub_ln703_reg_1824                      |  64|  32|   18|          0|
    |tmp_1_reg_1961                          |  64|  32|   18|          0|
    |tmp_2_reg_2006                          |  64|  32|   18|          0|
    |tmp_3_reg_1946                          |  64|  32|   18|          0|
    |tmp_4_reg_1981                          |  64|  32|   18|          0|
    |tmp_5_reg_2031                          |  64|  32|   18|          0|
    |trunc_ln708_10_reg_2220                 |  64|  32|   32|          0|
    |trunc_ln708_12_reg_1966                 |  64|  32|   18|          0|
    |trunc_ln708_13_reg_2011                 |  64|  32|   15|          0|
    |trunc_ln708_14_reg_2057                 |  64|  32|   18|          0|
    |trunc_ln708_15_reg_2021                 |  64|  32|   18|          0|
    |trunc_ln708_16_reg_2026                 |  64|  32|   18|          0|
    |trunc_ln708_17_reg_2152                 |  64|  32|   18|          0|
    |trunc_ln708_18_reg_2173                 |  64|  32|   18|          0|
    |trunc_ln708_3_reg_2036                  |  64|  32|   18|          0|
    |trunc_ln708_9_reg_1920                  |  64|  32|   18|          0|
    +----------------------------------------+----+----+-----+-----------+
    |Total                                   |3483|1024| 2046|         26|
    +----------------------------------------+----+----+-----+-----------+



================================================================
== Interface
================================================================
* Summary: 
+-------------+-----+-----+------------+--------------+--------------+
|  RTL Ports  | Dir | Bits|  Protocol  | Source Object|    C Type    |
+-------------+-----+-----+------------+--------------+--------------+
|ap_clk       |   in|    1|  ap_ctrl_hs|  costFunction|  return value|
|ap_rst       |   in|    1|  ap_ctrl_hs|  costFunction|  return value|
|ap_return_0  |  out|   32|  ap_ctrl_hs|  costFunction|  return value|
|ap_return_1  |  out|   32|  ap_ctrl_hs|  costFunction|  return value|
|ap_ce        |   in|    1|  ap_ctrl_hs|  costFunction|  return value|
|p_read2      |   in|   18|     ap_none|       p_read2|        scalar|
|p_read7      |   in|   18|     ap_none|       p_read7|        scalar|
|p_read8      |   in|   18|     ap_none|       p_read8|        scalar|
|p_read9      |   in|   18|     ap_none|       p_read9|        scalar|
|p_read10     |   in|   18|     ap_none|      p_read10|        scalar|
|p_read11     |   in|   18|     ap_none|      p_read11|        scalar|
|p_read12     |   in|   18|     ap_none|      p_read12|        scalar|
+-------------+-----+-----+------------+--------------+--------------+

