

================================================================
== Synthesis Summary Report of 'MPCwithMADS'
================================================================
+ General Information: 
    * Date:           Wed Oct 19 10:42:37 2022
    * Version:        2020.2 (Build 3064766 on Wed Nov 18 09:12:45 MST 2020)
    * Project:        MPCwithMADS_fxd
    * Solution:       solution1 (Vivado IP Flow Target)
    * Product family: zynq
    * Target device:  xc7z020-clg484-1
    

+ Performance & Resource Estimates: 
    
    PS: '+' for module; 'o' for loop; '*' for dataflow
    +---------------------------------------+--------+-------+---------+-----------+----------+---------+------+----------+------+----------+-------------+-------------+-----+
    |                Modules                |  Issue |       | Latency |  Latency  | Iteration|         | Trip |          |      |          |             |             |     |
    |                & Loops                |  Type  | Slack | (cycles)|    (ns)   |  Latency | Interval| Count| Pipelined| BRAM |    DSP   |      FF     |     LUT     | URAM|
    +---------------------------------------+--------+-------+---------+-----------+----------+---------+------+----------+------+----------+-------------+-------------+-----+
    |+ MPCwithMADS                          |  Timing|   0.00|     1498|  1.498e+04|         -|     1499|     -|        no|     -|  53 (24%)|  16665 (15%)|  14556 (27%)|    -|
    | + grp_costFunction_fu_326             |      II|  -0.39|       70|    700.000|         -|        1|     -|       yes|     -|  48 (21%)|  14699 (13%)|  10486 (19%)|    -|
    | + grp_generatePollMatrix_fu_341       |       -|  -0.10|      117|  1.170e+03|         -|      117|     -|        no|     -|    5 (2%)|    1290 (1%)|    3006 (5%)|    -|
    |  + grp_generatePollDirections_fu_256  |       -|  -0.10|       68|    680.000|         -|       68|     -|        no|     -|   2 (~0%)|    880 (~0%)|    2177 (4%)|    -|
    |   + grp_round_fixed_54_15_s_fu_318    |      II|  -0.85|        1|     10.000|         -|        1|     -|       yes|     -|         -|     55 (~0%)|    289 (~0%)|    -|
    |   o VITIS_LOOP_18_1                   |       -|  -7.30|        4|     40.000|         2|        -|     2|        no|     -|         -|            -|            -|    -|
    |   o VITIS_LOOP_62_1                   |       -|  -7.30|       24|    240.000|        12|        -|     2|        no|     -|         -|            -|            -|    -|
    |    o VITIS_LOOP_63_2                  |       -|  -7.30|       10|    100.000|         5|        -|     2|        no|     -|         -|            -|            -|    -|
    |   o VITIS_LOOP_34_2                   |       -|  -7.30|       28|    280.000|        14|        -|     2|        no|     -|         -|            -|            -|    -|
    |    o VITIS_LOOP_35_3                  |       -|  -7.30|       12|    120.000|         6|        -|     2|        no|     -|         -|            -|            -|    -|
    |   o VITIS_LOOP_45_4                   |       -|  -7.30|        8|     80.000|         4|        -|     2|        no|     -|         -|            -|            -|    -|
    |    o VITIS_LOOP_46_5                  |       -|  -7.30|        2|     20.000|         1|        -|     2|        no|     -|         -|            -|            -|    -|
    |  o VITIS_LOOP_19_1                    |       -|  -7.30|        4|     40.000|         2|        -|     2|        no|     -|         -|            -|            -|    -|
    |  o VITIS_LOOP_42_1                    |       -|  -7.30|        2|     20.000|         1|        -|     2|        no|     -|         -|            -|            -|    -|
    |  o VITIS_LOOP_44_2                    |       -|  -7.30|       36|    360.000|        18|        -|     2|        no|     -|         -|            -|            -|    -|
    |   o VITIS_LOOP_45_3                   |       -|  -7.30|       16|    160.000|         4|        -|     4|        no|     -|         -|            -|            -|    -|
    | o VITIS_LOOP_21_1                     |       -|  -7.30|        2|     20.000|         1|        1|     2|       yes|     -|         -|            -|            -|    -|
    | o VITIS_LOOP_26_2                     |       -|  -7.30|        2|     20.000|         1|        1|     2|       yes|     -|         -|            -|            -|    -|
    | o VITIS_LOOP_37_4                     |       -|  -7.30|        2|     20.000|         1|        1|     2|       yes|     -|         -|            -|            -|    -|
    | o VITIS_LOOP_25_2                     |       -|  -7.30|     1414|  1.414e+04|       202|        -|     7|        no|     -|         -|            -|            -|    -|
    |  o VITIS_LOOP_28_3                    |       -|  -7.30|        2|     20.000|         1|        1|     2|       yes|     -|         -|            -|            -|    -|
    |  o VITIS_LOOP_17_1                    |       -|  -7.30|       77|    770.000|        75|        1|     4|       yes|     -|         -|            -|            -|    -|
    +---------------------------------------+--------+-------+---------+-----------+----------+---------+------+----------+------+----------+-------------+-------------+-----+

