

================================================================
== Vitis HLS Report for 'generatePollMatrix'
================================================================
* Date:           Wed Oct 19 10:42:33 2022

* Version:        2020.2 (Build 3064766 on Wed Nov 18 09:12:45 MST 2020)
* Project:        MPCwithMADS_fxd
* Solution:       solution1 (Vivado IP Flow Target)
* Product family: zynq
* Target device:  xc7z020-clg484-1


================================================================
== Performance Estimates
================================================================
+ Timing: 
    * Summary: 
    +--------+----------+----------+------------+
    |  Clock |  Target  | Estimated| Uncertainty|
    +--------+----------+----------+------------+
    |ap_clk  |  10.00 ns|  7.195 ns|     2.70 ns|
    +--------+----------+----------+------------+

+ Latency: 
    * Summary: 
    +---------+---------+----------+----------+-----+-----+---------+
    |  Latency (cycles) |  Latency (absolute) |  Interval | Pipeline|
    |   min   |   max   |    min   |    max   | min | max |   Type  |
    +---------+---------+----------+----------+-----+-----+---------+
    |      117|      117|  1.170 us|  1.170 us|  117|  117|     none|
    +---------+---------+----------+----------+-----+-----+---------+

    + Detail: 
        * Instance: 
        +-----------------------------------+------------------------+---------+---------+----------+----------+-----+-----+---------+
        |                                   |                        |  Latency (cycles) |  Latency (absolute) |  Interval | Pipeline|
        |              Instance             |         Module         |   min   |   max   |    min   |    max   | min | max |   Type  |
        +-----------------------------------+------------------------+---------+---------+----------+----------+-----+-----+---------+
        |grp_generatePollDirections_fu_256  |generatePollDirections  |       68|       68|  0.680 us|  0.680 us|   68|   68|     none|
        +-----------------------------------+------------------------+---------+---------+----------+----------+-----+-----+---------+

        * Loop: 
        +--------------------+---------+---------+----------+-----------+-----------+------+----------+
        |                    |  Latency (cycles) | Iteration|  Initiation Interval  | Trip |          |
        |      Loop Name     |   min   |   max   |  Latency |  achieved |   target  | Count| Pipelined|
        +--------------------+---------+---------+----------+-----------+-----------+------+----------+
        |- VITIS_LOOP_19_1   |        4|        4|         2|          -|          -|     2|        no|
        |- VITIS_LOOP_42_1   |        2|        2|         1|          -|          -|     2|        no|
        |- VITIS_LOOP_44_2   |       36|       36|        18|          -|          -|     2|        no|
        | + VITIS_LOOP_45_3  |       16|       16|         4|          -|          -|     4|        no|
        +--------------------+---------+---------+----------+-----------+-----------+------+----------+



================================================================
== Utilization Estimates
================================================================
* Summary: 
+-----------------+---------+-----+--------+-------+-----+
|       Name      | BRAM_18K| DSP |   FF   |  LUT  | URAM|
+-----------------+---------+-----+--------+-------+-----+
|DSP              |        -|    2|       -|      -|    -|
|Expression       |        -|    -|       0|    628|    -|
|FIFO             |        -|    -|       -|      -|    -|
|Instance         |        -|    3|     880|   2220|    -|
|Memory           |        0|    -|      24|      2|    -|
|Multiplexer      |        -|    -|       -|    156|    -|
|Register         |        -|    -|     386|      -|    -|
+-----------------+---------+-----+--------+-------+-----+
|Total            |        0|    5|    1290|   3006|    0|
+-----------------+---------+-----+--------+-------+-----+
|Available        |      280|  220|  106400|  53200|    0|
+-----------------+---------+-----+--------+-------+-----+
|Utilization (%)  |        0|    2|       1|      5|    0|
+-----------------+---------+-----+--------+-------+-----+

+ Detail: 
    * Instance: 
    +-----------------------------------+------------------------+---------+----+-----+------+-----+
    |              Instance             |         Module         | BRAM_18K| DSP|  FF |  LUT | URAM|
    +-----------------------------------+------------------------+---------+----+-----+------+-----+
    |grp_generatePollDirections_fu_256  |generatePollDirections  |        0|   2|  880|  2177|    0|
    |mul_26s_12s_26_1_1_U92             |mul_26s_12s_26_1_1      |        0|   1|    0|    43|    0|
    +-----------------------------------+------------------------+---------+----+-----+------+-----+
    |Total                              |                        |        0|   3|  880|  2220|    0|
    +-----------------------------------+------------------------+---------+----+-----+------+-----+

    * DSP: 
    +----------------------------+------------------------+-----------+
    |          Instance          |         Module         | Expression|
    +----------------------------+------------------------+-----------+
    |mul_mul_20s_6ns_20_4_1_U93  |mul_mul_20s_6ns_20_4_1  |    i0 * i1|
    |mul_mul_20s_6ns_20_4_1_U94  |mul_mul_20s_6ns_20_4_1  |    i0 * i1|
    +----------------------------+------------------------+-----------+

    * Memory: 
    +--------------+-------------------------------+---------+----+----+-----+------+-----+------+-------------+
    |    Memory    |             Module            | BRAM_18K| FF | LUT| URAM| Words| Bits| Banks| W*Bits*Banks|
    +--------------+-------------------------------+---------+----+----+-----+------+-----+------+-------------+
    |directions_U  |generatePollMatrix_directions  |        0|  24|   2|    0|     8|   12|     1|           96|
    +--------------+-------------------------------+---------+----+----+-----+------+-----+------+-------------+
    |Total         |                               |        0|  24|   2|    0|     8|   12|     1|           96|
    +--------------+-------------------------------+---------+----+----+-----+------+-----+------+-------------+

    * FIFO: 
    N/A

    * Expression: 
    +----------------------------------+----------+----+---+-----+------------+------------+
    |           Variable Name          | Operation| DSP| FF| LUT | Bitwidth P0| Bitwidth P1|
    +----------------------------------+----------+----+---+-----+------------+------------+
    |add_ln19_fu_277_p2                |         +|   0|  0|   10|           2|           1|
    |add_ln42_fu_430_p2                |         +|   0|  0|   10|           2|           1|
    |add_ln44_fu_460_p2                |         +|   0|  0|   10|           2|           1|
    |add_ln45_fu_516_p2                |         +|   0|  0|   11|           3|           1|
    |add_ln46_fu_522_p2                |         +|   0|  0|   11|           3|           3|
    |ret_V_fu_547_p2                   |         +|   0|  0|   33|          26|          26|
    |ret_fu_317_p2                     |         -|   0|  0|   14|           1|           7|
    |icmp_ln19_fu_283_p2               |      icmp|   0|  0|    8|           2|           3|
    |icmp_ln42_fu_436_p2               |      icmp|   0|  0|    8|           2|           3|
    |icmp_ln44_fu_478_p2               |      icmp|   0|  0|    8|           2|           3|
    |icmp_ln45_fu_533_p2               |      icmp|   0|  0|    9|           3|           4|
    |r_V_fu_341_p2                     |      lshr|   0|  0|  116|          25|          36|
    |currentPoint_int_V_1_1_fu_300_p3  |    select|   0|  0|   18|           1|          18|
    |currentPoint_int_V_1_fu_293_p3    |    select|   0|  0|   18|           1|          18|
    |empty_55_fu_500_p3                |    select|   0|  0|   18|           1|          18|
    |mesh_V_1_1_fu_368_p3              |    select|   0|  0|   36|           1|          36|
    |mesh_V_1_2_fu_375_p3              |    select|   0|  0|   36|           1|          36|
    |r_V_3_fu_492_p3                   |    select|   0|  0|   26|           1|          26|
    |r_V_5_fu_360_p3                   |    select|   0|  0|   36|           1|          36|
    |randomVector_V_1_1_fu_453_p3      |    select|   0|  0|   18|           1|          18|
    |randomVector_V_1_fu_446_p3        |    select|   0|  0|   18|           1|          18|
    |rhs_fu_307_p3                     |    select|   0|  0|    6|           1|           6|
    |r_V_1_fu_354_p2                   |       shl|   0|  0|  116|          25|          36|
    |v_V_0_fu_396_p2                   |       xor|   0|  0|   17|          16|          17|
    |v_V_1_fu_420_p2                   |       xor|   0|  0|   17|          16|          17|
    +----------------------------------+----------+----+---+-----+------------+------------+
    |Total                             |          |   0|  0|  628|         140|         389|
    +----------------------------------+----------+----+---+-----+------------+------------+

    * Multiplexer: 
    +---------------------+----+-----------+-----+-----------+
    |         Name        | LUT| Input Size| Bits| Total Bits|
    +---------------------+----+-----------+-----+-----------+
    |ap_NS_fsm            |  65|         14|    1|         14|
    |directions_address0  |  14|          3|    3|          9|
    |directions_ce0       |  14|          3|    1|          3|
    |directions_ce1       |   9|          2|    1|          2|
    |directions_we0       |   9|          2|    1|          2|
    |directions_we1       |   9|          2|    1|          2|
    |i_1_reg_223          |   9|          2|    2|          4|
    |i_2_reg_234          |   9|          2|    2|          4|
    |i_reg_188            |   9|          2|    2|          4|
    |j_reg_245            |   9|          2|    3|          6|
    +---------------------+----+-----------+-----+-----------+
    |Total                | 156|         34|   17|         50|
    +---------------------+----+-----------+-----+-----------+

    * Register: 
    +------------------------------------------------+----+----+-----+-----------+
    |                      Name                      | FF | LUT| Bits| Const Bits|
    +------------------------------------------------+----+----+-----+-----------+
    |R1_V                                            |  20|   0|   20|          0|
    |R2_V                                            |  20|   0|   20|          0|
    |add_ln19_reg_606                                |   2|   0|    2|          0|
    |add_ln44_reg_685                                |   2|   0|    2|          0|
    |add_ln45_reg_708                                |   3|   0|    3|          0|
    |ap_CS_fsm                                       |  13|   0|   13|          0|
    |currentPoint_int_V_0_06_reg_176                 |  18|   0|   18|          0|
    |currentPoint_int_V_1_07_reg_164                 |  18|   0|   18|          0|
    |currentPoint_int_V_1_1_reg_625                  |  18|   0|   18|          0|
    |currentPoint_int_V_1_reg_620                    |  18|   0|   18|          0|
    |grp_generatePollDirections_fu_256_ap_start_reg  |   1|   0|    1|          0|
    |i_1_reg_223                                     |   2|   0|    2|          0|
    |i_2_reg_234                                     |   2|   0|    2|          0|
    |i_reg_188                                       |   2|   0|    2|          0|
    |j_reg_245                                       |   3|   0|    3|          0|
    |lhs_reg_703                                     |  18|   0|   26|          8|
    |mesh_V_0_08_reg_152                             |  36|   0|   36|          0|
    |mesh_V_1_09_reg_140                             |  36|   0|   36|          0|
    |pollMatrix_addr_reg_713                         |   3|   0|    3|          0|
    |r_V_3_reg_698                                   |  26|   0|   26|          0|
    |r_V_4_reg_731                                   |  26|   0|   26|          0|
    |randomVector_V_0_05_reg_199                     |  18|   0|   18|          0|
    |randomVector_V_1_04_reg_211                     |  18|   0|   18|          0|
    |ret_reg_636                                     |   7|   0|    7|          0|
    |rhs_reg_630                                     |   6|   0|    6|          0|
    |sext_ln708_1_reg_662                            |  18|   0|   18|          0|
    |sext_ln708_reg_657                              |  18|   0|   18|          0|
    |tmp_3_cast_reg_690                              |   1|   0|    3|          2|
    |tmp_3_reg_726                                   |  12|   0|   12|          0|
    |trunc_ln20_reg_614                              |   1|   0|    1|          0|
    +------------------------------------------------+----+----+-----+-----------+
    |Total                                           | 386|   0|  396|         10|
    +------------------------------------------------+----+----+-----+-----------+



================================================================
== Interface
================================================================
* Summary: 
+---------------------+-----+-----+------------+--------------------+--------------+
|      RTL Ports      | Dir | Bits|  Protocol  |    Source Object   |    C Type    |
+---------------------+-----+-----+------------+--------------------+--------------+
|ap_clk               |   in|    1|  ap_ctrl_hs|  generatePollMatrix|  return value|
|ap_rst               |   in|    1|  ap_ctrl_hs|  generatePollMatrix|  return value|
|ap_start             |   in|    1|  ap_ctrl_hs|  generatePollMatrix|  return value|
|ap_done              |  out|    1|  ap_ctrl_hs|  generatePollMatrix|  return value|
|ap_idle              |  out|    1|  ap_ctrl_hs|  generatePollMatrix|  return value|
|ap_ready             |  out|    1|  ap_ctrl_hs|  generatePollMatrix|  return value|
|p_read               |   in|    6|     ap_none|              p_read|        scalar|
|p_read1              |   in|    6|     ap_none|             p_read1|        scalar|
|p_read2              |   in|    6|     ap_none|             p_read2|        scalar|
|p_read3              |   in|    6|     ap_none|             p_read3|        scalar|
|pollMatrix_address0  |  out|    3|   ap_memory|          pollMatrix|         array|
|pollMatrix_ce0       |  out|    1|   ap_memory|          pollMatrix|         array|
|pollMatrix_we0       |  out|    1|   ap_memory|          pollMatrix|         array|
|pollMatrix_d0        |  out|   18|   ap_memory|          pollMatrix|         array|
|optimum_V_0          |   in|   18|     ap_none|         optimum_V_0|       pointer|
|optimum_V_1          |   in|   18|     ap_none|         optimum_V_1|       pointer|
+---------------------+-----+-----+------------+--------------------+--------------+

