

================================================================
== Vitis HLS Report for 'MPCwithMADS'
================================================================
* Date:           Wed Oct 19 10:42:35 2022

* Version:        2020.2 (Build 3064766 on Wed Nov 18 09:12:45 MST 2020)
* Project:        MPCwithMADS_fxd
* Solution:       solution1 (Vivado IP Flow Target)
* Product family: zynq
* Target device:  xc7z020-clg484-1


================================================================
== Performance Estimates
================================================================
+ Timing: 
    * Summary: 
    +--------+----------+----------+------------+
    |  Clock |  Target  | Estimated| Uncertainty|
    +--------+----------+----------+------------+
    |ap_clk  |  10.00 ns|  7.300 ns|     2.70 ns|
    +--------+----------+----------+------------+

+ Latency: 
    * Summary: 
    +---------+---------+-----------+-----------+------+------+---------+
    |  Latency (cycles) |   Latency (absolute)  |   Interval  | Pipeline|
    |   min   |   max   |    min    |    max    |  min |  max |   Type  |
    +---------+---------+-----------+-----------+------+------+---------+
    |     1488|     1498|  14.880 us|  14.980 us|  1489|  1499|     none|
    +---------+---------+-----------+-----------+------+------+---------+

    + Detail: 
        * Instance: 
        +-------------------------------+--------------------+---------+---------+----------+----------+-----+-----+---------+
        |                               |                    |  Latency (cycles) |  Latency (absolute) |  Interval | Pipeline|
        |            Instance           |       Module       |   min   |   max   |    min   |    max   | min | max |   Type  |
        +-------------------------------+--------------------+---------+---------+----------+----------+-----+-----+---------+
        |grp_costFunction_fu_326        |costFunction        |       70|       70|  0.700 us|  0.700 us|    1|    1|      yes|
        |grp_generatePollMatrix_fu_341  |generatePollMatrix  |      117|      117|  1.170 us|  1.170 us|  117|  117|     none|
        +-------------------------------+--------------------+---------+---------+----------+----------+-----+-----+---------+

        * Loop: 
        +--------------------+---------+---------+-----------+-----------+-----------+-------+----------+
        |                    |  Latency (cycles) | Iteration |  Initiation Interval  |  Trip |          |
        |      Loop Name     |   min   |   max   |  Latency  |  achieved |   target  | Count | Pipelined|
        +--------------------+---------+---------+-----------+-----------+-----------+-------+----------+
        |- VITIS_LOOP_21_1   |        2|        2|          1|          1|          1|      2|       yes|
        |- VITIS_LOOP_26_2   |        2|        2|          1|          1|          1|      2|       yes|
        |- VITIS_LOOP_37_4   |        2|        2|          1|          1|          1|      2|       yes|
        |- VITIS_LOOP_25_2   |     1407|     1414|  201 ~ 202|          -|          -|      7|        no|
        | + VITIS_LOOP_28_3  |        1|        2|          1|          1|          1|  1 ~ 2|       yes|
        | + VITIS_LOOP_17_1  |       77|       77|         75|          1|          1|      4|       yes|
        +--------------------+---------+---------+-----------+-----------+-----------+-------+----------+



================================================================
== Utilization Estimates
================================================================
* Summary: 
+-----------------+---------+-----+--------+-------+-----+
|       Name      | BRAM_18K| DSP |   FF   |  LUT  | URAM|
+-----------------+---------+-----+--------+-------+-----+
|DSP              |        -|    -|       -|      -|    -|
|Expression       |        -|    -|       0|    361|    -|
|FIFO             |        -|    -|       -|      -|    -|
|Instance         |        0|   53|   15989|  13492|    -|
|Memory           |        0|    -|      36|      3|    -|
|Multiplexer      |        -|    -|       -|    636|    -|
|Register         |        -|    -|     640|     64|    -|
+-----------------+---------+-----+--------+-------+-----+
|Total            |        0|   53|   16665|  14556|    0|
+-----------------+---------+-----+--------+-------+-----+
|Available        |      280|  220|  106400|  53200|    0|
+-----------------+---------+-----+--------+-------+-----+
|Utilization (%)  |        0|   24|      15|     27|    0|
+-----------------+---------+-----+--------+-------+-----+

+ Detail: 
    * Instance: 
    +-------------------------------+--------------------+---------+----+-------+-------+-----+
    |            Instance           |       Module       | BRAM_18K| DSP|   FF  |  LUT  | URAM|
    +-------------------------------+--------------------+---------+----+-------+-------+-----+
    |grp_costFunction_fu_326        |costFunction        |        0|  48|  14699|  10486|    0|
    |grp_generatePollMatrix_fu_341  |generatePollMatrix  |        0|   5|   1290|   3006|    0|
    +-------------------------------+--------------------+---------+----+-------+-------+-----+
    |Total                          |                    |        0|  53|  15989|  13492|    0|
    +-------------------------------+--------------------+---------+----+-------+-------+-----+

    * DSP: 
    N/A

    * Memory: 
    +----------------+--------------+---------+----+----+-----+------+-----+------+-------------+
    |     Memory     |    Module    | BRAM_18K| FF | LUT| URAM| Words| Bits| Banks| W*Bits*Banks|
    +----------------+--------------+---------+----+----+-----+------+-----+------+-------------+
    |pollMatrix_i_U  |pollMatrix_i  |        0|  36|   3|    0|     8|   18|     1|          144|
    +----------------+--------------+---------+----+----+-----+------+-----+------+-------------+
    |Total           |              |        0|  36|   3|    0|     8|   18|     1|          144|
    +----------------+--------------+---------+----+----+-----+------+-----+------+-------------+

    * FIFO: 
    N/A

    * Expression: 
    +--------------------------+----------+----+---+----+------------+------------+
    |       Variable Name      | Operation| DSP| FF| LUT| Bitwidth P0| Bitwidth P1|
    +--------------------------+----------+----+---+----+------------+------------+
    |add_ln17_fu_669_p2        |         +|   0|  0|  11|           3|           1|
    |add_ln21_fu_392_p2        |         +|   0|  0|  10|           2|           1|
    |add_ln26_fu_444_p2        |         +|   0|  0|  10|           2|           1|
    |add_ln28_fu_597_p2        |         +|   0|  0|  10|           2|           1|
    |add_ln37_fu_508_p2        |         +|   0|  0|  10|           2|           1|
    |frameIdx_V_0_3_fu_753_p2  |         +|   0|  0|  14|           6|           2|
    |frameIdx_V_0_fu_775_p2    |         +|   0|  0|  14|           6|           1|
    |frameIdx_V_1_3_fu_759_p2  |         +|   0|  0|  14|           6|           2|
    |frameIdx_V_1_fu_781_p2    |         +|   0|  0|  14|           6|           1|
    |i_11_fu_562_p2            |         +|   0|  0|  11|           3|           1|
    |and_ln39_fu_719_p2        |       and|   0|  0|   2|           1|           1|
    |icmp_ln1495_fu_714_p2     |      icmp|   0|  0|  18|          32|          32|
    |icmp_ln17_fu_675_p2       |      icmp|   0|  0|   9|           3|           4|
    |icmp_ln21_fu_398_p2       |      icmp|   0|  0|   8|           2|           3|
    |icmp_ln25_fu_568_p2       |      icmp|   0|  0|   8|           3|           2|
    |icmp_ln26_fu_450_p2       |      icmp|   0|  0|   8|           2|           3|
    |icmp_ln28_fu_591_p2       |      icmp|   0|  0|   8|           2|           3|
    |icmp_ln37_fu_514_p2       |      icmp|   0|  0|   8|           2|           3|
    |icmp_ln39_fu_703_p2       |      icmp|   0|  0|  18|          32|          32|
    |icmp_ln727_1_fu_456_p2    |      icmp|   0|  0|   8|           2|           1|
    |icmp_ln727_fu_404_p2      |      icmp|   0|  0|   8|           2|           1|
    |icmp_ln878_fu_615_p2      |      icmp|   0|  0|  10|           6|           5|
    |meshIdx_V_0_fu_635_p3     |    select|   0|  0|   6|           1|           6|
    |meshIdx_V_1_5_fu_643_p3   |    select|   0|  0|   6|           1|           6|
    |meshIdx_V_1_6_fu_651_p3   |    select|   0|  0|   6|           1|           6|
    |par_int_V_1_1_fu_480_p3   |    select|   0|  0|  18|           1|          18|
    |par_int_V_1_2_fu_488_p3   |    select|   0|  0|  18|           1|          18|
    |select_ln727_1_fu_462_p3  |    select|   0|  0|  12|           1|          12|
    |select_ln727_fu_410_p3    |    select|   0|  0|  12|           1|          12|
    |select_ln878_fu_607_p3    |    select|   0|  0|   6|           1|           6|
    |x_int_V_1_1_fu_428_p3     |    select|   0|  0|  18|           1|          18|
    |x_int_V_1_2_fu_436_p3     |    select|   0|  0|  18|           1|          18|
    |ap_enable_pp4             |       xor|   0|  0|   2|           1|           2|
    |ap_enable_reg_pp4_iter1   |       xor|   0|  0|   2|           2|           1|
    |xor_ln24_fu_686_p2        |       xor|   0|  0|   4|           3|           4|
    |xor_ln39_fu_708_p2        |       xor|   0|  0|   2|           1|           2|
    +--------------------------+----------+----+---+----+------------+------------+
    |Total                     |          |   0|  0| 361|         144|         231|
    +--------------------------+----------+----+---+----+------------+------------+

    * Multiplexer: 
    +---------------------------------+-----+-----------+-----+-----------+
    |               Name              | LUT | Input Size| Bits| Total Bits|
    +---------------------------------+-----+-----------+-----+-----------+
    |ap_NS_fsm                        |  430|         85|    1|         85|
    |ap_enable_reg_pp4_iter1          |    9|          2|    1|          2|
    |ap_enable_reg_pp4_iter74         |    9|          2|    1|          2|
    |frameIdx_V_0_2_fu_128            |   14|          3|    6|         18|
    |frameIdx_V_1_2_fu_132            |   14|          3|    6|         18|
    |grp_costFunction_fu_326_p_read2  |   14|          3|   18|         54|
    |grp_costFunction_fu_326_p_read7  |   14|          3|   18|         54|
    |i_10_reg_315                     |    9|          2|    3|          6|
    |i_6_reg_271                      |    9|          2|    2|          4|
    |i_7_reg_282                      |    9|          2|    2|          4|
    |i_8_reg_293                      |    9|          2|    3|          6|
    |i_9_reg_304                      |    9|          2|    2|          4|
    |i_reg_236                        |    9|          2|    2|          4|
    |initialCost_V_0_1_fu_140         |    9|          2|   32|         64|
    |initialCost_V_1_1_fu_136         |    9|          2|   32|         64|
    |optimum_V_0                      |   14|          3|   18|         54|
    |optimum_V_1                      |    9|          2|   18|         36|
    |pollMatrix_i_address0            |   14|          3|    3|          9|
    |pollMatrix_i_ce0                 |   14|          3|    1|          3|
    |pollMatrix_i_we0                 |    9|          2|    1|          2|
    +---------------------------------+-----+-----------+-----+-----------+
    |Total                            |  636|        130|  170|        493|
    +---------------------------------+-----+-----------+-----+-----------+

    * Register: 
    +--------------------------------------------+----+----+-----+-----------+
    |                    Name                    | FF | LUT| Bits| Const Bits|
    +--------------------------------------------+----+----+-----+-----------+
    |ap_CS_fsm                                   |  84|   0|   84|          0|
    |ap_enable_reg_pp4_iter0                     |   1|   0|    1|          0|
    |ap_enable_reg_pp4_iter1                     |   1|   0|    1|          0|
    |ap_enable_reg_pp4_iter10                    |   1|   0|    1|          0|
    |ap_enable_reg_pp4_iter11                    |   1|   0|    1|          0|
    |ap_enable_reg_pp4_iter12                    |   1|   0|    1|          0|
    |ap_enable_reg_pp4_iter13                    |   1|   0|    1|          0|
    |ap_enable_reg_pp4_iter14                    |   1|   0|    1|          0|
    |ap_enable_reg_pp4_iter15                    |   1|   0|    1|          0|
    |ap_enable_reg_pp4_iter16                    |   1|   0|    1|          0|
    |ap_enable_reg_pp4_iter17                    |   1|   0|    1|          0|
    |ap_enable_reg_pp4_iter18                    |   1|   0|    1|          0|
    |ap_enable_reg_pp4_iter19                    |   1|   0|    1|          0|
    |ap_enable_reg_pp4_iter2                     |   1|   0|    1|          0|
    |ap_enable_reg_pp4_iter20                    |   1|   0|    1|          0|
    |ap_enable_reg_pp4_iter21                    |   1|   0|    1|          0|
    |ap_enable_reg_pp4_iter22                    |   1|   0|    1|          0|
    |ap_enable_reg_pp4_iter23                    |   1|   0|    1|          0|
    |ap_enable_reg_pp4_iter24                    |   1|   0|    1|          0|
    |ap_enable_reg_pp4_iter25                    |   1|   0|    1|          0|
    |ap_enable_reg_pp4_iter26                    |   1|   0|    1|          0|
    |ap_enable_reg_pp4_iter27                    |   1|   0|    1|          0|
    |ap_enable_reg_pp4_iter28                    |   1|   0|    1|          0|
    |ap_enable_reg_pp4_iter29                    |   1|   0|    1|          0|
    |ap_enable_reg_pp4_iter3                     |   1|   0|    1|          0|
    |ap_enable_reg_pp4_iter30                    |   1|   0|    1|          0|
    |ap_enable_reg_pp4_iter31                    |   1|   0|    1|          0|
    |ap_enable_reg_pp4_iter32                    |   1|   0|    1|          0|
    |ap_enable_reg_pp4_iter33                    |   1|   0|    1|          0|
    |ap_enable_reg_pp4_iter34                    |   1|   0|    1|          0|
    |ap_enable_reg_pp4_iter35                    |   1|   0|    1|          0|
    |ap_enable_reg_pp4_iter36                    |   1|   0|    1|          0|
    |ap_enable_reg_pp4_iter37                    |   1|   0|    1|          0|
    |ap_enable_reg_pp4_iter38                    |   1|   0|    1|          0|
    |ap_enable_reg_pp4_iter39                    |   1|   0|    1|          0|
    |ap_enable_reg_pp4_iter4                     |   1|   0|    1|          0|
    |ap_enable_reg_pp4_iter40                    |   1|   0|    1|          0|
    |ap_enable_reg_pp4_iter41                    |   1|   0|    1|          0|
    |ap_enable_reg_pp4_iter42                    |   1|   0|    1|          0|
    |ap_enable_reg_pp4_iter43                    |   1|   0|    1|          0|
    |ap_enable_reg_pp4_iter44                    |   1|   0|    1|          0|
    |ap_enable_reg_pp4_iter45                    |   1|   0|    1|          0|
    |ap_enable_reg_pp4_iter46                    |   1|   0|    1|          0|
    |ap_enable_reg_pp4_iter47                    |   1|   0|    1|          0|
    |ap_enable_reg_pp4_iter48                    |   1|   0|    1|          0|
    |ap_enable_reg_pp4_iter49                    |   1|   0|    1|          0|
    |ap_enable_reg_pp4_iter5                     |   1|   0|    1|          0|
    |ap_enable_reg_pp4_iter50                    |   1|   0|    1|          0|
    |ap_enable_reg_pp4_iter51                    |   1|   0|    1|          0|
    |ap_enable_reg_pp4_iter52                    |   1|   0|    1|          0|
    |ap_enable_reg_pp4_iter53                    |   1|   0|    1|          0|
    |ap_enable_reg_pp4_iter54                    |   1|   0|    1|          0|
    |ap_enable_reg_pp4_iter55                    |   1|   0|    1|          0|
    |ap_enable_reg_pp4_iter56                    |   1|   0|    1|          0|
    |ap_enable_reg_pp4_iter57                    |   1|   0|    1|          0|
    |ap_enable_reg_pp4_iter58                    |   1|   0|    1|          0|
    |ap_enable_reg_pp4_iter59                    |   1|   0|    1|          0|
    |ap_enable_reg_pp4_iter6                     |   1|   0|    1|          0|
    |ap_enable_reg_pp4_iter60                    |   1|   0|    1|          0|
    |ap_enable_reg_pp4_iter61                    |   1|   0|    1|          0|
    |ap_enable_reg_pp4_iter62                    |   1|   0|    1|          0|
    |ap_enable_reg_pp4_iter63                    |   1|   0|    1|          0|
    |ap_enable_reg_pp4_iter64                    |   1|   0|    1|          0|
    |ap_enable_reg_pp4_iter65                    |   1|   0|    1|          0|
    |ap_enable_reg_pp4_iter66                    |   1|   0|    1|          0|
    |ap_enable_reg_pp4_iter67                    |   1|   0|    1|          0|
    |ap_enable_reg_pp4_iter68                    |   1|   0|    1|          0|
    |ap_enable_reg_pp4_iter69                    |   1|   0|    1|          0|
    |ap_enable_reg_pp4_iter7                     |   1|   0|    1|          0|
    |ap_enable_reg_pp4_iter70                    |   1|   0|    1|          0|
    |ap_enable_reg_pp4_iter71                    |   1|   0|    1|          0|
    |ap_enable_reg_pp4_iter72                    |   1|   0|    1|          0|
    |ap_enable_reg_pp4_iter73                    |   1|   0|    1|          0|
    |ap_enable_reg_pp4_iter74                    |   1|   0|    1|          0|
    |ap_enable_reg_pp4_iter8                     |   1|   0|    1|          0|
    |ap_enable_reg_pp4_iter9                     |   1|   0|    1|          0|
    |costTest_V_0_reg_1002                       |  32|   0|   32|          0|
    |costTest_V_1_reg_1008                       |  32|   0|   32|          0|
    |firstCall                                   |   1|   0|    1|          0|
    |firstCall_load_reg_864                      |   1|   0|    1|          0|
    |frameIdx_V_0_2_fu_128                       |   6|   0|    6|          0|
    |frameIdx_V_0_2_load_1_reg_951               |   6|   0|    6|          0|
    |frameIdx_V_1_2_fu_132                       |   6|   0|    6|          0|
    |frameIdx_V_1_2_load_1_reg_956               |   6|   0|    6|          0|
    |grp_generatePollMatrix_fu_341_ap_start_reg  |   1|   0|    1|          0|
    |i_10_reg_315                                |   3|   0|    3|          0|
    |i_11_reg_931                                |   3|   0|    3|          0|
    |i_6_reg_271                                 |   2|   0|    2|          0|
    |i_7_reg_282                                 |   2|   0|    2|          0|
    |i_8_reg_293                                 |   3|   0|    3|          0|
    |i_9_reg_304                                 |   2|   0|    2|          0|
    |i_reg_236                                   |   2|   0|    2|          0|
    |initialCost_V_0_1_fu_140                    |  32|   0|   32|          0|
    |initialCost_V_1_1_fu_136                    |  32|   0|   32|          0|
    |meshIdx_V_1_3_fu_148                        |   6|   0|    6|          0|
    |meshIdx_V_1_3_load_reg_966                  |   6|   0|    6|          0|
    |meshIdx_V_1_fu_144                          |   6|   0|    6|          0|
    |meshIdx_V_1_load_reg_961                    |   6|   0|    6|          0|
    |optimum_V_0                                 |  18|   0|   18|          0|
    |optimum_V_1                                 |  18|   0|   18|          0|
    |par_int_V_0_096_reg_247                     |  18|   0|   18|          0|
    |par_int_V_1_095_reg_259                     |  18|   0|   18|          0|
    |ref_int_V_0_reg_859                         |  12|   0|   18|          6|
    |success                                     |   1|   0|    1|          0|
    |testPoint_V_0_reg_990                       |  18|   0|   18|          0|
    |testPoint_V_1_reg_996                       |  18|   0|   18|          0|
    |x_int_V_0_0101_reg_224                      |  18|   0|   18|          0|
    |x_int_V_1_0102_reg_212                      |  18|   0|   18|          0|
    |testPoint_V_0_reg_990                       |  64|  32|   18|          0|
    |testPoint_V_1_reg_996                       |  64|  32|   18|          0|
    +--------------------------------------------+----+----+-----+-----------+
    |Total                                       | 640|  64|  554|          6|
    +--------------------------------------------+----+----+-----+-----------+



================================================================
== Interface
================================================================
* Summary: 
+-------------+-----+-----+------------+--------------+--------------+
|  RTL Ports  | Dir | Bits|  Protocol  | Source Object|    C Type    |
+-------------+-----+-----+------------+--------------+--------------+
|ap_clk       |   in|    1|  ap_ctrl_hs|   MPCwithMADS|  return value|
|ap_rst       |   in|    1|  ap_ctrl_hs|   MPCwithMADS|  return value|
|ap_start     |   in|    1|  ap_ctrl_hs|   MPCwithMADS|  return value|
|ap_done      |  out|    1|  ap_ctrl_hs|   MPCwithMADS|  return value|
|ap_idle      |  out|    1|  ap_ctrl_hs|   MPCwithMADS|  return value|
|ap_ready     |  out|    1|  ap_ctrl_hs|   MPCwithMADS|  return value|
|x_0          |   in|   12|     ap_none|           x_0|       pointer|
|x_1          |   in|   12|     ap_none|           x_1|       pointer|
|par_0        |   in|   12|     ap_none|         par_0|       pointer|
|par_1        |   in|   12|     ap_none|         par_1|       pointer|
|ref          |   in|   12|     ap_none|           ref|       pointer|
|uOpt         |  out|   12|      ap_vld|          uOpt|       pointer|
|uOpt_ap_vld  |  out|    1|      ap_vld|          uOpt|       pointer|
+-------------+-----+-----+------------+--------------+--------------+

