

================================================================
== Vitis HLS Report for 'round_fixed_54_15_s'
================================================================
* Date:           Wed Oct 19 10:42:30 2022

* Version:        2020.2 (Build 3064766 on Wed Nov 18 09:12:45 MST 2020)
* Project:        MPCwithMADS_fxd
* Solution:       solution1 (Vivado IP Flow Target)
* Product family: zynq
* Target device:  xc7z020-clg484-1


================================================================
== Performance Estimates
================================================================
+ Timing: 
    * Summary: 
    +--------+----------+----------+------------+
    |  Clock |  Target  | Estimated| Uncertainty|
    +--------+----------+----------+------------+
    |ap_clk  |  10.00 ns|  6.447 ns|     2.70 ns|
    +--------+----------+----------+------------+

+ Latency: 
    * Summary: 
    +---------+---------+-----------+-----------+-----+-----+---------+
    |  Latency (cycles) |   Latency (absolute)  |  Interval | Pipeline|
    |   min   |   max   |    min    |    max    | min | max |   Type  |
    +---------+---------+-----------+-----------+-----+-----+---------+
    |        1|        1|  10.000 ns|  10.000 ns|    1|    1|      yes|
    +---------+---------+-----------+-----------+-----+-----+---------+

    + Detail: 
        * Instance: 
        N/A

        * Loop: 
        N/A



================================================================
== Utilization Estimates
================================================================
* Summary: 
+-----------------+---------+-----+--------+-------+-----+
|       Name      | BRAM_18K| DSP |   FF   |  LUT  | URAM|
+-----------------+---------+-----+--------+-------+-----+
|DSP              |        -|    -|       -|      -|    -|
|Expression       |        -|    -|       0|    289|    -|
|FIFO             |        -|    -|       -|      -|    -|
|Instance         |        -|    -|       -|      -|    -|
|Memory           |        -|    -|       -|      -|    -|
|Multiplexer      |        -|    -|       -|      -|    -|
|Register         |        -|    -|      55|      -|    -|
+-----------------+---------+-----+--------+-------+-----+
|Total            |        0|    0|      55|    289|    0|
+-----------------+---------+-----+--------+-------+-----+
|Available        |      280|  220|  106400|  53200|    0|
+-----------------+---------+-----+--------+-------+-----+
|Utilization (%)  |        0|    0|      ~0|     ~0|    0|
+-----------------+---------+-----+--------+-------+-----+

+ Detail: 
    * Instance: 
    N/A

    * DSP: 
    N/A

    * Memory: 
    N/A

    * FIFO: 
    N/A

    * Expression: 
    +---------------------+----------+----+---+----+------------+------------+
    |    Variable Name    | Operation| DSP| FF| LUT| Bitwidth P0| Bitwidth P1|
    +---------------------+----------+----+---+----+------------+------------+
    |ret_V_fu_84_p2       |         +|   0|  0|  62|          55|          39|
    |p_Val2_s_fu_44_p2    |         -|   0|  0|  58|           1|          51|
    |sub_ln703_fu_106_p2  |         -|   0|  0|  61|           1|          54|
    |ap_return            |    select|   0|  0|  54|           1|          54|
    |x_pos_fu_72_p3       |    select|   0|  0|  54|           1|          54|
    +---------------------+----------+----+---+----+------------+------------+
    |Total                |          |   0|  0| 289|          59|         252|
    +---------------------+----------+----+---+----+------------+------------+

    * Multiplexer: 
    N/A

    * Register: 
    +---------------------+----+----+-----+-----------+
    |         Name        | FF | LUT| Bits| Const Bits|
    +---------------------+----+----+-----+-----------+
    |p_Result_1_reg_117   |   1|   0|    1|          0|
    |trunc_ln703_reg_122  |  54|   0|   54|          0|
    +---------------------+----+----+-----+-----------+
    |Total                |  55|   0|   55|          0|
    +---------------------+----+----+-----+-----------+



================================================================
== Interface
================================================================
* Summary: 
+-----------+-----+-----+------------+---------------------+--------------+
| RTL Ports | Dir | Bits|  Protocol  |    Source Object    |    C Type    |
+-----------+-----+-----+------------+---------------------+--------------+
|ap_clk     |   in|    1|  ap_ctrl_hs|  round_fixed<54, 15>|  return value|
|ap_rst     |   in|    1|  ap_ctrl_hs|  round_fixed<54, 15>|  return value|
|ap_return  |  out|   54|  ap_ctrl_hs|  round_fixed<54, 15>|  return value|
|x          |   in|   51|     ap_none|                    x|        scalar|
+-----------+-----+-----+------------+---------------------+--------------+

