
C:\Users\aless\Documents\NonlinearMPCwithMADS\boost\MPCwithMADS_fxd\solution1\sim\vhdl>set PATH= 

C:\Users\aless\Documents\NonlinearMPCwithMADS\boost\MPCwithMADS_fxd\solution1\sim\vhdl>call C:/Xilinx/Vivado/2020.2/bin/xelab xil_defaultlib.apatb_MPCwithMADS_top glbl -prj MPCwithMADS.prj -L smartconnect_v1_0 -L axi_protocol_checker_v1_1_12 -L axi_protocol_checker_v1_1_13 -L axis_protocol_checker_v1_1_11 -L axis_protocol_checker_v1_1_12 -L xil_defaultlib -L unisims -L unisims_ver -L xpm  -L floating_point_v7_0_18 -L floating_point_v7_1_11 --lib "ieee_proposed=./ieee_proposed" -s MPCwithMADS -debug wave 
Vivado Simulator 2020.2
Copyright 1986-1999, 2001-2020 Xilinx, Inc. All Rights Reserved.
Running: C:/Xilinx/Vivado/2020.2/bin/unwrapped/win64.o/xelab.exe xil_defaultlib.apatb_MPCwithMADS_top glbl -prj MPCwithMADS.prj -L smartconnect_v1_0 -L axi_protocol_checker_v1_1_12 -L axi_protocol_checker_v1_1_13 -L axis_protocol_checker_v1_1_11 -L axis_protocol_checker_v1_1_12 -L xil_defaultlib -L unisims -L unisims_ver -L xpm -L floating_point_v7_0_18 -L floating_point_v7_1_11 --lib ieee_proposed=./ieee_proposed -s MPCwithMADS -debug wave 
Multi-threading is on. Using 10 slave threads.
Determining compilation order of HDL files.
INFO: [VRFC 10-2263] Analyzing SystemVerilog file "C:/Users/aless/Documents/NonlinearMPCwithMADS/boost/MPCwithMADS_fxd/solution1/sim/vhdl/glbl.v" into library work
INFO: [VRFC 10-311] analyzing module glbl
INFO: [VRFC 10-163] Analyzing VHDL file "C:/Users/aless/Documents/NonlinearMPCwithMADS/boost/MPCwithMADS_fxd/solution1/sim/vhdl/AESL_sim_pkg.vhd" into library xil_defaultlib
INFO: [VRFC 10-163] Analyzing VHDL file "C:/Users/aless/Documents/NonlinearMPCwithMADS/boost/MPCwithMADS_fxd/solution1/sim/vhdl/MPCwithMADS.autotb.vhd" into library xil_defaultlib
INFO: [VRFC 10-3107] analyzing entity 'apatb_MPCwithMADS_top'
INFO: [VRFC 10-163] Analyzing VHDL file "C:/Users/aless/Documents/NonlinearMPCwithMADS/boost/MPCwithMADS_fxd/solution1/sim/vhdl/MPCwithMADS.vhd" into library xil_defaultlib
INFO: [VRFC 10-3107] analyzing entity 'MPCwithMADS'
INFO: [VRFC 10-163] Analyzing VHDL file "C:/Users/aless/Documents/NonlinearMPCwithMADS/boost/MPCwithMADS_fxd/solution1/sim/vhdl/MPCwithMADS_ama_addmuladd_21s_19s_18s_32ns_32_4_0.vhd" into library xil_defaultlib
INFO: [VRFC 10-3107] analyzing entity 'MPCwithMADS_ama_addmuladd_21s_19s_18s_32ns_32_4_0_DSP48_15'
INFO: [VRFC 10-3107] analyzing entity 'MPCwithMADS_ama_addmuladd_21s_19s_18s_32ns_32_4_0'
INFO: [VRFC 10-163] Analyzing VHDL file "C:/Users/aless/Documents/NonlinearMPCwithMADS/boost/MPCwithMADS_fxd/solution1/sim/vhdl/MPCwithMADS_costFunction.vhd" into library xil_defaultlib
INFO: [VRFC 10-3107] analyzing entity 'MPCwithMADS_costFunction'
INFO: [VRFC 10-163] Analyzing VHDL file "C:/Users/aless/Documents/NonlinearMPCwithMADS/boost/MPCwithMADS_fxd/solution1/sim/vhdl/MPCwithMADS_generatePollDirections.vhd" into library xil_defaultlib
INFO: [VRFC 10-3107] analyzing entity 'MPCwithMADS_generatePollDirections'
INFO: [VRFC 10-163] Analyzing VHDL file "C:/Users/aless/Documents/NonlinearMPCwithMADS/boost/MPCwithMADS_fxd/solution1/sim/vhdl/MPCwithMADS_generatePollMatrix.vhd" into library xil_defaultlib
INFO: [VRFC 10-3107] analyzing entity 'MPCwithMADS_generatePollMatrix'
INFO: [VRFC 10-163] Analyzing VHDL file "C:/Users/aless/Documents/NonlinearMPCwithMADS/boost/MPCwithMADS_fxd/solution1/sim/vhdl/MPCwithMADS_generatePollMatrix_directions.vhd" into library xil_defaultlib
INFO: [VRFC 10-3107] analyzing entity 'MPCwithMADS_generatePollMatrix_directions_ram'
INFO: [VRFC 10-3107] analyzing entity 'MPCwithMADS_generatePollMatrix_directions'
INFO: [VRFC 10-163] Analyzing VHDL file "C:/Users/aless/Documents/NonlinearMPCwithMADS/boost/MPCwithMADS_fxd/solution1/sim/vhdl/MPCwithMADS_mac_muladd_16ns_18s_33s_33_4_0.vhd" into library xil_defaultlib
INFO: [VRFC 10-3107] analyzing entity 'MPCwithMADS_mac_muladd_16ns_18s_33s_33_4_0_DSP48_12'
INFO: [VRFC 10-3107] analyzing entity 'MPCwithMADS_mac_muladd_16ns_18s_33s_33_4_0'
INFO: [VRFC 10-163] Analyzing VHDL file "C:/Users/aless/Documents/NonlinearMPCwithMADS/boost/MPCwithMADS_fxd/solution1/sim/vhdl/MPCwithMADS_mac_muladd_18s_14s_34s_34_4_0.vhd" into library xil_defaultlib
INFO: [VRFC 10-3107] analyzing entity 'MPCwithMADS_mac_muladd_18s_14s_34s_34_4_0_DSP48_10'
INFO: [VRFC 10-3107] analyzing entity 'MPCwithMADS_mac_muladd_18s_14s_34s_34_4_0'
INFO: [VRFC 10-163] Analyzing VHDL file "C:/Users/aless/Documents/NonlinearMPCwithMADS/boost/MPCwithMADS_fxd/solution1/sim/vhdl/MPCwithMADS_mac_muladd_18s_18s_33ns_34_4_0.vhd" into library xil_defaultlib
INFO: [VRFC 10-3107] analyzing entity 'MPCwithMADS_mac_muladd_18s_18s_33ns_34_4_0_DSP48_5'
INFO: [VRFC 10-3107] analyzing entity 'MPCwithMADS_mac_muladd_18s_18s_33ns_34_4_0'
INFO: [VRFC 10-163] Analyzing VHDL file "C:/Users/aless/Documents/NonlinearMPCwithMADS/boost/MPCwithMADS_fxd/solution1/sim/vhdl/MPCwithMADS_mac_muladd_18s_18s_33s_33_4_0.vhd" into library xil_defaultlib
INFO: [VRFC 10-3107] analyzing entity 'MPCwithMADS_mac_muladd_18s_18s_33s_33_4_0_DSP48_13'
INFO: [VRFC 10-3107] analyzing entity 'MPCwithMADS_mac_muladd_18s_18s_33s_33_4_0'
INFO: [VRFC 10-163] Analyzing VHDL file "C:/Users/aless/Documents/NonlinearMPCwithMADS/boost/MPCwithMADS_fxd/solution1/sim/vhdl/MPCwithMADS_mac_muladd_18s_18s_34ns_34_4_0.vhd" into library xil_defaultlib
INFO: [VRFC 10-3107] analyzing entity 'MPCwithMADS_mac_muladd_18s_18s_34ns_34_4_0_DSP48_9'
INFO: [VRFC 10-3107] analyzing entity 'MPCwithMADS_mac_muladd_18s_18s_34ns_34_4_0'
INFO: [VRFC 10-163] Analyzing VHDL file "C:/Users/aless/Documents/NonlinearMPCwithMADS/boost/MPCwithMADS_fxd/solution1/sim/vhdl/MPCwithMADS_mac_muladd_18s_18s_34s_34_4_0.vhd" into library xil_defaultlib
INFO: [VRFC 10-3107] analyzing entity 'MPCwithMADS_mac_muladd_18s_18s_34s_34_4_0_DSP48_6'
INFO: [VRFC 10-3107] analyzing entity 'MPCwithMADS_mac_muladd_18s_18s_34s_34_4_0'
INFO: [VRFC 10-163] Analyzing VHDL file "C:/Users/aless/Documents/NonlinearMPCwithMADS/boost/MPCwithMADS_fxd/solution1/sim/vhdl/MPCwithMADS_mul_26s_12s_26_1_1.vhd" into library xil_defaultlib
INFO: [VRFC 10-3107] analyzing entity 'MPCwithMADS_mul_26s_12s_26_1_1_Multiplier_3'
INFO: [VRFC 10-3107] analyzing entity 'MPCwithMADS_mul_26s_12s_26_1_1'
INFO: [VRFC 10-163] Analyzing VHDL file "C:/Users/aless/Documents/NonlinearMPCwithMADS/boost/MPCwithMADS_fxd/solution1/sim/vhdl/MPCwithMADS_mul_34s_15ns_44_2_0.vhd" into library xil_defaultlib
INFO: [VRFC 10-3107] analyzing entity 'MPCwithMADS_mul_34s_15ns_44_2_0_Multiplier_0'
INFO: [VRFC 10-3107] analyzing entity 'MPCwithMADS_mul_34s_15ns_44_2_0'
INFO: [VRFC 10-163] Analyzing VHDL file "C:/Users/aless/Documents/NonlinearMPCwithMADS/boost/MPCwithMADS_fxd/solution1/sim/vhdl/MPCwithMADS_mul_36ns_16s_51_2_1.vhd" into library xil_defaultlib
INFO: [VRFC 10-3107] analyzing entity 'MPCwithMADS_mul_36ns_16s_51_2_1_Multiplier_2'
INFO: [VRFC 10-3107] analyzing entity 'MPCwithMADS_mul_36ns_16s_51_2_1'
INFO: [VRFC 10-163] Analyzing VHDL file "C:/Users/aless/Documents/NonlinearMPCwithMADS/boost/MPCwithMADS_fxd/solution1/sim/vhdl/MPCwithMADS_mul_36s_11ns_47_2_0.vhd" into library xil_defaultlib
INFO: [VRFC 10-3107] analyzing entity 'MPCwithMADS_mul_36s_11ns_47_2_0_Multiplier_1'
INFO: [VRFC 10-3107] analyzing entity 'MPCwithMADS_mul_36s_11ns_47_2_0'
INFO: [VRFC 10-163] Analyzing VHDL file "C:/Users/aless/Documents/NonlinearMPCwithMADS/boost/MPCwithMADS_fxd/solution1/sim/vhdl/MPCwithMADS_mul_mul_18s_13s_31_4_0.vhd" into library xil_defaultlib
INFO: [VRFC 10-3107] analyzing entity 'MPCwithMADS_mul_mul_18s_13s_31_4_0_DSP48_7'
INFO: [VRFC 10-3107] analyzing entity 'MPCwithMADS_mul_mul_18s_13s_31_4_0'
INFO: [VRFC 10-163] Analyzing VHDL file "C:/Users/aless/Documents/NonlinearMPCwithMADS/boost/MPCwithMADS_fxd/solution1/sim/vhdl/MPCwithMADS_mul_mul_18s_14s_32_4_0.vhd" into library xil_defaultlib
INFO: [VRFC 10-3107] analyzing entity 'MPCwithMADS_mul_mul_18s_14s_32_4_0_DSP48_4'
INFO: [VRFC 10-3107] analyzing entity 'MPCwithMADS_mul_mul_18s_14s_32_4_0'
INFO: [VRFC 10-163] Analyzing VHDL file "C:/Users/aless/Documents/NonlinearMPCwithMADS/boost/MPCwithMADS_fxd/solution1/sim/vhdl/MPCwithMADS_mul_mul_18s_16ns_34_4_0.vhd" into library xil_defaultlib
INFO: [VRFC 10-3107] analyzing entity 'MPCwithMADS_mul_mul_18s_16ns_34_4_0_DSP48_2'
INFO: [VRFC 10-3107] analyzing entity 'MPCwithMADS_mul_mul_18s_16ns_34_4_0'
INFO: [VRFC 10-163] Analyzing VHDL file "C:/Users/aless/Documents/NonlinearMPCwithMADS/boost/MPCwithMADS_fxd/solution1/sim/vhdl/MPCwithMADS_mul_mul_18s_16s_34_4_0.vhd" into library xil_defaultlib
INFO: [VRFC 10-3107] analyzing entity 'MPCwithMADS_mul_mul_18s_16s_34_4_0_DSP48_8'
INFO: [VRFC 10-3107] analyzing entity 'MPCwithMADS_mul_mul_18s_16s_34_4_0'
INFO: [VRFC 10-163] Analyzing VHDL file "C:/Users/aless/Documents/NonlinearMPCwithMADS/boost/MPCwithMADS_fxd/solution1/sim/vhdl/MPCwithMADS_mul_mul_18s_18s_29_4_0.vhd" into library xil_defaultlib
INFO: [VRFC 10-3107] analyzing entity 'MPCwithMADS_mul_mul_18s_18s_29_4_0_DSP48_0'
INFO: [VRFC 10-3107] analyzing entity 'MPCwithMADS_mul_mul_18s_18s_29_4_0'
INFO: [VRFC 10-163] Analyzing VHDL file "C:/Users/aless/Documents/NonlinearMPCwithMADS/boost/MPCwithMADS_fxd/solution1/sim/vhdl/MPCwithMADS_mul_mul_18s_18s_31_4_0.vhd" into library xil_defaultlib
INFO: [VRFC 10-3107] analyzing entity 'MPCwithMADS_mul_mul_18s_18s_31_4_0_DSP48_14'
INFO: [VRFC 10-3107] analyzing entity 'MPCwithMADS_mul_mul_18s_18s_31_4_0'
INFO: [VRFC 10-163] Analyzing VHDL file "C:/Users/aless/Documents/NonlinearMPCwithMADS/boost/MPCwithMADS_fxd/solution1/sim/vhdl/MPCwithMADS_mul_mul_18s_18s_33_4_0.vhd" into library xil_defaultlib
INFO: [VRFC 10-3107] analyzing entity 'MPCwithMADS_mul_mul_18s_18s_33_4_0_DSP48_11'
INFO: [VRFC 10-3107] analyzing entity 'MPCwithMADS_mul_mul_18s_18s_33_4_0'
INFO: [VRFC 10-163] Analyzing VHDL file "C:/Users/aless/Documents/NonlinearMPCwithMADS/boost/MPCwithMADS_fxd/solution1/sim/vhdl/MPCwithMADS_mul_mul_18s_18s_34_4_0.vhd" into library xil_defaultlib
INFO: [VRFC 10-3107] analyzing entity 'MPCwithMADS_mul_mul_18s_18s_34_4_0_DSP48_3'
INFO: [VRFC 10-3107] analyzing entity 'MPCwithMADS_mul_mul_18s_18s_34_4_0'
INFO: [VRFC 10-163] Analyzing VHDL file "C:/Users/aless/Documents/NonlinearMPCwithMADS/boost/MPCwithMADS_fxd/solution1/sim/vhdl/MPCwithMADS_mul_mul_18s_18s_36_4_0.vhd" into library xil_defaultlib
INFO: [VRFC 10-3107] analyzing entity 'MPCwithMADS_mul_mul_18s_18s_36_4_0_DSP48_1'
INFO: [VRFC 10-3107] analyzing entity 'MPCwithMADS_mul_mul_18s_18s_36_4_0'
INFO: [VRFC 10-163] Analyzing VHDL file "C:/Users/aless/Documents/NonlinearMPCwithMADS/boost/MPCwithMADS_fxd/solution1/sim/vhdl/MPCwithMADS_mul_mul_20s_18s_33_4_1.vhd" into library xil_defaultlib
INFO: [VRFC 10-3107] analyzing entity 'MPCwithMADS_mul_mul_20s_18s_33_4_1_DSP48_16'
INFO: [VRFC 10-3107] analyzing entity 'MPCwithMADS_mul_mul_20s_18s_33_4_1'
INFO: [VRFC 10-163] Analyzing VHDL file "C:/Users/aless/Documents/NonlinearMPCwithMADS/boost/MPCwithMADS_fxd/solution1/sim/vhdl/MPCwithMADS_mul_mul_20s_6ns_20_4_1.vhd" into library xil_defaultlib
INFO: [VRFC 10-3107] analyzing entity 'MPCwithMADS_mul_mul_20s_6ns_20_4_1_DSP48_17'
INFO: [VRFC 10-3107] analyzing entity 'MPCwithMADS_mul_mul_20s_6ns_20_4_1'
INFO: [VRFC 10-163] Analyzing VHDL file "C:/Users/aless/Documents/NonlinearMPCwithMADS/boost/MPCwithMADS_fxd/solution1/sim/vhdl/MPCwithMADS_pollMatrix_i.vhd" into library xil_defaultlib
INFO: [VRFC 10-3107] analyzing entity 'MPCwithMADS_pollMatrix_i_ram'
INFO: [VRFC 10-3107] analyzing entity 'MPCwithMADS_pollMatrix_i'
INFO: [VRFC 10-163] Analyzing VHDL file "C:/Users/aless/Documents/NonlinearMPCwithMADS/boost/MPCwithMADS_fxd/solution1/sim/vhdl/MPCwithMADS_round_fixed_54_15_s.vhd" into library xil_defaultlib
INFO: [VRFC 10-3107] analyzing entity 'MPCwithMADS_round_fixed_54_15_s'
INFO: [VRFC 10-163] Analyzing VHDL file "C:/Users/aless/Documents/NonlinearMPCwithMADS/boost/MPCwithMADS_fxd/solution1/sim/vhdl/MPCwithMADS_sdiv_29ns_18s_13_33_0.vhd" into library xil_defaultlib
INFO: [VRFC 10-3107] analyzing entity 'MPCwithMADS_sdiv_29ns_18s_13_33_0_div_u'
INFO: [VRFC 10-3107] analyzing entity 'MPCwithMADS_sdiv_29ns_18s_13_33_0_div'
INFO: [VRFC 10-3107] analyzing entity 'MPCwithMADS_sdiv_29ns_18s_13_33_0'
INFO: [VRFC 10-163] Analyzing VHDL file "C:/Users/aless/Documents/NonlinearMPCwithMADS/boost/MPCwithMADS_fxd/solution1/sim/vhdl/MPCwithMADS_sdiv_42s_18s_42_46_0.vhd" into library xil_defaultlib
INFO: [VRFC 10-3107] analyzing entity 'MPCwithMADS_sdiv_42s_18s_42_46_0_div_u'
INFO: [VRFC 10-3107] analyzing entity 'MPCwithMADS_sdiv_42s_18s_42_46_0_div'
INFO: [VRFC 10-3107] analyzing entity 'MPCwithMADS_sdiv_42s_18s_42_46_0'
INFO: [VRFC 10-163] Analyzing VHDL file "C:/Users/aless/Documents/NonlinearMPCwithMADS/boost/MPCwithMADS_fxd/solution1/sim/vhdl/MPCwithMADS_sdiv_47ns_18s_47_51_0.vhd" into library xil_defaultlib
INFO: [VRFC 10-3107] analyzing entity 'MPCwithMADS_sdiv_47ns_18s_47_51_0_div_u'
INFO: [VRFC 10-3107] analyzing entity 'MPCwithMADS_sdiv_47ns_18s_47_51_0_div'
INFO: [VRFC 10-3107] analyzing entity 'MPCwithMADS_sdiv_47ns_18s_47_51_0'
Starting static elaboration
Pass Through NonSizing Optimizer
Completed static elaboration
Starting simulation data flow analysis
Completed simulation data flow analysis
Time Resolution for simulation is 1ps
Compiling package std.standard
Compiling package std.textio
Compiling package ieee.std_logic_1164
Compiling package ieee.std_logic_arith
Compiling package ieee.std_logic_unsigned
Compiling package ieee.numeric_std
Compiling package ieee.std_logic_textio
Compiling module work.glbl
Compiling architecture rtl of entity xil_defaultlib.MPCwithMADS_pollMatrix_i_ram [mpcwithmads_pollmatrix_i_ram_def...]
Compiling architecture arch of entity xil_defaultlib.MPCwithMADS_pollMatrix_i [mpcwithmads_pollmatrix_i_default]
Compiling architecture rtl of entity xil_defaultlib.MPCwithMADS_sdiv_42s_18s_42_46_0_div_u [\MPCwithMADS_sdiv_42s_18s_42_46_...]
Compiling architecture rtl of entity xil_defaultlib.MPCwithMADS_sdiv_42s_18s_42_46_0_div [\MPCwithMADS_sdiv_42s_18s_42_46_...]
Compiling architecture arch of entity xil_defaultlib.MPCwithMADS_sdiv_42s_18s_42_46_0 [\MPCwithMADS_sdiv_42s_18s_42_46_...]
Compiling architecture rtl of entity xil_defaultlib.MPCwithMADS_sdiv_47ns_18s_47_51_0_div_u [\MPCwithMADS_sdiv_47ns_18s_47_51...]
Compiling architecture rtl of entity xil_defaultlib.MPCwithMADS_sdiv_47ns_18s_47_51_0_div [\MPCwithMADS_sdiv_47ns_18s_47_51...]
Compiling architecture arch of entity xil_defaultlib.MPCwithMADS_sdiv_47ns_18s_47_51_0 [\MPCwithMADS_sdiv_47ns_18s_47_51...]
Compiling architecture rtl of entity xil_defaultlib.MPCwithMADS_sdiv_29ns_18s_13_33_0_div_u [\MPCwithMADS_sdiv_29ns_18s_13_33...]
Compiling architecture rtl of entity xil_defaultlib.MPCwithMADS_sdiv_29ns_18s_13_33_0_div [\MPCwithMADS_sdiv_29ns_18s_13_33...]
Compiling architecture arch of entity xil_defaultlib.MPCwithMADS_sdiv_29ns_18s_13_33_0 [\MPCwithMADS_sdiv_29ns_18s_13_33...]
Compiling architecture behav of entity xil_defaultlib.MPCwithMADS_mul_34s_15ns_44_2_0_Multiplier_0 [mpcwithmads_mul_34s_15ns_44_2_0_...]
Compiling architecture arch of entity xil_defaultlib.MPCwithMADS_mul_34s_15ns_44_2_0 [\MPCwithMADS_mul_34s_15ns_44_2_0...]
Compiling architecture behav of entity xil_defaultlib.MPCwithMADS_mul_36s_11ns_47_2_0_Multiplier_1 [mpcwithmads_mul_36s_11ns_47_2_0_...]
Compiling architecture arch of entity xil_defaultlib.MPCwithMADS_mul_36s_11ns_47_2_0 [\MPCwithMADS_mul_36s_11ns_47_2_0...]
Compiling architecture behav of entity xil_defaultlib.MPCwithMADS_mul_mul_18s_18s_29_4_0_DSP48_0 [mpcwithmads_mul_mul_18s_18s_29_4...]
Compiling architecture arch of entity xil_defaultlib.MPCwithMADS_mul_mul_18s_18s_29_4_0 [\MPCwithMADS_mul_mul_18s_18s_29_...]
Compiling architecture behav of entity xil_defaultlib.MPCwithMADS_mul_mul_18s_18s_36_4_0_DSP48_1 [mpcwithmads_mul_mul_18s_18s_36_4...]
Compiling architecture arch of entity xil_defaultlib.MPCwithMADS_mul_mul_18s_18s_36_4_0 [\MPCwithMADS_mul_mul_18s_18s_36_...]
Compiling architecture behav of entity xil_defaultlib.MPCwithMADS_mul_mul_18s_16ns_34_4_0_DSP48_2 [mpcwithmads_mul_mul_18s_16ns_34_...]
Compiling architecture arch of entity xil_defaultlib.MPCwithMADS_mul_mul_18s_16ns_34_4_0 [\MPCwithMADS_mul_mul_18s_16ns_34...]
Compiling architecture behav of entity xil_defaultlib.MPCwithMADS_mul_mul_18s_18s_34_4_0_DSP48_3 [mpcwithmads_mul_mul_18s_18s_34_4...]
Compiling architecture arch of entity xil_defaultlib.MPCwithMADS_mul_mul_18s_18s_34_4_0 [\MPCwithMADS_mul_mul_18s_18s_34_...]
Compiling architecture behav of entity xil_defaultlib.MPCwithMADS_mul_mul_18s_14s_32_4_0_DSP48_4 [mpcwithmads_mul_mul_18s_14s_32_4...]
Compiling architecture arch of entity xil_defaultlib.MPCwithMADS_mul_mul_18s_14s_32_4_0 [\MPCwithMADS_mul_mul_18s_14s_32_...]
Compiling architecture behav of entity xil_defaultlib.MPCwithMADS_mac_muladd_18s_18s_33ns_34_4_0_DSP48_5 [mpcwithmads_mac_muladd_18s_18s_3...]
Compiling architecture arch of entity xil_defaultlib.MPCwithMADS_mac_muladd_18s_18s_33ns_34_4_0 [\MPCwithMADS_mac_muladd_18s_18s_...]
Compiling architecture behav of entity xil_defaultlib.MPCwithMADS_mac_muladd_18s_18s_34s_34_4_0_DSP48_6 [mpcwithmads_mac_muladd_18s_18s_3...]
Compiling architecture arch of entity xil_defaultlib.MPCwithMADS_mac_muladd_18s_18s_34s_34_4_0 [\MPCwithMADS_mac_muladd_18s_18s_...]
Compiling architecture behav of entity xil_defaultlib.MPCwithMADS_mul_mul_18s_13s_31_4_0_DSP48_7 [mpcwithmads_mul_mul_18s_13s_31_4...]
Compiling architecture arch of entity xil_defaultlib.MPCwithMADS_mul_mul_18s_13s_31_4_0 [\MPCwithMADS_mul_mul_18s_13s_31_...]
Compiling architecture behav of entity xil_defaultlib.MPCwithMADS_mul_mul_18s_16s_34_4_0_DSP48_8 [mpcwithmads_mul_mul_18s_16s_34_4...]
Compiling architecture arch of entity xil_defaultlib.MPCwithMADS_mul_mul_18s_16s_34_4_0 [\MPCwithMADS_mul_mul_18s_16s_34_...]
Compiling architecture behav of entity xil_defaultlib.MPCwithMADS_mac_muladd_18s_18s_34ns_34_4_0_DSP48_9 [mpcwithmads_mac_muladd_18s_18s_3...]
Compiling architecture arch of entity xil_defaultlib.MPCwithMADS_mac_muladd_18s_18s_34ns_34_4_0 [\MPCwithMADS_mac_muladd_18s_18s_...]
Compiling architecture behav of entity xil_defaultlib.MPCwithMADS_mac_muladd_18s_14s_34s_34_4_0_DSP48_10 [mpcwithmads_mac_muladd_18s_14s_3...]
Compiling architecture arch of entity xil_defaultlib.MPCwithMADS_mac_muladd_18s_14s_34s_34_4_0 [\MPCwithMADS_mac_muladd_18s_14s_...]
Compiling architecture behav of entity xil_defaultlib.MPCwithMADS_mul_mul_18s_18s_33_4_0_DSP48_11 [mpcwithmads_mul_mul_18s_18s_33_4...]
Compiling architecture arch of entity xil_defaultlib.MPCwithMADS_mul_mul_18s_18s_33_4_0 [\MPCwithMADS_mul_mul_18s_18s_33_...]
Compiling architecture behav of entity xil_defaultlib.MPCwithMADS_mac_muladd_16ns_18s_33s_33_4_0_DSP48_12 [mpcwithmads_mac_muladd_16ns_18s_...]
Compiling architecture arch of entity xil_defaultlib.MPCwithMADS_mac_muladd_16ns_18s_33s_33_4_0 [\MPCwithMADS_mac_muladd_16ns_18s...]
Compiling architecture behav of entity xil_defaultlib.MPCwithMADS_mac_muladd_18s_18s_33s_33_4_0_DSP48_13 [mpcwithmads_mac_muladd_18s_18s_3...]
Compiling architecture arch of entity xil_defaultlib.MPCwithMADS_mac_muladd_18s_18s_33s_33_4_0 [\MPCwithMADS_mac_muladd_18s_18s_...]
Compiling architecture behav of entity xil_defaultlib.MPCwithMADS_mul_mul_18s_18s_31_4_0_DSP48_14 [mpcwithmads_mul_mul_18s_18s_31_4...]
Compiling architecture arch of entity xil_defaultlib.MPCwithMADS_mul_mul_18s_18s_31_4_0 [\MPCwithMADS_mul_mul_18s_18s_31_...]
Compiling architecture behav of entity xil_defaultlib.MPCwithMADS_ama_addmuladd_21s_19s_18s_32ns_32_4_0_DSP48_15 [mpcwithmads_ama_addmuladd_21s_19...]
Compiling architecture arch of entity xil_defaultlib.MPCwithMADS_ama_addmuladd_21s_19s_18s_32ns_32_4_0 [\MPCwithMADS_ama_addmuladd_21s_1...]
Compiling architecture behav of entity xil_defaultlib.MPCwithMADS_costFunction [mpcwithmads_costfunction_default]
Compiling architecture rtl of entity xil_defaultlib.MPCwithMADS_generatePollMatrix_directions_ram [mpcwithmads_generatepollmatrix_d...]
Compiling architecture arch of entity xil_defaultlib.MPCwithMADS_generatePollMatrix_directions [mpcwithmads_generatepollmatrix_d...]
Compiling architecture behav of entity xil_defaultlib.MPCwithMADS_round_fixed_54_15_s [mpcwithmads_round_fixed_54_15_s_...]
Compiling architecture behav of entity xil_defaultlib.MPCwithMADS_mul_36ns_16s_51_2_1_Multiplier_2 [mpcwithmads_mul_36ns_16s_51_2_1_...]
Compiling architecture arch of entity xil_defaultlib.MPCwithMADS_mul_36ns_16s_51_2_1 [\MPCwithMADS_mul_36ns_16s_51_2_1...]
Compiling architecture behav of entity xil_defaultlib.MPCwithMADS_mul_mul_20s_18s_33_4_1_DSP48_16 [mpcwithmads_mul_mul_20s_18s_33_4...]
Compiling architecture arch of entity xil_defaultlib.MPCwithMADS_mul_mul_20s_18s_33_4_1 [\MPCwithMADS_mul_mul_20s_18s_33_...]
Compiling architecture behav of entity xil_defaultlib.MPCwithMADS_generatePollDirections [mpcwithmads_generatepolldirectio...]
Compiling architecture behav of entity xil_defaultlib.MPCwithMADS_mul_26s_12s_26_1_1_Multiplier_3 [mpcwithmads_mul_26s_12s_26_1_1_m...]
Compiling architecture arch of entity xil_defaultlib.MPCwithMADS_mul_26s_12s_26_1_1 [\MPCwithMADS_mul_26s_12s_26_1_1(...]
Compiling architecture behav of entity xil_defaultlib.MPCwithMADS_mul_mul_20s_6ns_20_4_1_DSP48_17 [mpcwithmads_mul_mul_20s_6ns_20_4...]
Compiling architecture arch of entity xil_defaultlib.MPCwithMADS_mul_mul_20s_6ns_20_4_1 [\MPCwithMADS_mul_mul_20s_6ns_20_...]
Compiling architecture behav of entity xil_defaultlib.MPCwithMADS_generatePollMatrix [mpcwithmads_generatepollmatrix_d...]
Compiling architecture behav of entity xil_defaultlib.MPCwithMADS [mpcwithmads_default]
Compiling architecture behav of entity xil_defaultlib.apatb_mpcwithmads_top
Built simulation snapshot MPCwithMADS

****** Webtalk v2020.2 (64-bit)
  **** SW Build 3064766 on Wed Nov 18 09:12:45 MST 2020
  **** IP Build 3064653 on Wed Nov 18 14:17:31 MST 2020
    ** Copyright 1986-2020 Xilinx, Inc. All Rights Reserved.

source C:/Users/aless/Documents/NonlinearMPCwithMADS/boost/MPCwithMADS_fxd/solution1/sim/vhdl/xsim.dir/MPCwithMADS/webtalk/xsim_webtalk.tcl -notrace
INFO: [Common 17-206] Exiting Webtalk at Wed Oct 19 10:46:01 2022...

****** xsim v2020.2 (64-bit)
  **** SW Build 3064766 on Wed Nov 18 09:12:45 MST 2020
  **** IP Build 3064653 on Wed Nov 18 14:17:31 MST 2020
    ** Copyright 1986-2020 Xilinx, Inc. All Rights Reserved.

source xsim.dir/MPCwithMADS/xsim_script.tcl
# xsim {MPCwithMADS} -autoloadwcfg -tclbatch {MPCwithMADS.tcl}
Vivado Simulator 2020.2
Time resolution is 1 ps
source MPCwithMADS.tcl
## log_wave -r /
WARNING: [Simtcl 6-197] One or more HDL objects could not be logged because of object type or size limitations.  To see details please rerun the command with -verbose (-v).
## set designtopgroup [add_wave_group "Design Top Signals"]
## set coutputgroup [add_wave_group "C Outputs" -into $designtopgroup]
## set uOpt_group [add_wave_group uOpt(wire) -into $coutputgroup]
## add_wave /apatb_MPCwithMADS_top/AESL_inst_MPCwithMADS/uOpt_ap_vld -into $uOpt_group -color #ffff00 -radix hex
## add_wave /apatb_MPCwithMADS_top/AESL_inst_MPCwithMADS/uOpt -into $uOpt_group -radix hex
## set cinputgroup [add_wave_group "C Inputs" -into $designtopgroup]
## set ref_group [add_wave_group ref(wire) -into $cinputgroup]
## add_wave /apatb_MPCwithMADS_top/AESL_inst_MPCwithMADS/ref -into $ref_group -radix hex
## set par_1_group [add_wave_group par_1(wire) -into $cinputgroup]
## add_wave /apatb_MPCwithMADS_top/AESL_inst_MPCwithMADS/par_1 -into $par_1_group -radix hex
## set par_0_group [add_wave_group par_0(wire) -into $cinputgroup]
## add_wave /apatb_MPCwithMADS_top/AESL_inst_MPCwithMADS/par_0 -into $par_0_group -radix hex
## set x_1_group [add_wave_group x_1(wire) -into $cinputgroup]
## add_wave /apatb_MPCwithMADS_top/AESL_inst_MPCwithMADS/x_1 -into $x_1_group -radix hex
## set x_0_group [add_wave_group x_0(wire) -into $cinputgroup]
## add_wave /apatb_MPCwithMADS_top/AESL_inst_MPCwithMADS/x_0 -into $x_0_group -radix hex
## set blocksiggroup [add_wave_group "Block-level IO Handshake" -into $designtopgroup]
## add_wave /apatb_MPCwithMADS_top/AESL_inst_MPCwithMADS/ap_start -into $blocksiggroup
## add_wave /apatb_MPCwithMADS_top/AESL_inst_MPCwithMADS/ap_done -into $blocksiggroup
## add_wave /apatb_MPCwithMADS_top/AESL_inst_MPCwithMADS/ap_idle -into $blocksiggroup
## add_wave /apatb_MPCwithMADS_top/AESL_inst_MPCwithMADS/ap_ready -into $blocksiggroup
## set resetgroup [add_wave_group "Reset" -into $designtopgroup]
## add_wave /apatb_MPCwithMADS_top/AESL_inst_MPCwithMADS/ap_rst -into $resetgroup
## set clockgroup [add_wave_group "Clock" -into $designtopgroup]
## add_wave /apatb_MPCwithMADS_top/AESL_inst_MPCwithMADS/ap_clk -into $clockgroup
## set testbenchgroup [add_wave_group "Test Bench Signals"]
## set tbinternalsiggroup [add_wave_group "Internal Signals" -into $testbenchgroup]
## set tb_simstatus_group [add_wave_group "Simulation Status" -into $tbinternalsiggroup]
## set tb_portdepth_group [add_wave_group "Port Depth" -into $tbinternalsiggroup]
## add_wave /apatb_MPCwithMADS_top/AUTOTB_TRANSACTION_NUM -into $tb_simstatus_group -radix hex
## add_wave /apatb_MPCwithMADS_top/ready_cnt -into $tb_simstatus_group -radix hex
## add_wave /apatb_MPCwithMADS_top/done_cnt -into $tb_simstatus_group -radix hex
## add_wave /apatb_MPCwithMADS_top/LENGTH_x_0 -into $tb_portdepth_group -radix hex
## add_wave /apatb_MPCwithMADS_top/LENGTH_x_1 -into $tb_portdepth_group -radix hex
## add_wave /apatb_MPCwithMADS_top/LENGTH_par_0 -into $tb_portdepth_group -radix hex
## add_wave /apatb_MPCwithMADS_top/LENGTH_par_1 -into $tb_portdepth_group -radix hex
## add_wave /apatb_MPCwithMADS_top/LENGTH_ref -into $tb_portdepth_group -radix hex
## add_wave /apatb_MPCwithMADS_top/LENGTH_uOpt -into $tb_portdepth_group -radix hex
## set tbcoutputgroup [add_wave_group "C Outputs" -into $testbenchgroup]
## set tb_uOpt_group [add_wave_group uOpt(wire) -into $tbcoutputgroup]
## add_wave /apatb_MPCwithMADS_top/uOpt_ap_vld -into $tb_uOpt_group -color #ffff00 -radix hex
## add_wave /apatb_MPCwithMADS_top/uOpt -into $tb_uOpt_group -radix hex
## set tbcinputgroup [add_wave_group "C Inputs" -into $testbenchgroup]
## set tb_ref_group [add_wave_group ref(wire) -into $tbcinputgroup]
## add_wave /apatb_MPCwithMADS_top/ref -into $tb_ref_group -radix hex
## set tb_par_1_group [add_wave_group par_1(wire) -into $tbcinputgroup]
## add_wave /apatb_MPCwithMADS_top/par_1 -into $tb_par_1_group -radix hex
## set tb_par_0_group [add_wave_group par_0(wire) -into $tbcinputgroup]
## add_wave /apatb_MPCwithMADS_top/par_0 -into $tb_par_0_group -radix hex
## set tb_x_1_group [add_wave_group x_1(wire) -into $tbcinputgroup]
## add_wave /apatb_MPCwithMADS_top/x_1 -into $tb_x_1_group -radix hex
## set tb_x_0_group [add_wave_group x_0(wire) -into $tbcinputgroup]
## add_wave /apatb_MPCwithMADS_top/x_0 -into $tb_x_0_group -radix hex
## save_wave_config MPCwithMADS.wcfg
## run all
Note: simulation done!
Time: 1496205 ns  Iteration: 1  Process: /apatb_MPCwithMADS_top/generate_sim_done_proc  File: C:/Users/aless/Documents/NonlinearMPCwithMADS/boost/MPCwithMADS_fxd/solution1/sim/vhdl/MPCwithMADS.autotb.vhd
Failure: NORMAL EXIT (note: failure is to force the simulator to stop)
Time: 1496205 ns  Iteration: 1  Process: /apatb_MPCwithMADS_top/generate_sim_done_proc  File: C:/Users/aless/Documents/NonlinearMPCwithMADS/boost/MPCwithMADS_fxd/solution1/sim/vhdl/MPCwithMADS.autotb.vhd
$finish called at time : 1496205 ns
run: Time (s): cpu = 00:00:06 ; elapsed = 00:00:16 . Memory (MB): peak = 957.562 ; gain = 0.000
## quit
INFO: [Common 17-206] Exiting xsim at Wed Oct 19 10:46:24 2022...
