

================================================================
== Vitis HLS Report for 'generatePollDirections'
================================================================
* Date:           Wed Oct 19 10:42:19 2022

* Version:        2020.2 (Build 3064766 on Wed Nov 18 09:12:45 MST 2020)
* Project:        MPCwithMADS_fxd
* Solution:       solution1 (Vivado IP Flow Target)
* Product family: zynq
* Target device:  xc7z020-clg484-1


================================================================
== Performance Estimates
================================================================
+ Timing: 
    * Summary: 
    +--------+----------+----------+------------+
    |  Clock |  Target  | Estimated| Uncertainty|
    +--------+----------+----------+------------+
    |ap_clk  |  10.00 ns|  7.195 ns|     2.70 ns|
    +--------+----------+----------+------------+

+ Latency: 
    * Summary: 
    +---------+---------+----------+----------+-----+-----+---------+
    |  Latency (cycles) |  Latency (absolute) |  Interval | Pipeline|
    |   min   |   max   |    min   |    max   | min | max |   Type  |
    +---------+---------+----------+----------+-----+-----+---------+
    |       68|       68|  0.680 us|  0.680 us|   68|   68|     none|
    +---------+---------+----------+----------+-----+-----+---------+

    + Detail: 
        * Instance: 
        N/A

        * Loop: 
        +--------------------+---------+---------+----------+-----------+-----------+------+----------+
        |                    |  Latency (cycles) | Iteration|  Initiation Interval  | Trip |          |
        |      Loop Name     |   min   |   max   |  Latency |  achieved |   target  | Count| Pipelined|
        +--------------------+---------+---------+----------+-----------+-----------+------+----------+
        |- VITIS_LOOP_18_1   |        4|        4|         2|          -|          -|     2|        no|
        |- VITIS_LOOP_62_1   |       24|       24|        12|          -|          -|     2|        no|
        | + VITIS_LOOP_63_2  |       10|       10|         5|          -|          -|     2|        no|
        |- VITIS_LOOP_34_2   |       28|       28|        14|          -|          -|     2|        no|
        | + VITIS_LOOP_35_3  |       12|       12|         6|          -|          -|     2|        no|
        |- VITIS_LOOP_45_4   |        8|        8|         4|          -|          -|     2|        no|
        | + VITIS_LOOP_46_5  |        2|        2|         1|          -|          -|     2|        no|
        +--------------------+---------+---------+----------+-----------+-----------+------+----------+

============================================================
+ Verbose Summary: Synthesis Manager
============================================================
InlineROM: 1
ExposeGlobal: 0
============================================================
+ Verbose Summary: CDFG Model
============================================================
IsTopModel: 0
ResetActiveHigh: 1
IsCombinational: 0
IsDatapathOnly: 0
HasWiredReturn: 1
HasMFsm: 0
HasVarLatency: 1
IsPipeline: 0
IsRtlPipelined: 0
IsInstanceOverlapped: 0
IsDontTouch: 0
HasImplIP: 0
IsGatedGlobalClock: 0


============================================================
+ Verbose Summary: Schedule
============================================================
* Number of FSM states : 18
* Pipeline : 0
* Dataflow Pipeline: 0

* FSM state transitions: 
1 --> 2 
2 --> 3 4 
3 --> 2 
4 --> 5 10 
5 --> 6 4 
6 --> 7 
7 --> 8 
8 --> 9 
9 --> 5 
10 --> 11 17 
11 --> 12 10 
12 --> 13 
13 --> 14 
14 --> 15 
15 --> 16 
16 --> 11 
17 --> 18 
18 --> 18 17 

* FSM state operations: 

State 1 <SV = 0> <Delay = 1.58>
ST_1 : Operation 19 [1/1] (0.00ns)   --->   "%p_read_5 = read i6 @_ssdm_op_Read.ap_auto.i6, i6 %p_read5" [MPCwithMADS_fxd/generatePollDirections.cpp:4]   --->   Operation 19 'read' 'p_read_5' <Predicate = true> <Delay = 0.00>
ST_1 : Operation 20 [1/1] (0.00ns)   --->   "%p_read_6 = read i6 @_ssdm_op_Read.ap_auto.i6, i6 %p_read4" [MPCwithMADS_fxd/generatePollDirections.cpp:4]   --->   Operation 20 'read' 'p_read_6' <Predicate = true> <Delay = 0.00>
ST_1 : Operation 21 [1/1] (0.00ns)   --->   "%p_read_7 = read i6 @_ssdm_op_Read.ap_auto.i6, i6 %p_read3" [MPCwithMADS_fxd/generatePollDirections.cpp:4]   --->   Operation 21 'read' 'p_read_7' <Predicate = true> <Delay = 0.00>
ST_1 : Operation 22 [1/1] (0.00ns)   --->   "%p_read_8 = read i6 @_ssdm_op_Read.ap_auto.i6, i6 %p_read2" [MPCwithMADS_fxd/generatePollDirections.cpp:4]   --->   Operation 22 'read' 'p_read_8' <Predicate = true> <Delay = 0.00>
ST_1 : Operation 23 [1/1] (0.00ns)   --->   "%p_read17 = read i18 @_ssdm_op_Read.ap_auto.i18, i18 %p_read1" [MPCwithMADS_fxd/generatePollDirections.cpp:4]   --->   Operation 23 'read' 'p_read17' <Predicate = true> <Delay = 0.00>
ST_1 : Operation 24 [1/1] (0.00ns)   --->   "%p_read_9 = read i18 @_ssdm_op_Read.ap_auto.i18, i18 %p_read" [MPCwithMADS_fxd/generatePollDirections.cpp:4]   --->   Operation 24 'read' 'p_read_9' <Predicate = true> <Delay = 0.00>
ST_1 : Operation 25 [1/1] (1.58ns)   --->   "%br_ln18 = br void %_ZN9ap_ufixedILi36ELi12EL9ap_q_mode5EL9ap_o_mode3ELi0EEC2Ei.exit" [MPCwithMADS_fxd/generatePollDirections.cpp:18]   --->   Operation 25 'br' 'br_ln18' <Predicate = true> <Delay = 1.58>

State 2 <SV = 1> <Delay = 6.50>
ST_2 : Operation 26 [1/1] (0.00ns)   --->   "%mesh_V_1_011 = phi i36 0, void %_ZN8ap_fixedILi18ELi3EL9ap_q_mode5EL9ap_o_mode3ELi0EEC2Ei.exit, i36 %mesh_V_1_3, void %_ZN9ap_ufixedILi36ELi12EL9ap_q_mode5EL9ap_o_mode3ELi0EEC2Ei.exit.split"   --->   Operation 26 'phi' 'mesh_V_1_011' <Predicate = true> <Delay = 0.00>
ST_2 : Operation 27 [1/1] (0.00ns)   --->   "%mesh_V_0_010 = phi i36 0, void %_ZN8ap_fixedILi18ELi3EL9ap_q_mode5EL9ap_o_mode3ELi0EEC2Ei.exit, i36 %mesh_V_1_4, void %_ZN9ap_ufixedILi36ELi12EL9ap_q_mode5EL9ap_o_mode3ELi0EEC2Ei.exit.split"   --->   Operation 27 'phi' 'mesh_V_0_010' <Predicate = true> <Delay = 0.00>
ST_2 : Operation 28 [1/1] (0.00ns)   --->   "%i = phi i2 0, void %_ZN8ap_fixedILi18ELi3EL9ap_q_mode5EL9ap_o_mode3ELi0EEC2Ei.exit, i2 %add_ln18, void %_ZN9ap_ufixedILi36ELi12EL9ap_q_mode5EL9ap_o_mode3ELi0EEC2Ei.exit.split" [MPCwithMADS_fxd/generatePollDirections.cpp:18]   --->   Operation 28 'phi' 'i' <Predicate = true> <Delay = 0.00>
ST_2 : Operation 29 [1/1] (1.56ns)   --->   "%add_ln18 = add i2 %i, i2 1" [MPCwithMADS_fxd/generatePollDirections.cpp:18]   --->   Operation 29 'add' 'add_ln18' <Predicate = true> <Delay = 1.56> <CoreInst = "Adder">   --->   Core 1 'Adder' <Latency = 0> <II = 1> <Delay = 1.54> <FuncUnit> <Opcode : 'add' 'sub'> <InPorts = 2> <OutPorts = 1>
ST_2 : Operation 30 [1/1] (0.95ns)   --->   "%icmp_ln18 = icmp_eq  i2 %i, i2 2" [MPCwithMADS_fxd/generatePollDirections.cpp:18]   --->   Operation 30 'icmp' 'icmp_ln18' <Predicate = true> <Delay = 0.95> <CoreInst = "Cmp">   --->   Core 9 'Cmp' <Latency = 0> <II = 1> <Delay = 0.95> <FuncUnit> <Opcode : 'icmp'> <InPorts = 2> <OutPorts = 1>
ST_2 : Operation 31 [1/1] (0.00ns)   --->   "%empty = speclooptripcount i32 @_ssdm_op_SpecLoopTripCount, i64 2, i64 2, i64 2"   --->   Operation 31 'speclooptripcount' 'empty' <Predicate = true> <Delay = 0.00>
ST_2 : Operation 32 [1/1] (0.00ns)   --->   "%br_ln18 = br i1 %icmp_ln18, void %_ZN9ap_ufixedILi36ELi12EL9ap_q_mode5EL9ap_o_mode3ELi0EEC2Ei.exit.split, void %.preheader9.preheader" [MPCwithMADS_fxd/generatePollDirections.cpp:18]   --->   Operation 32 'br' 'br_ln18' <Predicate = true> <Delay = 0.00>
ST_2 : Operation 33 [1/1] (0.00ns)   --->   "%trunc_ln215 = trunc i2 %i"   --->   Operation 33 'trunc' 'trunc_ln215' <Predicate = (!icmp_ln18)> <Delay = 0.00>
ST_2 : Operation 34 [1/1] (1.18ns)   --->   "%select_ln215 = select i1 %trunc_ln215, i6 %p_read_7, i6 %p_read_8"   --->   Operation 34 'select' 'select_ln215' <Predicate = (!icmp_ln18)> <Delay = 1.18> <CoreInst = "Sel">   --->   Core 73 'Sel' <Latency = 0> <II = 1> <Delay = 0.69> <FuncUnit> <Opcode : 'select'> <InPorts = 3> <OutPorts = 1>
ST_2 : Operation 35 [1/1] (1.18ns)   --->   "%select_ln215_1 = select i1 %trunc_ln215, i6 %p_read_5, i6 %p_read_6"   --->   Operation 35 'select' 'select_ln215_1' <Predicate = (!icmp_ln18)> <Delay = 1.18> <CoreInst = "Sel">   --->   Core 73 'Sel' <Latency = 0> <II = 1> <Delay = 0.69> <FuncUnit> <Opcode : 'select'> <InPorts = 3> <OutPorts = 1>
ST_2 : Operation 36 [1/1] (0.00ns) (grouped into TernaryAdder)   --->   "%sub_ln69 = sub i6 %select_ln215, i6 %select_ln215_1"   --->   Operation 36 'sub' 'sub_ln69' <Predicate = (!icmp_ln18)> <Delay = 0.00> <CoreInst = "TAddSub">   --->   Core 10 'TAddSub' <Latency = 0> <II = 1> <Delay = 1.74> <IPBlock> <Opcode : 'add' 'sub'> <InPorts = 3> <OutPorts = 1> <Sync>
ST_2 : Operation 37 [1/1] (3.49ns) (root node of TernaryAdder)   --->   "%frameMeshDiff_V = add i6 %sub_ln69, i6 1"   --->   Operation 37 'add' 'frameMeshDiff_V' <Predicate = (!icmp_ln18)> <Delay = 3.49> <CoreInst = "TAddSub">   --->   Core 10 'TAddSub' <Latency = 0> <II = 1> <Delay = 1.74> <IPBlock> <Opcode : 'add' 'sub'> <InPorts = 3> <OutPorts = 1> <Sync>
ST_2 : Operation 38 [1/1] (0.00ns)   --->   "%sext_ln1380 = sext i6 %frameMeshDiff_V"   --->   Operation 38 'sext' 'sext_ln1380' <Predicate = (!icmp_ln18)> <Delay = 0.00>
ST_2 : Operation 39 [1/1] (0.00ns)   --->   "%isNeg = bitselect i1 @_ssdm_op_BitSelect.i1.i6.i32, i6 %frameMeshDiff_V, i32 5"   --->   Operation 39 'bitselect' 'isNeg' <Predicate = (!icmp_ln18)> <Delay = 0.00>
ST_2 : Operation 40 [1/1] (1.82ns)   --->   "%sub_ln1357 = sub i7 0, i7 %sext_ln1380"   --->   Operation 40 'sub' 'sub_ln1357' <Predicate = (!icmp_ln18)> <Delay = 1.82> <CoreInst = "Adder">   --->   Core 1 'Adder' <Latency = 0> <II = 1> <Delay = 1.54> <FuncUnit> <Opcode : 'add' 'sub'> <InPorts = 2> <OutPorts = 1>
ST_2 : Operation 41 [1/1] (0.00ns)   --->   "%H_1_1_V_1 = alloca i32 1"   --->   Operation 41 'alloca' 'H_1_1_V_1' <Predicate = (icmp_ln18)> <Delay = 0.00>
ST_2 : Operation 42 [1/1] (0.00ns)   --->   "%H_1_1_V_9 = alloca i32 1"   --->   Operation 42 'alloca' 'H_1_1_V_9' <Predicate = (icmp_ln18)> <Delay = 0.00>
ST_2 : Operation 43 [1/1] (0.00ns)   --->   "%H_1_1_V_14 = alloca i32 1"   --->   Operation 43 'alloca' 'H_1_1_V_14' <Predicate = (icmp_ln18)> <Delay = 0.00>
ST_2 : Operation 44 [1/1] (0.00ns)   --->   "%H_1_1_V_15 = alloca i32 1"   --->   Operation 44 'alloca' 'H_1_1_V_15' <Predicate = (icmp_ln18)> <Delay = 0.00>
ST_2 : Operation 45 [1/1] (1.58ns)   --->   "%store_ln62 = store i18 0, i18 %H_1_1_V_1" [MPCwithMADS_fxd/generatePollDirections.cpp:62]   --->   Operation 45 'store' 'store_ln62' <Predicate = (icmp_ln18)> <Delay = 1.58>
ST_2 : Operation 46 [1/1] (1.58ns)   --->   "%br_ln62 = br void %.preheader9" [MPCwithMADS_fxd/generatePollDirections.cpp:62]   --->   Operation 46 'br' 'br_ln62' <Predicate = (icmp_ln18)> <Delay = 1.58>

State 3 <SV = 2> <Delay = 6.54>
ST_3 : Operation 47 [1/1] (0.00ns)   --->   "%specloopname_ln18 = specloopname void @_ssdm_op_SpecLoopName, void @empty_1" [MPCwithMADS_fxd/generatePollDirections.cpp:18]   --->   Operation 47 'specloopname' 'specloopname_ln18' <Predicate = true> <Delay = 0.00>
ST_3 : Operation 48 [1/1] (0.99ns)   --->   "%ush = select i1 %isNeg, i7 %sub_ln1357, i7 %sext_ln1380"   --->   Operation 48 'select' 'ush' <Predicate = true> <Delay = 0.99> <CoreInst = "Sel">   --->   Core 73 'Sel' <Latency = 0> <II = 1> <Delay = 0.69> <FuncUnit> <Opcode : 'select'> <InPorts = 3> <OutPorts = 1>
ST_3 : Operation 49 [1/1] (0.00ns)   --->   "%sh_prom_i_i_i_cast_cast_cast = sext i7 %ush"   --->   Operation 49 'sext' 'sh_prom_i_i_i_cast_cast_cast' <Predicate = true> <Delay = 0.00>
ST_3 : Operation 50 [1/1] (0.00ns)   --->   "%sh_prom_i_i_i_cast_cast_cast_cast = zext i32 %sh_prom_i_i_i_cast_cast_cast"   --->   Operation 50 'zext' 'sh_prom_i_i_i_cast_cast_cast_cast' <Predicate = true> <Delay = 0.00>
ST_3 : Operation 51 [1/1] (0.00ns) (grouped into LUT with out node r_V_11)   --->   "%r_V = lshr i36 16777216, i36 %sh_prom_i_i_i_cast_cast_cast_cast"   --->   Operation 51 'lshr' 'r_V' <Predicate = (isNeg)> <Delay = 0.00> <CoreInst = "Shifter">   --->   Core 75 'Shifter' <Latency = 0> <II = 1> <Delay = 4.42> <FuncUnit> <Opcode : 'shl' 'lshr' 'ashr'> <InPorts = 2> <OutPorts = 1>
ST_3 : Operation 52 [1/1] (0.00ns) (grouped into LUT with out node r_V_11)   --->   "%r_V_6 = shl i36 16777216, i36 %sh_prom_i_i_i_cast_cast_cast_cast"   --->   Operation 52 'shl' 'r_V_6' <Predicate = (!isNeg)> <Delay = 0.00> <CoreInst = "Shifter">   --->   Core 75 'Shifter' <Latency = 0> <II = 1> <Delay = 4.42> <FuncUnit> <Opcode : 'shl' 'lshr' 'ashr'> <InPorts = 2> <OutPorts = 1>
ST_3 : Operation 53 [1/1] (4.42ns) (out node of the LUT)   --->   "%r_V_11 = select i1 %isNeg, i36 %r_V, i36 %r_V_6"   --->   Operation 53 'select' 'r_V_11' <Predicate = true> <Delay = 4.42> <CoreInst = "Sel">   --->   Core 73 'Sel' <Latency = 0> <II = 1> <Delay = 0.69> <FuncUnit> <Opcode : 'select'> <InPorts = 3> <OutPorts = 1>
ST_3 : Operation 54 [1/1] (1.12ns)   --->   "%mesh_V_1_3 = select i1 %trunc_ln215, i36 %r_V_11, i36 %mesh_V_1_011" [MPCwithMADS_fxd/generatePollDirections.cpp:21]   --->   Operation 54 'select' 'mesh_V_1_3' <Predicate = true> <Delay = 1.12> <CoreInst = "Sel">   --->   Core 73 'Sel' <Latency = 0> <II = 1> <Delay = 0.69> <FuncUnit> <Opcode : 'select'> <InPorts = 3> <OutPorts = 1>
ST_3 : Operation 55 [1/1] (1.12ns)   --->   "%mesh_V_1_4 = select i1 %trunc_ln215, i36 %mesh_V_0_010, i36 %r_V_11" [MPCwithMADS_fxd/generatePollDirections.cpp:21]   --->   Operation 55 'select' 'mesh_V_1_4' <Predicate = true> <Delay = 1.12> <CoreInst = "Sel">   --->   Core 73 'Sel' <Latency = 0> <II = 1> <Delay = 0.69> <FuncUnit> <Opcode : 'select'> <InPorts = 3> <OutPorts = 1>
ST_3 : Operation 56 [1/1] (0.00ns)   --->   "%br_ln0 = br void %_ZN9ap_ufixedILi36ELi12EL9ap_q_mode5EL9ap_o_mode3ELi0EEC2Ei.exit"   --->   Operation 56 'br' 'br_ln0' <Predicate = true> <Delay = 0.00>

State 4 <SV = 2> <Delay = 2.54>
ST_4 : Operation 57 [1/1] (0.00ns)   --->   "%i_3 = phi i2 %add_ln62, void, i2 0, void %.preheader9.preheader" [MPCwithMADS_fxd/generatePollDirections.cpp:62]   --->   Operation 57 'phi' 'i_3' <Predicate = true> <Delay = 0.00>
ST_4 : Operation 58 [1/1] (1.56ns)   --->   "%add_ln62 = add i2 %i_3, i2 1" [MPCwithMADS_fxd/generatePollDirections.cpp:62]   --->   Operation 58 'add' 'add_ln62' <Predicate = true> <Delay = 1.56> <CoreInst = "Adder">   --->   Core 1 'Adder' <Latency = 0> <II = 1> <Delay = 1.54> <FuncUnit> <Opcode : 'add' 'sub'> <InPorts = 2> <OutPorts = 1>
ST_4 : Operation 59 [1/1] (0.00ns)   --->   "%H_1_1_V_1_load = load i18 %H_1_1_V_1"   --->   Operation 59 'load' 'H_1_1_V_1_load' <Predicate = true> <Delay = 0.00>
ST_4 : Operation 60 [1/1] (0.00ns)   --->   "%H_1_1_V_9_load = load i18 %H_1_1_V_9"   --->   Operation 60 'load' 'H_1_1_V_9_load' <Predicate = true> <Delay = 0.00>
ST_4 : Operation 61 [1/1] (0.00ns)   --->   "%H_1_1_V_14_load = load i18 %H_1_1_V_14"   --->   Operation 61 'load' 'H_1_1_V_14_load' <Predicate = true> <Delay = 0.00>
ST_4 : Operation 62 [1/1] (0.00ns)   --->   "%H_1_1_V_15_load = load i18 %H_1_1_V_15"   --->   Operation 62 'load' 'H_1_1_V_15_load' <Predicate = true> <Delay = 0.00>
ST_4 : Operation 63 [1/1] (0.95ns)   --->   "%icmp_ln62 = icmp_eq  i2 %i_3, i2 2" [MPCwithMADS_fxd/generatePollDirections.cpp:62]   --->   Operation 63 'icmp' 'icmp_ln62' <Predicate = true> <Delay = 0.95> <CoreInst = "Cmp">   --->   Core 9 'Cmp' <Latency = 0> <II = 1> <Delay = 0.95> <FuncUnit> <Opcode : 'icmp'> <InPorts = 2> <OutPorts = 1>
ST_4 : Operation 64 [1/1] (0.00ns)   --->   "%empty_57 = speclooptripcount i32 @_ssdm_op_SpecLoopTripCount, i64 2, i64 2, i64 2"   --->   Operation 64 'speclooptripcount' 'empty_57' <Predicate = true> <Delay = 0.00>
ST_4 : Operation 65 [1/1] (0.00ns)   --->   "%br_ln62 = br i1 %icmp_ln62, void %.split9, void %_Z25generateHouseholderMatrixP8ap_fixedILi18ELi3EL9ap_q_mode5EL9ap_o_mode3ELi0EEPA2_S2_.exit.preheader" [MPCwithMADS_fxd/generatePollDirections.cpp:62]   --->   Operation 65 'br' 'br_ln62' <Predicate = true> <Delay = 0.00>
ST_4 : Operation 66 [1/1] (0.00ns)   --->   "%specloopname_ln62 = specloopname void @_ssdm_op_SpecLoopName, void @empty_9" [MPCwithMADS_fxd/generatePollDirections.cpp:62]   --->   Operation 66 'specloopname' 'specloopname_ln62' <Predicate = (!icmp_ln62)> <Delay = 0.00>
ST_4 : Operation 67 [1/1] (0.00ns)   --->   "%empty_58 = trunc i2 %i_3" [MPCwithMADS_fxd/generatePollDirections.cpp:62]   --->   Operation 67 'trunc' 'empty_58' <Predicate = (!icmp_ln62)> <Delay = 0.00>
ST_4 : Operation 68 [1/1] (0.00ns) (grouped into LUT with out node r_V_8)   --->   "%empty_59 = select i1 %empty_58, i18 %p_read17, i18 %p_read_9" [MPCwithMADS_fxd/generatePollDirections.cpp:62]   --->   Operation 68 'select' 'empty_59' <Predicate = (!icmp_ln62)> <Delay = 0.00> <CoreInst = "Sel">   --->   Core 73 'Sel' <Latency = 0> <II = 1> <Delay = 0.69> <FuncUnit> <Opcode : 'select'> <InPorts = 3> <OutPorts = 1>
ST_4 : Operation 69 [1/1] (0.00ns) (grouped into LUT with out node r_V_8)   --->   "%p_shl = bitconcatenate i19 @_ssdm_op_BitConcatenate.i19.i18.i1, i18 %empty_59, i1 0" [MPCwithMADS_fxd/generatePollDirections.cpp:62]   --->   Operation 69 'bitconcatenate' 'p_shl' <Predicate = (!icmp_ln62)> <Delay = 0.00>
ST_4 : Operation 70 [1/1] (0.00ns) (grouped into LUT with out node r_V_8)   --->   "%p_shl_cast = sext i19 %p_shl" [MPCwithMADS_fxd/generatePollDirections.cpp:62]   --->   Operation 70 'sext' 'p_shl_cast' <Predicate = (!icmp_ln62)> <Delay = 0.00>
ST_4 : Operation 71 [1/1] (2.16ns) (out node of the LUT)   --->   "%r_V_8 = sub i20 0, i20 %p_shl_cast" [MPCwithMADS_fxd/generatePollDirections.cpp:62]   --->   Operation 71 'sub' 'r_V_8' <Predicate = (!icmp_ln62)> <Delay = 2.16> <CoreInst = "Adder">   --->   Core 1 'Adder' <Latency = 0> <II = 1> <Delay = 1.54> <FuncUnit> <Opcode : 'add' 'sub'> <InPorts = 2> <OutPorts = 1>
ST_4 : Operation 72 [1/1] (0.00ns)   --->   "%sext_ln1115 = sext i20 %r_V_8"   --->   Operation 72 'sext' 'sext_ln1115' <Predicate = (!icmp_ln62)> <Delay = 0.00>
ST_4 : Operation 73 [1/1] (1.58ns)   --->   "%br_ln63 = br void %_ZN8ap_fixedILi18ELi3EL9ap_q_mode5EL9ap_o_mode3ELi0EEC2ILi68ELi38ELb1ELS0_5ELS1_3ELi0EEERK13ap_fixed_baseIXT_EXT0_EXT1_EXT2_EXT3_EXT4_EE.exit.i" [MPCwithMADS_fxd/generatePollDirections.cpp:63]   --->   Operation 73 'br' 'br_ln63' <Predicate = (!icmp_ln62)> <Delay = 1.58>
ST_4 : Operation 74 [1/1] (0.00ns)   --->   "%H_V_0_0_5 = alloca i32 1"   --->   Operation 74 'alloca' 'H_V_0_0_5' <Predicate = (icmp_ln62)> <Delay = 0.00>
ST_4 : Operation 75 [1/1] (0.00ns)   --->   "%H_V_0_1_3 = alloca i32 1"   --->   Operation 75 'alloca' 'H_V_0_1_3' <Predicate = (icmp_ln62)> <Delay = 0.00>
ST_4 : Operation 76 [1/1] (0.00ns)   --->   "%H_V_1_0_3 = alloca i32 1"   --->   Operation 76 'alloca' 'H_V_1_0_3' <Predicate = (icmp_ln62)> <Delay = 0.00>
ST_4 : Operation 77 [1/1] (0.00ns)   --->   "%H_V_1_1_5 = alloca i32 1"   --->   Operation 77 'alloca' 'H_V_1_1_5' <Predicate = (icmp_ln62)> <Delay = 0.00>
ST_4 : Operation 78 [1/1] (0.00ns)   --->   "%B_V_1_1_1 = alloca i32 1"   --->   Operation 78 'alloca' 'B_V_1_1_1' <Predicate = (icmp_ln62)> <Delay = 0.00>
ST_4 : Operation 79 [1/1] (0.00ns)   --->   "%B_V_1_1_9 = alloca i32 1"   --->   Operation 79 'alloca' 'B_V_1_1_9' <Predicate = (icmp_ln62)> <Delay = 0.00>
ST_4 : Operation 80 [1/1] (0.00ns)   --->   "%B_V_1_1_10 = alloca i32 1"   --->   Operation 80 'alloca' 'B_V_1_1_10' <Predicate = (icmp_ln62)> <Delay = 0.00>
ST_4 : Operation 81 [1/1] (0.00ns)   --->   "%B_V_1_1_11 = alloca i32 1"   --->   Operation 81 'alloca' 'B_V_1_1_11' <Predicate = (icmp_ln62)> <Delay = 0.00>
ST_4 : Operation 82 [1/1] (1.58ns)   --->   "%store_ln34 = store i18 %H_1_1_V_15_load, i18 %H_V_1_1_5" [MPCwithMADS_fxd/generatePollDirections.cpp:34]   --->   Operation 82 'store' 'store_ln34' <Predicate = (icmp_ln62)> <Delay = 1.58>
ST_4 : Operation 83 [1/1] (1.58ns)   --->   "%store_ln34 = store i18 %H_1_1_V_14_load, i18 %H_V_1_0_3" [MPCwithMADS_fxd/generatePollDirections.cpp:34]   --->   Operation 83 'store' 'store_ln34' <Predicate = (icmp_ln62)> <Delay = 1.58>
ST_4 : Operation 84 [1/1] (1.58ns)   --->   "%store_ln34 = store i18 %H_1_1_V_9_load, i18 %H_V_0_1_3" [MPCwithMADS_fxd/generatePollDirections.cpp:34]   --->   Operation 84 'store' 'store_ln34' <Predicate = (icmp_ln62)> <Delay = 1.58>
ST_4 : Operation 85 [1/1] (1.58ns)   --->   "%store_ln34 = store i18 %H_1_1_V_1_load, i18 %H_V_0_0_5" [MPCwithMADS_fxd/generatePollDirections.cpp:34]   --->   Operation 85 'store' 'store_ln34' <Predicate = (icmp_ln62)> <Delay = 1.58>
ST_4 : Operation 86 [1/1] (1.58ns)   --->   "%br_ln34 = br void %_Z25generateHouseholderMatrixP8ap_fixedILi18ELi3EL9ap_q_mode5EL9ap_o_mode3ELi0EEPA2_S2_.exit" [MPCwithMADS_fxd/generatePollDirections.cpp:34]   --->   Operation 86 'br' 'br_ln34' <Predicate = (icmp_ln62)> <Delay = 1.58>

State 5 <SV = 3> <Delay = 2.90>
ST_5 : Operation 87 [1/1] (0.00ns)   --->   "%j = phi i2 0, void %.split9, i2 %add_ln63, void %_ZN8ap_fixedILi18ELi3EL9ap_q_mode5EL9ap_o_mode3ELi0EEC2ILi68ELi38ELb1ELS0_5ELS1_3ELi0EEERK13ap_fixed_baseIXT_EXT0_EXT1_EXT2_EXT3_EXT4_EE.exit.i.split_ifconv" [MPCwithMADS_fxd/generatePollDirections.cpp:63]   --->   Operation 87 'phi' 'j' <Predicate = true> <Delay = 0.00>
ST_5 : Operation 88 [1/1] (1.56ns)   --->   "%add_ln63 = add i2 %j, i2 1" [MPCwithMADS_fxd/generatePollDirections.cpp:63]   --->   Operation 88 'add' 'add_ln63' <Predicate = true> <Delay = 1.56> <CoreInst = "Adder">   --->   Core 1 'Adder' <Latency = 0> <II = 1> <Delay = 1.54> <FuncUnit> <Opcode : 'add' 'sub'> <InPorts = 2> <OutPorts = 1>
ST_5 : Operation 89 [1/1] (0.95ns)   --->   "%icmp_ln63 = icmp_eq  i2 %j, i2 2" [MPCwithMADS_fxd/generatePollDirections.cpp:63]   --->   Operation 89 'icmp' 'icmp_ln63' <Predicate = true> <Delay = 0.95> <CoreInst = "Cmp">   --->   Core 9 'Cmp' <Latency = 0> <II = 1> <Delay = 0.95> <FuncUnit> <Opcode : 'icmp'> <InPorts = 2> <OutPorts = 1>
ST_5 : Operation 90 [1/1] (0.00ns)   --->   "%empty_60 = speclooptripcount i32 @_ssdm_op_SpecLoopTripCount, i64 2, i64 2, i64 2"   --->   Operation 90 'speclooptripcount' 'empty_60' <Predicate = true> <Delay = 0.00>
ST_5 : Operation 91 [1/1] (0.00ns)   --->   "%br_ln63 = br i1 %icmp_ln63, void %_ZN8ap_fixedILi18ELi3EL9ap_q_mode5EL9ap_o_mode3ELi0EEC2ILi68ELi38ELb1ELS0_5ELS1_3ELi0EEERK13ap_fixed_baseIXT_EXT0_EXT1_EXT2_EXT3_EXT4_EE.exit.i.split_ifconv, void" [MPCwithMADS_fxd/generatePollDirections.cpp:63]   --->   Operation 91 'br' 'br_ln63' <Predicate = true> <Delay = 0.00>
ST_5 : Operation 92 [1/1] (0.00ns)   --->   "%trunc_ln1118 = trunc i2 %j"   --->   Operation 92 'trunc' 'trunc_ln1118' <Predicate = (!icmp_ln63)> <Delay = 0.00>
ST_5 : Operation 93 [1/1] (0.75ns)   --->   "%select_ln1118 = select i1 %trunc_ln1118, i18 %p_read17, i18 %p_read_9"   --->   Operation 93 'select' 'select_ln1118' <Predicate = (!icmp_ln63)> <Delay = 0.75> <CoreInst = "Sel">   --->   Core 73 'Sel' <Latency = 0> <II = 1> <Delay = 0.69> <FuncUnit> <Opcode : 'select'> <InPorts = 3> <OutPorts = 1>
ST_5 : Operation 94 [1/1] (0.00ns)   --->   "%sext_ln1115_1 = sext i18 %select_ln1118"   --->   Operation 94 'sext' 'sext_ln1115_1' <Predicate = (!icmp_ln63)> <Delay = 0.00>
ST_5 : Operation 95 [4/4] (2.15ns) (root node of the DSP)   --->   "%mul_ln1115 = mul i33 %sext_ln1115, i33 %sext_ln1115_1"   --->   Operation 95 'mul' 'mul_ln1115' <Predicate = (!icmp_ln63)> <Delay = 2.15> <CoreInst = "DSP48">   --->   Core 119 'DSP48' <Latency = 3> <II = 1> <Delay = 2.15> <IPBlock> <Opcode : 'mul' 'add' 'sub' 'select'> <InPorts = 0> <OutPorts = 1> <Sync> <CReg>
ST_5 : Operation 96 [1/1] (0.95ns)   --->   "%icmp_ln65 = icmp_eq  i2 %i_3, i2 %j" [MPCwithMADS_fxd/generatePollDirections.cpp:65]   --->   Operation 96 'icmp' 'icmp_ln65' <Predicate = (!icmp_ln63)> <Delay = 0.95> <CoreInst = "Cmp">   --->   Core 9 'Cmp' <Latency = 0> <II = 1> <Delay = 0.95> <FuncUnit> <Opcode : 'icmp'> <InPorts = 2> <OutPorts = 1>
ST_5 : Operation 97 [1/1] (0.00ns)   --->   "%br_ln0 = br void %.preheader9"   --->   Operation 97 'br' 'br_ln0' <Predicate = (icmp_ln63)> <Delay = 0.00>

State 6 <SV = 4> <Delay = 2.15>
ST_6 : Operation 98 [3/4] (2.15ns) (root node of the DSP)   --->   "%mul_ln1115 = mul i33 %sext_ln1115, i33 %sext_ln1115_1"   --->   Operation 98 'mul' 'mul_ln1115' <Predicate = true> <Delay = 2.15> <CoreInst = "DSP48">   --->   Core 119 'DSP48' <Latency = 3> <II = 1> <Delay = 2.15> <IPBlock> <Opcode : 'mul' 'add' 'sub' 'select'> <InPorts = 0> <OutPorts = 1> <Sync> <CReg>

State 7 <SV = 5> <Delay = 2.15>
ST_7 : Operation 99 [2/4] (2.15ns) (root node of the DSP)   --->   "%mul_ln1115 = mul i33 %sext_ln1115, i33 %sext_ln1115_1"   --->   Operation 99 'mul' 'mul_ln1115' <Predicate = true> <Delay = 2.15> <CoreInst = "DSP48">   --->   Core 119 'DSP48' <Latency = 3> <II = 1> <Delay = 2.15> <IPBlock> <Opcode : 'mul' 'add' 'sub' 'select'> <InPorts = 0> <OutPorts = 1> <Sync> <CReg>

State 8 <SV = 6> <Delay = 3.64>
ST_8 : Operation 100 [1/1] (0.00ns)   --->   "%H_1_1_V_1_load_1 = load i18 %H_1_1_V_1"   --->   Operation 100 'load' 'H_1_1_V_1_load_1' <Predicate = true> <Delay = 0.00>
ST_8 : Operation 101 [1/1] (0.00ns)   --->   "%H_1_1_V_9_load_1 = load i18 %H_1_1_V_9"   --->   Operation 101 'load' 'H_1_1_V_9_load_1' <Predicate = true> <Delay = 0.00>
ST_8 : Operation 102 [1/1] (0.00ns)   --->   "%H_1_1_V_14_load_1 = load i18 %H_1_1_V_14"   --->   Operation 102 'load' 'H_1_1_V_14_load_1' <Predicate = true> <Delay = 0.00>
ST_8 : Operation 103 [1/1] (0.00ns)   --->   "%H_1_1_V_15_load_1 = load i18 %H_1_1_V_15"   --->   Operation 103 'load' 'H_1_1_V_15_load_1' <Predicate = true> <Delay = 0.00>
ST_8 : Operation 104 [1/4] (0.00ns) (root node of the DSP)   --->   "%mul_ln1115 = mul i33 %sext_ln1115, i33 %sext_ln1115_1"   --->   Operation 104 'mul' 'mul_ln1115' <Predicate = true> <Delay = 0.00> <CoreInst = "DSP48">   --->   Core 119 'DSP48' <Latency = 3> <II = 1> <Delay = 2.15> <IPBlock> <Opcode : 'mul' 'add' 'sub' 'select'> <InPorts = 0> <OutPorts = 1> <Sync> <CReg>
ST_8 : Operation 105 [1/1] (0.00ns)   --->   "%H_1_0_V = partselect i18 @_ssdm_op_PartSelect.i18.i33.i32.i32, i33 %mul_ln1115, i32 15, i32 32"   --->   Operation 105 'partselect' 'H_1_0_V' <Predicate = true> <Delay = 0.00>
ST_8 : Operation 106 [1/1] (0.75ns)   --->   "%H_1_1_V_17 = select i1 %trunc_ln1118, i18 %H_1_0_V, i18 %H_1_1_V_15_load_1" [MPCwithMADS_fxd/generatePollDirections.cpp:64]   --->   Operation 106 'select' 'H_1_1_V_17' <Predicate = true> <Delay = 0.75> <CoreInst = "Sel">   --->   Core 73 'Sel' <Latency = 0> <II = 1> <Delay = 0.69> <FuncUnit> <Opcode : 'select'> <InPorts = 3> <OutPorts = 1>
ST_8 : Operation 107 [1/1] (0.00ns) (grouped into LUT with out node H_1_1_V_6)   --->   "%H_1_1_V_18 = select i1 %trunc_ln1118, i18 %H_1_1_V_14_load_1, i18 %H_1_0_V" [MPCwithMADS_fxd/generatePollDirections.cpp:64]   --->   Operation 107 'select' 'H_1_1_V_18' <Predicate = (empty_58)> <Delay = 0.00> <CoreInst = "Sel">   --->   Core 73 'Sel' <Latency = 0> <II = 1> <Delay = 0.69> <FuncUnit> <Opcode : 'select'> <InPorts = 3> <OutPorts = 1>
ST_8 : Operation 108 [1/1] (0.00ns) (grouped into LUT with out node H_1_1_V_7)   --->   "%H_1_1_V = select i1 %trunc_ln1118, i18 %H_1_0_V, i18 %H_1_1_V_9_load_1" [MPCwithMADS_fxd/generatePollDirections.cpp:64]   --->   Operation 108 'select' 'H_1_1_V' <Predicate = (!empty_58)> <Delay = 0.00> <CoreInst = "Sel">   --->   Core 73 'Sel' <Latency = 0> <II = 1> <Delay = 0.69> <FuncUnit> <Opcode : 'select'> <InPorts = 3> <OutPorts = 1>
ST_8 : Operation 109 [1/1] (0.75ns)   --->   "%H_1_1_V_19 = select i1 %trunc_ln1118, i18 %H_1_1_V_1_load_1, i18 %H_1_0_V" [MPCwithMADS_fxd/generatePollDirections.cpp:64]   --->   Operation 109 'select' 'H_1_1_V_19' <Predicate = true> <Delay = 0.75> <CoreInst = "Sel">   --->   Core 73 'Sel' <Latency = 0> <II = 1> <Delay = 0.69> <FuncUnit> <Opcode : 'select'> <InPorts = 3> <OutPorts = 1>
ST_8 : Operation 110 [1/1] (0.75ns) (out node of the LUT)   --->   "%H_1_1_V_5 = select i1 %empty_58, i18 %H_1_1_V_17, i18 %H_1_1_V_15_load_1" [MPCwithMADS_fxd/generatePollDirections.cpp:62]   --->   Operation 110 'select' 'H_1_1_V_5' <Predicate = (!icmp_ln65)> <Delay = 0.75> <CoreInst = "Sel">   --->   Core 73 'Sel' <Latency = 0> <II = 1> <Delay = 0.69> <FuncUnit> <Opcode : 'select'> <InPorts = 3> <OutPorts = 1>
ST_8 : Operation 111 [1/1] (0.75ns) (out node of the LUT)   --->   "%H_1_1_V_6 = select i1 %empty_58, i18 %H_1_1_V_18, i18 %H_1_1_V_14_load_1" [MPCwithMADS_fxd/generatePollDirections.cpp:62]   --->   Operation 111 'select' 'H_1_1_V_6' <Predicate = true> <Delay = 0.75> <CoreInst = "Sel">   --->   Core 73 'Sel' <Latency = 0> <II = 1> <Delay = 0.69> <FuncUnit> <Opcode : 'select'> <InPorts = 3> <OutPorts = 1>
ST_8 : Operation 112 [1/1] (0.75ns) (out node of the LUT)   --->   "%H_1_1_V_7 = select i1 %empty_58, i18 %H_1_1_V_9_load_1, i18 %H_1_1_V" [MPCwithMADS_fxd/generatePollDirections.cpp:62]   --->   Operation 112 'select' 'H_1_1_V_7' <Predicate = true> <Delay = 0.75> <CoreInst = "Sel">   --->   Core 73 'Sel' <Latency = 0> <II = 1> <Delay = 0.69> <FuncUnit> <Opcode : 'select'> <InPorts = 3> <OutPorts = 1>
ST_8 : Operation 113 [1/1] (0.75ns) (out node of the LUT)   --->   "%H_1_1_V_8 = select i1 %empty_58, i18 %H_1_1_V_1_load_1, i18 %H_1_1_V_19" [MPCwithMADS_fxd/generatePollDirections.cpp:62]   --->   Operation 113 'select' 'H_1_1_V_8' <Predicate = (!icmp_ln65)> <Delay = 0.75> <CoreInst = "Sel">   --->   Core 73 'Sel' <Latency = 0> <II = 1> <Delay = 0.69> <FuncUnit> <Opcode : 'select'> <InPorts = 3> <OutPorts = 1>
ST_8 : Operation 114 [1/1] (0.00ns) (grouped into LUT with out node H_0_0_V)   --->   "%select_ln703 = select i1 %empty_58, i18 %H_1_1_V_17, i18 %H_1_1_V_19"   --->   Operation 114 'select' 'select_ln703' <Predicate = true> <Delay = 0.00> <CoreInst = "Sel">   --->   Core 73 'Sel' <Latency = 0> <II = 1> <Delay = 0.69> <FuncUnit> <Opcode : 'select'> <InPorts = 3> <OutPorts = 1>
ST_8 : Operation 115 [1/1] (2.13ns) (out node of the LUT)   --->   "%H_0_0_V = add i18 %select_ln703, i18 32768"   --->   Operation 115 'add' 'H_0_0_V' <Predicate = true> <Delay = 2.13> <CoreInst = "Adder">   --->   Core 1 'Adder' <Latency = 0> <II = 1> <Delay = 1.54> <FuncUnit> <Opcode : 'add' 'sub'> <InPorts = 2> <OutPorts = 1>
ST_8 : Operation 116 [1/1] (0.00ns) (grouped into LUT with out node H_1_1_V_23)   --->   "%H_1_1_V_21 = select i1 %empty_58, i18 %H_0_0_V, i18 %H_1_1_V_15_load_1"   --->   Operation 116 'select' 'H_1_1_V_21' <Predicate = (icmp_ln65)> <Delay = 0.00> <CoreInst = "Sel">   --->   Core 73 'Sel' <Latency = 0> <II = 1> <Delay = 0.69> <FuncUnit> <Opcode : 'select'> <InPorts = 3> <OutPorts = 1>
ST_8 : Operation 117 [1/1] (0.00ns) (grouped into LUT with out node H_1_1_V_24)   --->   "%H_1_1_V_22 = select i1 %empty_58, i18 %H_1_1_V_1_load_1, i18 %H_0_0_V"   --->   Operation 117 'select' 'H_1_1_V_22' <Predicate = (icmp_ln65)> <Delay = 0.00> <CoreInst = "Sel">   --->   Core 73 'Sel' <Latency = 0> <II = 1> <Delay = 0.69> <FuncUnit> <Opcode : 'select'> <InPorts = 3> <OutPorts = 1>
ST_8 : Operation 118 [1/1] (0.75ns) (out node of the LUT)   --->   "%H_1_1_V_23 = select i1 %icmp_ln65, i18 %H_1_1_V_21, i18 %H_1_1_V_5" [MPCwithMADS_fxd/generatePollDirections.cpp:65]   --->   Operation 118 'select' 'H_1_1_V_23' <Predicate = true> <Delay = 0.75> <CoreInst = "Sel">   --->   Core 73 'Sel' <Latency = 0> <II = 1> <Delay = 0.69> <FuncUnit> <Opcode : 'select'> <InPorts = 3> <OutPorts = 1>
ST_8 : Operation 119 [1/1] (0.75ns) (out node of the LUT)   --->   "%H_1_1_V_24 = select i1 %icmp_ln65, i18 %H_1_1_V_22, i18 %H_1_1_V_8" [MPCwithMADS_fxd/generatePollDirections.cpp:65]   --->   Operation 119 'select' 'H_1_1_V_24' <Predicate = true> <Delay = 0.75> <CoreInst = "Sel">   --->   Core 73 'Sel' <Latency = 0> <II = 1> <Delay = 0.69> <FuncUnit> <Opcode : 'select'> <InPorts = 3> <OutPorts = 1>
ST_8 : Operation 120 [1/1] (0.00ns)   --->   "%store_ln65 = store i18 %H_1_1_V_23, i18 %H_1_1_V_15" [MPCwithMADS_fxd/generatePollDirections.cpp:65]   --->   Operation 120 'store' 'store_ln65' <Predicate = true> <Delay = 0.00>
ST_8 : Operation 121 [1/1] (0.00ns)   --->   "%store_ln62 = store i18 %H_1_1_V_6, i18 %H_1_1_V_14" [MPCwithMADS_fxd/generatePollDirections.cpp:62]   --->   Operation 121 'store' 'store_ln62' <Predicate = true> <Delay = 0.00>
ST_8 : Operation 122 [1/1] (0.00ns)   --->   "%store_ln62 = store i18 %H_1_1_V_7, i18 %H_1_1_V_9" [MPCwithMADS_fxd/generatePollDirections.cpp:62]   --->   Operation 122 'store' 'store_ln62' <Predicate = true> <Delay = 0.00>

State 9 <SV = 7> <Delay = 1.58>
ST_9 : Operation 123 [1/1] (0.00ns)   --->   "%specloopname_ln63 = specloopname void @_ssdm_op_SpecLoopName, void @empty_10" [MPCwithMADS_fxd/generatePollDirections.cpp:63]   --->   Operation 123 'specloopname' 'specloopname_ln63' <Predicate = true> <Delay = 0.00>
ST_9 : Operation 124 [1/1] (1.58ns)   --->   "%store_ln65 = store i18 %H_1_1_V_24, i18 %H_1_1_V_1" [MPCwithMADS_fxd/generatePollDirections.cpp:65]   --->   Operation 124 'store' 'store_ln65' <Predicate = true> <Delay = 1.58>
ST_9 : Operation 125 [1/1] (0.00ns)   --->   "%br_ln0 = br void %_ZN8ap_fixedILi18ELi3EL9ap_q_mode5EL9ap_o_mode3ELi0EEC2ILi68ELi38ELb1ELS0_5ELS1_3ELi0EEERK13ap_fixed_baseIXT_EXT0_EXT1_EXT2_EXT3_EXT4_EE.exit.i"   --->   Operation 125 'br' 'br_ln0' <Predicate = true> <Delay = 0.00>

State 10 <SV = 3> <Delay = 1.58>
ST_10 : Operation 126 [1/1] (0.00ns)   --->   "%i_4 = phi i2 %add_ln34, void, i2 0, void %_Z25generateHouseholderMatrixP8ap_fixedILi18ELi3EL9ap_q_mode5EL9ap_o_mode3ELi0EEPA2_S2_.exit.preheader" [MPCwithMADS_fxd/generatePollDirections.cpp:34]   --->   Operation 126 'phi' 'i_4' <Predicate = true> <Delay = 0.00>
ST_10 : Operation 127 [1/1] (1.56ns)   --->   "%add_ln34 = add i2 %i_4, i2 1" [MPCwithMADS_fxd/generatePollDirections.cpp:34]   --->   Operation 127 'add' 'add_ln34' <Predicate = true> <Delay = 1.56> <CoreInst = "Adder">   --->   Core 1 'Adder' <Latency = 0> <II = 1> <Delay = 1.54> <FuncUnit> <Opcode : 'add' 'sub'> <InPorts = 2> <OutPorts = 1>
ST_10 : Operation 128 [1/1] (0.95ns)   --->   "%icmp_ln34 = icmp_eq  i2 %i_4, i2 2" [MPCwithMADS_fxd/generatePollDirections.cpp:34]   --->   Operation 128 'icmp' 'icmp_ln34' <Predicate = true> <Delay = 0.95> <CoreInst = "Cmp">   --->   Core 9 'Cmp' <Latency = 0> <II = 1> <Delay = 0.95> <FuncUnit> <Opcode : 'icmp'> <InPorts = 2> <OutPorts = 1>
ST_10 : Operation 129 [1/1] (0.00ns)   --->   "%empty_61 = speclooptripcount i32 @_ssdm_op_SpecLoopTripCount, i64 2, i64 2, i64 2"   --->   Operation 129 'speclooptripcount' 'empty_61' <Predicate = true> <Delay = 0.00>
ST_10 : Operation 130 [1/1] (0.00ns)   --->   "%br_ln34 = br i1 %icmp_ln34, void %.split6, void %.preheader.preheader" [MPCwithMADS_fxd/generatePollDirections.cpp:34]   --->   Operation 130 'br' 'br_ln34' <Predicate = true> <Delay = 0.00>
ST_10 : Operation 131 [1/1] (0.00ns)   --->   "%specloopname_ln34 = specloopname void @_ssdm_op_SpecLoopName, void @empty_2" [MPCwithMADS_fxd/generatePollDirections.cpp:34]   --->   Operation 131 'specloopname' 'specloopname_ln34' <Predicate = (!icmp_ln34)> <Delay = 0.00>
ST_10 : Operation 132 [1/1] (0.00ns)   --->   "%empty_62 = trunc i2 %i_4" [MPCwithMADS_fxd/generatePollDirections.cpp:34]   --->   Operation 132 'trunc' 'empty_62' <Predicate = (!icmp_ln34)> <Delay = 0.00>
ST_10 : Operation 133 [1/1] (1.12ns)   --->   "%r_V_9 = select i1 %empty_62, i36 %mesh_V_1_011, i36 %mesh_V_0_010" [MPCwithMADS_fxd/generatePollDirections.cpp:34]   --->   Operation 133 'select' 'r_V_9' <Predicate = (!icmp_ln34)> <Delay = 1.12> <CoreInst = "Sel">   --->   Core 73 'Sel' <Latency = 0> <II = 1> <Delay = 0.69> <FuncUnit> <Opcode : 'select'> <InPorts = 3> <OutPorts = 1>
ST_10 : Operation 134 [1/1] (0.00ns)   --->   "%zext_ln35 = zext i36 %r_V_9" [MPCwithMADS_fxd/generatePollDirections.cpp:35]   --->   Operation 134 'zext' 'zext_ln35' <Predicate = (!icmp_ln34)> <Delay = 0.00>
ST_10 : Operation 135 [1/1] (0.97ns)   --->   "%sel_tmp30 = xor i1 %empty_62, i1 1" [MPCwithMADS_fxd/generatePollDirections.cpp:34]   --->   Operation 135 'xor' 'sel_tmp30' <Predicate = (!icmp_ln34)> <Delay = 0.97> <CoreInst = "LogicGate">   --->   Core 74 'LogicGate' <Latency = 0> <II = 1> <Delay = 0.97> <FuncUnit> <Opcode : 'and' 'or' 'xor'> <InPorts = 2> <OutPorts = 1>
ST_10 : Operation 136 [1/1] (1.58ns)   --->   "%br_ln35 = br void %_ZNK13ap_fixed_baseILi18ELi3ELb1EL9ap_q_mode5EL9ap_o_mode3ELi0EEgtILi1ELi0ELb0ELS0_5ELS1_3ELi0EEEbRKS_IXT_EXT0_EXT1_EXT2_EXT3_EXT4_EE.exit" [MPCwithMADS_fxd/generatePollDirections.cpp:35]   --->   Operation 136 'br' 'br_ln35' <Predicate = (!icmp_ln34)> <Delay = 1.58>
ST_10 : Operation 137 [1/1] (1.58ns)   --->   "%br_ln45 = br void %.preheader" [MPCwithMADS_fxd/generatePollDirections.cpp:45]   --->   Operation 137 'br' 'br_ln45' <Predicate = (icmp_ln34)> <Delay = 1.58>

State 11 <SV = 4> <Delay = 7.19>
ST_11 : Operation 138 [1/1] (0.00ns)   --->   "%j_1 = phi i2 0, void %.split6, i2 %add_ln35, void %_ZNK13ap_fixed_baseILi18ELi3ELb1EL9ap_q_mode5EL9ap_o_mode3ELi0EEgtILi1ELi0ELb0ELS0_5ELS1_3ELi0EEEbRKS_IXT_EXT0_EXT1_EXT2_EXT3_EXT4_EE.exit.split_ifconv" [MPCwithMADS_fxd/generatePollDirections.cpp:35]   --->   Operation 138 'phi' 'j_1' <Predicate = true> <Delay = 0.00>
ST_11 : Operation 139 [1/1] (1.56ns)   --->   "%add_ln35 = add i2 %j_1, i2 1" [MPCwithMADS_fxd/generatePollDirections.cpp:35]   --->   Operation 139 'add' 'add_ln35' <Predicate = true> <Delay = 1.56> <CoreInst = "Adder">   --->   Core 1 'Adder' <Latency = 0> <II = 1> <Delay = 1.54> <FuncUnit> <Opcode : 'add' 'sub'> <InPorts = 2> <OutPorts = 1>
ST_11 : Operation 140 [1/1] (0.95ns)   --->   "%icmp_ln35 = icmp_eq  i2 %j_1, i2 2" [MPCwithMADS_fxd/generatePollDirections.cpp:35]   --->   Operation 140 'icmp' 'icmp_ln35' <Predicate = true> <Delay = 0.95> <CoreInst = "Cmp">   --->   Core 9 'Cmp' <Latency = 0> <II = 1> <Delay = 0.95> <FuncUnit> <Opcode : 'icmp'> <InPorts = 2> <OutPorts = 1>
ST_11 : Operation 141 [1/1] (0.00ns)   --->   "%empty_63 = speclooptripcount i32 @_ssdm_op_SpecLoopTripCount, i64 2, i64 2, i64 2"   --->   Operation 141 'speclooptripcount' 'empty_63' <Predicate = true> <Delay = 0.00>
ST_11 : Operation 142 [1/1] (0.00ns)   --->   "%br_ln35 = br i1 %icmp_ln35, void %_ZNK13ap_fixed_baseILi18ELi3ELb1EL9ap_q_mode5EL9ap_o_mode3ELi0EEgtILi1ELi0ELb0ELS0_5ELS1_3ELi0EEEbRKS_IXT_EXT0_EXT1_EXT2_EXT3_EXT4_EE.exit.split_ifconv, void" [MPCwithMADS_fxd/generatePollDirections.cpp:35]   --->   Operation 142 'br' 'br_ln35' <Predicate = true> <Delay = 0.00>
ST_11 : Operation 143 [1/1] (0.00ns)   --->   "%H_V_0_0_5_load = load i18 %H_V_0_0_5"   --->   Operation 143 'load' 'H_V_0_0_5_load' <Predicate = (!icmp_ln35)> <Delay = 0.00>
ST_11 : Operation 144 [1/1] (0.00ns)   --->   "%H_V_0_1_3_load = load i18 %H_V_0_1_3"   --->   Operation 144 'load' 'H_V_0_1_3_load' <Predicate = (!icmp_ln35)> <Delay = 0.00>
ST_11 : Operation 145 [1/1] (0.00ns)   --->   "%H_V_1_0_3_load = load i18 %H_V_1_0_3"   --->   Operation 145 'load' 'H_V_1_0_3_load' <Predicate = (!icmp_ln35)> <Delay = 0.00>
ST_11 : Operation 146 [1/1] (0.00ns)   --->   "%H_V_1_1_5_load = load i18 %H_V_1_1_5"   --->   Operation 146 'load' 'H_V_1_1_5_load' <Predicate = (!icmp_ln35)> <Delay = 0.00>
ST_11 : Operation 147 [1/1] (0.00ns)   --->   "%trunc_ln1494 = trunc i2 %j_1"   --->   Operation 147 'trunc' 'trunc_ln1494' <Predicate = (!icmp_ln35)> <Delay = 0.00>
ST_11 : Operation 148 [1/1] (0.00ns) (grouped into LUT with out node phi_ln1494)   --->   "%select_ln1494_1 = select i1 %trunc_ln1494, i18 %H_V_1_1_5_load, i18 %H_V_1_0_3_load"   --->   Operation 148 'select' 'select_ln1494_1' <Predicate = (!icmp_ln35 & empty_62)> <Delay = 0.00> <CoreInst = "Sel">   --->   Core 73 'Sel' <Latency = 0> <II = 1> <Delay = 0.69> <FuncUnit> <Opcode : 'select'> <InPorts = 3> <OutPorts = 1>
ST_11 : Operation 149 [1/1] (0.75ns) (out node of the LUT)   --->   "%select_ln1494 = select i1 %trunc_ln1494, i18 %H_V_0_1_3_load, i18 %H_V_0_0_5_load"   --->   Operation 149 'select' 'select_ln1494' <Predicate = (!icmp_ln35 & !empty_62)> <Delay = 0.75> <CoreInst = "Sel">   --->   Core 73 'Sel' <Latency = 0> <II = 1> <Delay = 0.69> <FuncUnit> <Opcode : 'select'> <InPorts = 3> <OutPorts = 1>
ST_11 : Operation 150 [1/1] (0.75ns) (out node of the LUT)   --->   "%phi_ln1494 = select i1 %empty_62, i18 %select_ln1494_1, i18 %select_ln1494" [MPCwithMADS_fxd/generatePollDirections.cpp:34]   --->   Operation 150 'select' 'phi_ln1494' <Predicate = (!icmp_ln35)> <Delay = 0.75> <CoreInst = "Sel">   --->   Core 73 'Sel' <Latency = 0> <II = 1> <Delay = 0.69> <FuncUnit> <Opcode : 'select'> <InPorts = 3> <OutPorts = 1>
ST_11 : Operation 151 [1/1] (0.00ns) (grouped into LUT with out node empty_65)   --->   "%trunc_ln1494_1 = trunc i18 %phi_ln1494"   --->   Operation 151 'trunc' 'trunc_ln1494_1' <Predicate = (!icmp_ln35)> <Delay = 0.00>
ST_11 : Operation 152 [1/1] (2.43ns)   --->   "%icmp_ln1494 = icmp_sgt  i18 %phi_ln1494, i18 16384"   --->   Operation 152 'icmp' 'icmp_ln1494' <Predicate = (!icmp_ln35)> <Delay = 2.43> <CoreInst = "Cmp">   --->   Core 9 'Cmp' <Latency = 0> <II = 1> <Delay = 0.95> <FuncUnit> <Opcode : 'icmp'> <InPorts = 2> <OutPorts = 1>
ST_11 : Operation 153 [1/1] (2.43ns)   --->   "%icmp_ln1495 = icmp_slt  i18 %phi_ln1494, i18 245760"   --->   Operation 153 'icmp' 'icmp_ln1495' <Predicate = (!icmp_ln35)> <Delay = 2.43> <CoreInst = "Cmp">   --->   Core 9 'Cmp' <Latency = 0> <II = 1> <Delay = 0.95> <FuncUnit> <Opcode : 'icmp'> <InPorts = 2> <OutPorts = 1>
ST_11 : Operation 154 [1/1] (0.00ns) (grouped into LUT with out node sel_tmp8)   --->   "%select_ln37_2 = select i1 %trunc_ln1494, i18 16384, i18 %H_V_1_1_5_load" [MPCwithMADS_fxd/generatePollDirections.cpp:37]   --->   Operation 154 'select' 'select_ln37_2' <Predicate = (!icmp_ln35)> <Delay = 0.00> <CoreInst = "Sel">   --->   Core 73 'Sel' <Latency = 0> <II = 1> <Delay = 0.69> <FuncUnit> <Opcode : 'select'> <InPorts = 3> <OutPorts = 1>
ST_11 : Operation 155 [1/1] (0.00ns) (grouped into LUT with out node sel_tmp21)   --->   "%select_ln37_3 = select i1 %trunc_ln1494, i18 %H_V_1_0_3_load, i18 16384" [MPCwithMADS_fxd/generatePollDirections.cpp:37]   --->   Operation 155 'select' 'select_ln37_3' <Predicate = (!icmp_ln35)> <Delay = 0.00> <CoreInst = "Sel">   --->   Core 73 'Sel' <Latency = 0> <II = 1> <Delay = 0.69> <FuncUnit> <Opcode : 'select'> <InPorts = 3> <OutPorts = 1>
ST_11 : Operation 156 [1/1] (0.00ns) (grouped into LUT with out node sel_tmp34)   --->   "%select_ln37 = select i1 %trunc_ln1494, i18 16384, i18 %H_V_0_1_3_load" [MPCwithMADS_fxd/generatePollDirections.cpp:37]   --->   Operation 156 'select' 'select_ln37' <Predicate = (!icmp_ln35)> <Delay = 0.00> <CoreInst = "Sel">   --->   Core 73 'Sel' <Latency = 0> <II = 1> <Delay = 0.69> <FuncUnit> <Opcode : 'select'> <InPorts = 3> <OutPorts = 1>
ST_11 : Operation 157 [1/1] (0.00ns) (grouped into LUT with out node sel_tmp47)   --->   "%select_ln37_1 = select i1 %trunc_ln1494, i18 %H_V_0_0_5_load, i18 16384" [MPCwithMADS_fxd/generatePollDirections.cpp:37]   --->   Operation 157 'select' 'select_ln37_1' <Predicate = (!icmp_ln35)> <Delay = 0.00> <CoreInst = "Sel">   --->   Core 73 'Sel' <Latency = 0> <II = 1> <Delay = 0.69> <FuncUnit> <Opcode : 'select'> <InPorts = 3> <OutPorts = 1>
ST_11 : Operation 158 [1/1] (0.00ns) (grouped into LUT with out node H_V_1_1_9)   --->   "%select_ln39_2 = select i1 %trunc_ln1494, i18 245760, i18 %H_V_1_1_5_load" [MPCwithMADS_fxd/generatePollDirections.cpp:39]   --->   Operation 158 'select' 'select_ln39_2' <Predicate = (!icmp_ln35)> <Delay = 0.00> <CoreInst = "Sel">   --->   Core 73 'Sel' <Latency = 0> <II = 1> <Delay = 0.69> <FuncUnit> <Opcode : 'select'> <InPorts = 3> <OutPorts = 1>
ST_11 : Operation 159 [1/1] (0.00ns) (grouped into LUT with out node H_V_1_0_7)   --->   "%select_ln39_3 = select i1 %trunc_ln1494, i18 %H_V_1_0_3_load, i18 245760" [MPCwithMADS_fxd/generatePollDirections.cpp:39]   --->   Operation 159 'select' 'select_ln39_3' <Predicate = (!icmp_ln35)> <Delay = 0.00> <CoreInst = "Sel">   --->   Core 73 'Sel' <Latency = 0> <II = 1> <Delay = 0.69> <FuncUnit> <Opcode : 'select'> <InPorts = 3> <OutPorts = 1>
ST_11 : Operation 160 [1/1] (0.00ns) (grouped into LUT with out node select_ln1495)   --->   "%select_ln39 = select i1 %trunc_ln1494, i18 245760, i18 %H_V_0_1_3_load" [MPCwithMADS_fxd/generatePollDirections.cpp:39]   --->   Operation 160 'select' 'select_ln39' <Predicate = (!icmp_ln35)> <Delay = 0.00> <CoreInst = "Sel">   --->   Core 73 'Sel' <Latency = 0> <II = 1> <Delay = 0.69> <FuncUnit> <Opcode : 'select'> <InPorts = 3> <OutPorts = 1>
ST_11 : Operation 161 [1/1] (0.00ns) (grouped into LUT with out node select_ln1495_1)   --->   "%select_ln39_1 = select i1 %trunc_ln1494, i18 %H_V_0_0_5_load, i18 245760" [MPCwithMADS_fxd/generatePollDirections.cpp:39]   --->   Operation 161 'select' 'select_ln39_1' <Predicate = (!icmp_ln35)> <Delay = 0.00> <CoreInst = "Sel">   --->   Core 73 'Sel' <Latency = 0> <II = 1> <Delay = 0.69> <FuncUnit> <Opcode : 'select'> <InPorts = 3> <OutPorts = 1>
ST_11 : Operation 162 [1/1] (0.97ns)   --->   "%sel_tmp7 = and i1 %icmp_ln1494, i1 %empty_62"   --->   Operation 162 'and' 'sel_tmp7' <Predicate = (!icmp_ln35)> <Delay = 0.97> <CoreInst = "LogicGate">   --->   Core 74 'LogicGate' <Latency = 0> <II = 1> <Delay = 0.97> <FuncUnit> <Opcode : 'and' 'or' 'xor'> <InPorts = 2> <OutPorts = 1>
ST_11 : Operation 163 [1/1] (0.75ns) (out node of the LUT)   --->   "%sel_tmp8 = select i1 %sel_tmp7, i18 %select_ln37_2, i18 %H_V_1_1_5_load"   --->   Operation 163 'select' 'sel_tmp8' <Predicate = (!icmp_ln35)> <Delay = 0.75> <CoreInst = "Sel">   --->   Core 73 'Sel' <Latency = 0> <II = 1> <Delay = 0.69> <FuncUnit> <Opcode : 'select'> <InPorts = 3> <OutPorts = 1>
ST_11 : Operation 164 [1/1] (0.00ns) (grouped into LUT with out node sel_tmp11)   --->   "%xor_ln1494 = xor i1 %icmp_ln1494, i1 1"   --->   Operation 164 'xor' 'xor_ln1494' <Predicate = (!icmp_ln35)> <Delay = 0.00> <CoreInst = "LogicGate">   --->   Core 74 'LogicGate' <Latency = 0> <II = 1> <Delay = 0.97> <FuncUnit> <Opcode : 'and' 'or' 'xor'> <InPorts = 2> <OutPorts = 1>
ST_11 : Operation 165 [1/1] (0.00ns) (grouped into LUT with out node sel_tmp11)   --->   "%tmp = and i1 %empty_62, i1 %xor_ln1494" [MPCwithMADS_fxd/generatePollDirections.cpp:34]   --->   Operation 165 'and' 'tmp' <Predicate = (!icmp_ln35)> <Delay = 0.00> <CoreInst = "LogicGate">   --->   Core 74 'LogicGate' <Latency = 0> <II = 1> <Delay = 0.97> <FuncUnit> <Opcode : 'and' 'or' 'xor'> <InPorts = 2> <OutPorts = 1>
ST_11 : Operation 166 [1/1] (0.97ns) (out node of the LUT)   --->   "%sel_tmp11 = and i1 %tmp, i1 %icmp_ln1495" [MPCwithMADS_fxd/generatePollDirections.cpp:34]   --->   Operation 166 'and' 'sel_tmp11' <Predicate = (!icmp_ln35)> <Delay = 0.97> <CoreInst = "LogicGate">   --->   Core 74 'LogicGate' <Latency = 0> <II = 1> <Delay = 0.97> <FuncUnit> <Opcode : 'and' 'or' 'xor'> <InPorts = 2> <OutPorts = 1>
ST_11 : Operation 167 [1/1] (0.75ns) (out node of the LUT)   --->   "%H_V_1_1_9 = select i1 %sel_tmp11, i18 %select_ln39_2, i18 %sel_tmp8" [MPCwithMADS_fxd/generatePollDirections.cpp:34]   --->   Operation 167 'select' 'H_V_1_1_9' <Predicate = (!icmp_ln35)> <Delay = 0.75> <CoreInst = "Sel">   --->   Core 73 'Sel' <Latency = 0> <II = 1> <Delay = 0.69> <FuncUnit> <Opcode : 'select'> <InPorts = 3> <OutPorts = 1>
ST_11 : Operation 168 [1/1] (0.75ns) (out node of the LUT)   --->   "%sel_tmp21 = select i1 %sel_tmp7, i18 %select_ln37_3, i18 %H_V_1_0_3_load"   --->   Operation 168 'select' 'sel_tmp21' <Predicate = (!icmp_ln35)> <Delay = 0.75> <CoreInst = "Sel">   --->   Core 73 'Sel' <Latency = 0> <II = 1> <Delay = 0.69> <FuncUnit> <Opcode : 'select'> <InPorts = 3> <OutPorts = 1>
ST_11 : Operation 169 [1/1] (0.75ns) (out node of the LUT)   --->   "%H_V_1_0_7 = select i1 %sel_tmp11, i18 %select_ln39_3, i18 %sel_tmp21" [MPCwithMADS_fxd/generatePollDirections.cpp:34]   --->   Operation 169 'select' 'H_V_1_0_7' <Predicate = (!icmp_ln35)> <Delay = 0.75> <CoreInst = "Sel">   --->   Core 73 'Sel' <Latency = 0> <II = 1> <Delay = 0.69> <FuncUnit> <Opcode : 'select'> <InPorts = 3> <OutPorts = 1>
ST_11 : Operation 170 [1/1] (0.97ns)   --->   "%or_ln1495 = or i1 %icmp_ln1494, i1 %icmp_ln1495"   --->   Operation 170 'or' 'or_ln1495' <Predicate = (!icmp_ln35)> <Delay = 0.97> <CoreInst = "LogicGate">   --->   Core 74 'LogicGate' <Latency = 0> <II = 1> <Delay = 0.97> <FuncUnit> <Opcode : 'and' 'or' 'xor'> <InPorts = 2> <OutPorts = 1>
ST_11 : Operation 171 [1/1] (0.75ns) (out node of the LUT)   --->   "%select_ln1495 = select i1 %or_ln1495, i18 %select_ln39, i18 %H_V_0_1_3_load"   --->   Operation 171 'select' 'select_ln1495' <Predicate = (!icmp_ln35)> <Delay = 0.75> <CoreInst = "Sel">   --->   Core 73 'Sel' <Latency = 0> <II = 1> <Delay = 0.69> <FuncUnit> <Opcode : 'select'> <InPorts = 3> <OutPorts = 1>
ST_11 : Operation 172 [1/1] (0.97ns)   --->   "%sel_tmp31 = and i1 %icmp_ln1494, i1 %sel_tmp30"   --->   Operation 172 'and' 'sel_tmp31' <Predicate = (!icmp_ln35)> <Delay = 0.97> <CoreInst = "LogicGate">   --->   Core 74 'LogicGate' <Latency = 0> <II = 1> <Delay = 0.97> <FuncUnit> <Opcode : 'and' 'or' 'xor'> <InPorts = 2> <OutPorts = 1>
ST_11 : Operation 173 [1/1] (0.00ns) (grouped into LUT with out node sel_tmp34)   --->   "%sel_tmp32 = select i1 %sel_tmp31, i18 %select_ln37, i18 %select_ln1495"   --->   Operation 173 'select' 'sel_tmp32' <Predicate = (!icmp_ln35)> <Delay = 0.00> <CoreInst = "Sel">   --->   Core 73 'Sel' <Latency = 0> <II = 1> <Delay = 0.69> <FuncUnit> <Opcode : 'select'> <InPorts = 3> <OutPorts = 1>
ST_11 : Operation 174 [1/1] (0.75ns) (out node of the LUT)   --->   "%sel_tmp34 = select i1 %sel_tmp7, i18 %H_V_0_1_3_load, i18 %sel_tmp32"   --->   Operation 174 'select' 'sel_tmp34' <Predicate = (!icmp_ln35)> <Delay = 0.75> <CoreInst = "Sel">   --->   Core 73 'Sel' <Latency = 0> <II = 1> <Delay = 0.69> <FuncUnit> <Opcode : 'select'> <InPorts = 3> <OutPorts = 1>
ST_11 : Operation 175 [1/1] (0.75ns) (out node of the LUT)   --->   "%H_V_0_1_7 = select i1 %sel_tmp11, i18 %H_V_0_1_3_load, i18 %sel_tmp34" [MPCwithMADS_fxd/generatePollDirections.cpp:34]   --->   Operation 175 'select' 'H_V_0_1_7' <Predicate = (!icmp_ln35)> <Delay = 0.75> <CoreInst = "Sel">   --->   Core 73 'Sel' <Latency = 0> <II = 1> <Delay = 0.69> <FuncUnit> <Opcode : 'select'> <InPorts = 3> <OutPorts = 1>
ST_11 : Operation 176 [1/1] (0.75ns) (out node of the LUT)   --->   "%select_ln1495_1 = select i1 %or_ln1495, i18 %select_ln39_1, i18 %H_V_0_0_5_load"   --->   Operation 176 'select' 'select_ln1495_1' <Predicate = (!icmp_ln35)> <Delay = 0.75> <CoreInst = "Sel">   --->   Core 73 'Sel' <Latency = 0> <II = 1> <Delay = 0.69> <FuncUnit> <Opcode : 'select'> <InPorts = 3> <OutPorts = 1>
ST_11 : Operation 177 [1/1] (0.00ns) (grouped into LUT with out node sel_tmp47)   --->   "%sel_tmp45 = select i1 %sel_tmp31, i18 %select_ln37_1, i18 %select_ln1495_1"   --->   Operation 177 'select' 'sel_tmp45' <Predicate = (!icmp_ln35)> <Delay = 0.00> <CoreInst = "Sel">   --->   Core 73 'Sel' <Latency = 0> <II = 1> <Delay = 0.69> <FuncUnit> <Opcode : 'select'> <InPorts = 3> <OutPorts = 1>
ST_11 : Operation 178 [1/1] (0.75ns) (out node of the LUT)   --->   "%sel_tmp47 = select i1 %sel_tmp7, i18 %H_V_0_0_5_load, i18 %sel_tmp45"   --->   Operation 178 'select' 'sel_tmp47' <Predicate = (!icmp_ln35)> <Delay = 0.75> <CoreInst = "Sel">   --->   Core 73 'Sel' <Latency = 0> <II = 1> <Delay = 0.69> <FuncUnit> <Opcode : 'select'> <InPorts = 3> <OutPorts = 1>
ST_11 : Operation 179 [1/1] (0.75ns) (out node of the LUT)   --->   "%H_V_0_0_9 = select i1 %sel_tmp11, i18 %H_V_0_0_5_load, i18 %sel_tmp47" [MPCwithMADS_fxd/generatePollDirections.cpp:34]   --->   Operation 179 'select' 'H_V_0_0_9' <Predicate = (!icmp_ln35)> <Delay = 0.75> <CoreInst = "Sel">   --->   Core 73 'Sel' <Latency = 0> <II = 1> <Delay = 0.69> <FuncUnit> <Opcode : 'select'> <InPorts = 3> <OutPorts = 1>
ST_11 : Operation 180 [1/1] (0.00ns) (grouped into LUT with out node empty_65)   --->   "%sel_tmp55 = select i1 %sel_tmp31, i16 16384, i16 49152"   --->   Operation 180 'select' 'sel_tmp55' <Predicate = (!icmp_ln35)> <Delay = 0.00> <CoreInst = "Sel">   --->   Core 73 'Sel' <Latency = 0> <II = 1> <Delay = 0.69> <FuncUnit> <Opcode : 'select'> <InPorts = 3> <OutPorts = 1>
ST_11 : Operation 181 [1/1] (0.00ns) (grouped into LUT with out node empty_65)   --->   "%sel_tmp58 = select i1 %or_ln1495, i16 %sel_tmp55, i16 %trunc_ln1494_1"   --->   Operation 181 'select' 'sel_tmp58' <Predicate = (!icmp_ln35)> <Delay = 0.00> <CoreInst = "Sel">   --->   Core 73 'Sel' <Latency = 0> <II = 1> <Delay = 0.69> <FuncUnit> <Opcode : 'select'> <InPorts = 3> <OutPorts = 1>
ST_11 : Operation 182 [1/1] (0.00ns) (grouped into LUT with out node empty_65)   --->   "%sel_tmp60 = select i1 %sel_tmp11, i16 49152, i16 16384" [MPCwithMADS_fxd/generatePollDirections.cpp:34]   --->   Operation 182 'select' 'sel_tmp60' <Predicate = (!icmp_ln35)> <Delay = 0.00> <CoreInst = "Sel">   --->   Core 73 'Sel' <Latency = 0> <II = 1> <Delay = 0.69> <FuncUnit> <Opcode : 'select'> <InPorts = 3> <OutPorts = 1>
ST_11 : Operation 183 [1/1] (0.00ns) (grouped into LUT with out node empty_65)   --->   "%empty_64 = or i1 %sel_tmp11, i1 %sel_tmp7" [MPCwithMADS_fxd/generatePollDirections.cpp:34]   --->   Operation 183 'or' 'empty_64' <Predicate = (!icmp_ln35)> <Delay = 0.00> <CoreInst = "LogicGate">   --->   Core 74 'LogicGate' <Latency = 0> <II = 1> <Delay = 0.97> <FuncUnit> <Opcode : 'and' 'or' 'xor'> <InPorts = 2> <OutPorts = 1>
ST_11 : Operation 184 [1/1] (0.97ns) (out node of the LUT)   --->   "%empty_65 = select i1 %empty_64, i16 %sel_tmp60, i16 %sel_tmp58" [MPCwithMADS_fxd/generatePollDirections.cpp:34]   --->   Operation 184 'select' 'empty_65' <Predicate = (!icmp_ln35)> <Delay = 0.97> <CoreInst = "Sel">   --->   Core 73 'Sel' <Latency = 0> <II = 1> <Delay = 0.69> <FuncUnit> <Opcode : 'select'> <InPorts = 3> <OutPorts = 1>
ST_11 : Operation 185 [1/1] (0.00ns)   --->   "%br_ln0 = br void %_Z25generateHouseholderMatrixP8ap_fixedILi18ELi3EL9ap_q_mode5EL9ap_o_mode3ELi0EEPA2_S2_.exit"   --->   Operation 185 'br' 'br_ln0' <Predicate = (icmp_ln35)> <Delay = 0.00>

State 12 <SV = 5> <Delay = 6.91>
ST_12 : Operation 186 [1/1] (0.00ns)   --->   "%sext_ln1118 = sext i16 %empty_65"   --->   Operation 186 'sext' 'sext_ln1118' <Predicate = true> <Delay = 0.00>
ST_12 : Operation 187 [2/2] (6.91ns)   --->   "%r_V_12 = mul i51 %zext_ln35, i51 %sext_ln1118"   --->   Operation 187 'mul' 'r_V_12' <Predicate = true> <Delay = 6.91> <CoreInst = "Multiplier">   --->   Core 3 'Multiplier' <Latency = 1> <II = 1> <Delay = 6.91> <FuncUnit> <Opcode : 'mul'> <InPorts = 2> <OutPorts = 1>
ST_12 : Operation 188 [1/1] (1.58ns)   --->   "%store_ln34 = store i18 %H_V_1_1_9, i18 %H_V_1_1_5" [MPCwithMADS_fxd/generatePollDirections.cpp:34]   --->   Operation 188 'store' 'store_ln34' <Predicate = true> <Delay = 1.58>
ST_12 : Operation 189 [1/1] (1.58ns)   --->   "%store_ln34 = store i18 %H_V_1_0_7, i18 %H_V_1_0_3" [MPCwithMADS_fxd/generatePollDirections.cpp:34]   --->   Operation 189 'store' 'store_ln34' <Predicate = true> <Delay = 1.58>
ST_12 : Operation 190 [1/1] (1.58ns)   --->   "%store_ln34 = store i18 %H_V_0_1_7, i18 %H_V_0_1_3" [MPCwithMADS_fxd/generatePollDirections.cpp:34]   --->   Operation 190 'store' 'store_ln34' <Predicate = true> <Delay = 1.58>
ST_12 : Operation 191 [1/1] (1.58ns)   --->   "%store_ln34 = store i18 %H_V_0_0_9, i18 %H_V_0_0_5" [MPCwithMADS_fxd/generatePollDirections.cpp:34]   --->   Operation 191 'store' 'store_ln34' <Predicate = true> <Delay = 1.58>

State 13 <SV = 6> <Delay = 6.91>
ST_13 : Operation 192 [1/2] (6.91ns)   --->   "%r_V_12 = mul i51 %zext_ln35, i51 %sext_ln1118"   --->   Operation 192 'mul' 'r_V_12' <Predicate = true> <Delay = 6.91> <CoreInst = "Multiplier">   --->   Core 3 'Multiplier' <Latency = 1> <II = 1> <Delay = 6.91> <FuncUnit> <Opcode : 'mul'> <InPorts = 2> <OutPorts = 1>

State 14 <SV = 7> <Delay = 6.44>
ST_14 : Operation 193 [2/2] (6.44ns)   --->   "%p_Val2_s = call i54 @round_fixed<54, 15>, i51 %r_V_12" [C:/Xilinx/Vitis_HLS/2020.2/common/technology/autopilot\hls_math.h:2171]   --->   Operation 193 'call' 'p_Val2_s' <Predicate = true> <Delay = 6.44> <CoreType = "Generic">   --->   Core 0 '' <Latency = 0> <II = 1> <Delay = 1.00> <Generic> <Opcode : >

State 15 <SV = 8> <Delay = 6.73>
ST_15 : Operation 194 [1/2] (4.21ns)   --->   "%p_Val2_s = call i54 @round_fixed<54, 15>, i51 %r_V_12" [C:/Xilinx/Vitis_HLS/2020.2/common/technology/autopilot\hls_math.h:2171]   --->   Operation 194 'call' 'p_Val2_s' <Predicate = true> <Delay = 4.21> <CoreType = "Generic">   --->   Core 0 '' <Latency = 0> <II = 1> <Delay = 1.00> <Generic> <Opcode : >
ST_15 : Operation 195 [1/1] (0.00ns)   --->   "%ret_V_cast = partselect i12 @_ssdm_op_PartSelect.i12.i54.i32.i32, i54 %p_Val2_s, i32 39, i32 50"   --->   Operation 195 'partselect' 'ret_V_cast' <Predicate = true> <Delay = 0.00>
ST_15 : Operation 196 [1/1] (0.00ns)   --->   "%trunc_ln851 = trunc i54 %p_Val2_s"   --->   Operation 196 'trunc' 'trunc_ln851' <Predicate = true> <Delay = 0.00>
ST_15 : Operation 197 [1/1] (2.52ns)   --->   "%icmp_ln851 = icmp_eq  i39 %trunc_ln851, i39 0"   --->   Operation 197 'icmp' 'icmp_ln851' <Predicate = true> <Delay = 2.52> <CoreInst = "Cmp">   --->   Core 9 'Cmp' <Latency = 0> <II = 1> <Delay = 0.95> <FuncUnit> <Opcode : 'icmp'> <InPorts = 2> <OutPorts = 1>

State 16 <SV = 9> <Delay = 2.94>
ST_16 : Operation 198 [1/1] (0.00ns)   --->   "%B_V_1_1_1_load = load i12 %B_V_1_1_1"   --->   Operation 198 'load' 'B_V_1_1_1_load' <Predicate = true> <Delay = 0.00>
ST_16 : Operation 199 [1/1] (0.00ns)   --->   "%B_V_1_1_9_load = load i12 %B_V_1_1_9"   --->   Operation 199 'load' 'B_V_1_1_9_load' <Predicate = true> <Delay = 0.00>
ST_16 : Operation 200 [1/1] (0.00ns)   --->   "%B_V_1_1_10_load = load i12 %B_V_1_1_10"   --->   Operation 200 'load' 'B_V_1_1_10_load' <Predicate = true> <Delay = 0.00>
ST_16 : Operation 201 [1/1] (0.00ns)   --->   "%B_V_1_1_11_load = load i12 %B_V_1_1_11"   --->   Operation 201 'load' 'B_V_1_1_11_load' <Predicate = true> <Delay = 0.00>
ST_16 : Operation 202 [1/1] (0.00ns)   --->   "%specloopname_ln35 = specloopname void @_ssdm_op_SpecLoopName, void @empty_0" [MPCwithMADS_fxd/generatePollDirections.cpp:35]   --->   Operation 202 'specloopname' 'specloopname_ln35' <Predicate = true> <Delay = 0.00>
ST_16 : Operation 203 [1/1] (0.00ns) (grouped into LUT with out node ret_V_2)   --->   "%p_Result_s = bitselect i1 @_ssdm_op_BitSelect.i1.i54.i32, i54 %p_Val2_s, i32 53"   --->   Operation 203 'bitselect' 'p_Result_s' <Predicate = true> <Delay = 0.00>
ST_16 : Operation 204 [1/1] (1.54ns)   --->   "%ret_V = add i12 %ret_V_cast, i12 1"   --->   Operation 204 'add' 'ret_V' <Predicate = (!icmp_ln851)> <Delay = 1.54> <CoreInst = "Adder">   --->   Core 1 'Adder' <Latency = 0> <II = 1> <Delay = 1.54> <FuncUnit> <Opcode : 'add' 'sub'> <InPorts = 2> <OutPorts = 1>
ST_16 : Operation 205 [1/1] (0.00ns) (grouped into LUT with out node ret_V_2)   --->   "%select_ln850 = select i1 %icmp_ln851, i12 %ret_V_cast, i12 %ret_V"   --->   Operation 205 'select' 'select_ln850' <Predicate = true> <Delay = 0.00> <CoreInst = "Sel">   --->   Core 73 'Sel' <Latency = 0> <II = 1> <Delay = 0.69> <FuncUnit> <Opcode : 'select'> <InPorts = 3> <OutPorts = 1>
ST_16 : Operation 206 [1/1] (0.69ns) (out node of the LUT)   --->   "%ret_V_2 = select i1 %p_Result_s, i12 %select_ln850, i12 %ret_V_cast"   --->   Operation 206 'select' 'ret_V_2' <Predicate = true> <Delay = 0.69> <CoreInst = "Sel">   --->   Core 73 'Sel' <Latency = 0> <II = 1> <Delay = 0.69> <FuncUnit> <Opcode : 'select'> <InPorts = 3> <OutPorts = 1>
ST_16 : Operation 207 [1/1] (0.00ns) (grouped into LUT with out node B_V_1_1_5)   --->   "%B_V_1_1_13 = select i1 %trunc_ln1494, i12 %ret_V_2, i12 %B_V_1_1_11_load" [MPCwithMADS_fxd/generatePollDirections.cpp:42]   --->   Operation 207 'select' 'B_V_1_1_13' <Predicate = (empty_62)> <Delay = 0.00> <CoreInst = "Sel">   --->   Core 73 'Sel' <Latency = 0> <II = 1> <Delay = 0.69> <FuncUnit> <Opcode : 'select'> <InPorts = 3> <OutPorts = 1>
ST_16 : Operation 208 [1/1] (0.00ns) (grouped into LUT with out node B_V_1_1_6)   --->   "%B_V_1_1_14 = select i1 %trunc_ln1494, i12 %B_V_1_1_10_load, i12 %ret_V_2" [MPCwithMADS_fxd/generatePollDirections.cpp:42]   --->   Operation 208 'select' 'B_V_1_1_14' <Predicate = (empty_62)> <Delay = 0.00> <CoreInst = "Sel">   --->   Core 73 'Sel' <Latency = 0> <II = 1> <Delay = 0.69> <FuncUnit> <Opcode : 'select'> <InPorts = 3> <OutPorts = 1>
ST_16 : Operation 209 [1/1] (0.00ns) (grouped into LUT with out node B_V_1_1_7)   --->   "%B_V_1_1 = select i1 %trunc_ln1494, i12 %ret_V_2, i12 %B_V_1_1_9_load" [MPCwithMADS_fxd/generatePollDirections.cpp:42]   --->   Operation 209 'select' 'B_V_1_1' <Predicate = (!empty_62)> <Delay = 0.00> <CoreInst = "Sel">   --->   Core 73 'Sel' <Latency = 0> <II = 1> <Delay = 0.69> <FuncUnit> <Opcode : 'select'> <InPorts = 3> <OutPorts = 1>
ST_16 : Operation 210 [1/1] (0.00ns) (grouped into LUT with out node B_V_1_1_8)   --->   "%B_V_1_1_15 = select i1 %trunc_ln1494, i12 %B_V_1_1_1_load, i12 %ret_V_2" [MPCwithMADS_fxd/generatePollDirections.cpp:42]   --->   Operation 210 'select' 'B_V_1_1_15' <Predicate = (!empty_62)> <Delay = 0.00> <CoreInst = "Sel">   --->   Core 73 'Sel' <Latency = 0> <II = 1> <Delay = 0.69> <FuncUnit> <Opcode : 'select'> <InPorts = 3> <OutPorts = 1>
ST_16 : Operation 211 [1/1] (0.69ns) (out node of the LUT)   --->   "%B_V_1_1_5 = select i1 %empty_62, i12 %B_V_1_1_13, i12 %B_V_1_1_11_load" [MPCwithMADS_fxd/generatePollDirections.cpp:34]   --->   Operation 211 'select' 'B_V_1_1_5' <Predicate = true> <Delay = 0.69> <CoreInst = "Sel">   --->   Core 73 'Sel' <Latency = 0> <II = 1> <Delay = 0.69> <FuncUnit> <Opcode : 'select'> <InPorts = 3> <OutPorts = 1>
ST_16 : Operation 212 [1/1] (0.69ns) (out node of the LUT)   --->   "%B_V_1_1_6 = select i1 %empty_62, i12 %B_V_1_1_14, i12 %B_V_1_1_10_load" [MPCwithMADS_fxd/generatePollDirections.cpp:34]   --->   Operation 212 'select' 'B_V_1_1_6' <Predicate = true> <Delay = 0.69> <CoreInst = "Sel">   --->   Core 73 'Sel' <Latency = 0> <II = 1> <Delay = 0.69> <FuncUnit> <Opcode : 'select'> <InPorts = 3> <OutPorts = 1>
ST_16 : Operation 213 [1/1] (0.69ns) (out node of the LUT)   --->   "%B_V_1_1_7 = select i1 %empty_62, i12 %B_V_1_1_9_load, i12 %B_V_1_1" [MPCwithMADS_fxd/generatePollDirections.cpp:34]   --->   Operation 213 'select' 'B_V_1_1_7' <Predicate = true> <Delay = 0.69> <CoreInst = "Sel">   --->   Core 73 'Sel' <Latency = 0> <II = 1> <Delay = 0.69> <FuncUnit> <Opcode : 'select'> <InPorts = 3> <OutPorts = 1>
ST_16 : Operation 214 [1/1] (0.69ns) (out node of the LUT)   --->   "%B_V_1_1_8 = select i1 %empty_62, i12 %B_V_1_1_1_load, i12 %B_V_1_1_15" [MPCwithMADS_fxd/generatePollDirections.cpp:34]   --->   Operation 214 'select' 'B_V_1_1_8' <Predicate = true> <Delay = 0.69> <CoreInst = "Sel">   --->   Core 73 'Sel' <Latency = 0> <II = 1> <Delay = 0.69> <FuncUnit> <Opcode : 'select'> <InPorts = 3> <OutPorts = 1>
ST_16 : Operation 215 [1/1] (0.00ns)   --->   "%store_ln34 = store i12 %B_V_1_1_5, i12 %B_V_1_1_11" [MPCwithMADS_fxd/generatePollDirections.cpp:34]   --->   Operation 215 'store' 'store_ln34' <Predicate = true> <Delay = 0.00>
ST_16 : Operation 216 [1/1] (0.00ns)   --->   "%store_ln34 = store i12 %B_V_1_1_6, i12 %B_V_1_1_10" [MPCwithMADS_fxd/generatePollDirections.cpp:34]   --->   Operation 216 'store' 'store_ln34' <Predicate = true> <Delay = 0.00>
ST_16 : Operation 217 [1/1] (0.00ns)   --->   "%store_ln34 = store i12 %B_V_1_1_7, i12 %B_V_1_1_9" [MPCwithMADS_fxd/generatePollDirections.cpp:34]   --->   Operation 217 'store' 'store_ln34' <Predicate = true> <Delay = 0.00>
ST_16 : Operation 218 [1/1] (0.00ns)   --->   "%store_ln34 = store i12 %B_V_1_1_8, i12 %B_V_1_1_1" [MPCwithMADS_fxd/generatePollDirections.cpp:34]   --->   Operation 218 'store' 'store_ln34' <Predicate = true> <Delay = 0.00>
ST_16 : Operation 219 [1/1] (0.00ns)   --->   "%br_ln0 = br void %_ZNK13ap_fixed_baseILi18ELi3ELb1EL9ap_q_mode5EL9ap_o_mode3ELi0EEgtILi1ELi0ELb0ELS0_5ELS1_3ELi0EEEbRKS_IXT_EXT0_EXT1_EXT2_EXT3_EXT4_EE.exit"   --->   Operation 219 'br' 'br_ln0' <Predicate = true> <Delay = 0.00>

State 17 <SV = 4> <Delay = 1.58>
ST_17 : Operation 220 [1/1] (0.00ns)   --->   "%i_5 = phi i2 %add_ln45, void, i2 0, void %.preheader.preheader" [MPCwithMADS_fxd/generatePollDirections.cpp:45]   --->   Operation 220 'phi' 'i_5' <Predicate = true> <Delay = 0.00>
ST_17 : Operation 221 [1/1] (1.56ns)   --->   "%add_ln45 = add i2 %i_5, i2 1" [MPCwithMADS_fxd/generatePollDirections.cpp:45]   --->   Operation 221 'add' 'add_ln45' <Predicate = true> <Delay = 1.56> <CoreInst = "Adder">   --->   Core 1 'Adder' <Latency = 0> <II = 1> <Delay = 1.54> <FuncUnit> <Opcode : 'add' 'sub'> <InPorts = 2> <OutPorts = 1>
ST_17 : Operation 222 [1/1] (0.95ns)   --->   "%icmp_ln45 = icmp_eq  i2 %i_5, i2 2" [MPCwithMADS_fxd/generatePollDirections.cpp:45]   --->   Operation 222 'icmp' 'icmp_ln45' <Predicate = true> <Delay = 0.95> <CoreInst = "Cmp">   --->   Core 9 'Cmp' <Latency = 0> <II = 1> <Delay = 0.95> <FuncUnit> <Opcode : 'icmp'> <InPorts = 2> <OutPorts = 1>
ST_17 : Operation 223 [1/1] (0.00ns)   --->   "%empty_66 = speclooptripcount i32 @_ssdm_op_SpecLoopTripCount, i64 2, i64 2, i64 2"   --->   Operation 223 'speclooptripcount' 'empty_66' <Predicate = true> <Delay = 0.00>
ST_17 : Operation 224 [1/1] (0.00ns)   --->   "%br_ln45 = br i1 %icmp_ln45, void %.split3, void" [MPCwithMADS_fxd/generatePollDirections.cpp:45]   --->   Operation 224 'br' 'br_ln45' <Predicate = true> <Delay = 0.00>
ST_17 : Operation 225 [1/1] (0.00ns)   --->   "%specloopname_ln45 = specloopname void @_ssdm_op_SpecLoopName, void @empty" [MPCwithMADS_fxd/generatePollDirections.cpp:45]   --->   Operation 225 'specloopname' 'specloopname_ln45' <Predicate = (!icmp_ln45)> <Delay = 0.00>
ST_17 : Operation 226 [1/1] (0.00ns)   --->   "%trunc_ln47 = trunc i2 %i_5" [MPCwithMADS_fxd/generatePollDirections.cpp:47]   --->   Operation 226 'trunc' 'trunc_ln47' <Predicate = (!icmp_ln45)> <Delay = 0.00>
ST_17 : Operation 227 [1/1] (1.58ns)   --->   "%br_ln46 = br void" [MPCwithMADS_fxd/generatePollDirections.cpp:46]   --->   Operation 227 'br' 'br_ln46' <Predicate = (!icmp_ln45)> <Delay = 1.58>
ST_17 : Operation 228 [1/1] (0.00ns)   --->   "%ret_ln51 = ret" [MPCwithMADS_fxd/generatePollDirections.cpp:51]   --->   Operation 228 'ret' 'ret_ln51' <Predicate = (icmp_ln45)> <Delay = 0.00>

State 18 <SV = 5> <Delay = 5.26>
ST_18 : Operation 229 [1/1] (0.00ns)   --->   "%j_2 = phi i2 %add_ln46, void %.split_ifconv, i2 0, void %.split3" [MPCwithMADS_fxd/generatePollDirections.cpp:46]   --->   Operation 229 'phi' 'j_2' <Predicate = true> <Delay = 0.00>
ST_18 : Operation 230 [1/1] (1.56ns)   --->   "%add_ln46 = add i2 %j_2, i2 1" [MPCwithMADS_fxd/generatePollDirections.cpp:46]   --->   Operation 230 'add' 'add_ln46' <Predicate = true> <Delay = 1.56> <CoreInst = "Adder">   --->   Core 1 'Adder' <Latency = 0> <II = 1> <Delay = 1.54> <FuncUnit> <Opcode : 'add' 'sub'> <InPorts = 2> <OutPorts = 1>
ST_18 : Operation 231 [1/1] (0.00ns)   --->   "%tmp_7 = bitconcatenate i4 @_ssdm_op_BitConcatenate.i4.i2.i2, i2 %i_5, i2 %j_2" [MPCwithMADS_fxd/generatePollDirections.cpp:47]   --->   Operation 231 'bitconcatenate' 'tmp_7' <Predicate = true> <Delay = 0.00>
ST_18 : Operation 232 [1/1] (0.00ns)   --->   "%zext_ln47 = zext i4 %tmp_7" [MPCwithMADS_fxd/generatePollDirections.cpp:47]   --->   Operation 232 'zext' 'zext_ln47' <Predicate = true> <Delay = 0.00>
ST_18 : Operation 233 [1/1] (0.00ns)   --->   "%directions_addr = getelementptr i12 %directions, i64 0, i64 %zext_ln47" [MPCwithMADS_fxd/generatePollDirections.cpp:47]   --->   Operation 233 'getelementptr' 'directions_addr' <Predicate = true> <Delay = 0.00>
ST_18 : Operation 234 [1/1] (0.95ns)   --->   "%icmp_ln46 = icmp_eq  i2 %j_2, i2 2" [MPCwithMADS_fxd/generatePollDirections.cpp:46]   --->   Operation 234 'icmp' 'icmp_ln46' <Predicate = true> <Delay = 0.95> <CoreInst = "Cmp">   --->   Core 9 'Cmp' <Latency = 0> <II = 1> <Delay = 0.95> <FuncUnit> <Opcode : 'icmp'> <InPorts = 2> <OutPorts = 1>
ST_18 : Operation 235 [1/1] (0.00ns)   --->   "%empty_67 = speclooptripcount i32 @_ssdm_op_SpecLoopTripCount, i64 2, i64 2, i64 2"   --->   Operation 235 'speclooptripcount' 'empty_67' <Predicate = true> <Delay = 0.00>
ST_18 : Operation 236 [1/1] (0.00ns)   --->   "%br_ln46 = br i1 %icmp_ln46, void %.split_ifconv, void" [MPCwithMADS_fxd/generatePollDirections.cpp:46]   --->   Operation 236 'br' 'br_ln46' <Predicate = true> <Delay = 0.00>
ST_18 : Operation 237 [1/1] (0.00ns)   --->   "%B_V_1_1_1_load_1 = load i12 %B_V_1_1_1" [MPCwithMADS_fxd/generatePollDirections.cpp:47]   --->   Operation 237 'load' 'B_V_1_1_1_load_1' <Predicate = (!icmp_ln46 & !trunc_ln47)> <Delay = 0.00>
ST_18 : Operation 238 [1/1] (0.00ns)   --->   "%B_V_1_1_9_load_1 = load i12 %B_V_1_1_9" [MPCwithMADS_fxd/generatePollDirections.cpp:47]   --->   Operation 238 'load' 'B_V_1_1_9_load_1' <Predicate = (!icmp_ln46 & !trunc_ln47)> <Delay = 0.00>
ST_18 : Operation 239 [1/1] (0.00ns)   --->   "%B_V_1_1_10_load_1 = load i12 %B_V_1_1_10" [MPCwithMADS_fxd/generatePollDirections.cpp:47]   --->   Operation 239 'load' 'B_V_1_1_10_load_1' <Predicate = (!icmp_ln46 & trunc_ln47)> <Delay = 0.00>
ST_18 : Operation 240 [1/1] (0.00ns)   --->   "%B_V_1_1_11_load_1 = load i12 %B_V_1_1_11" [MPCwithMADS_fxd/generatePollDirections.cpp:47]   --->   Operation 240 'load' 'B_V_1_1_11_load_1' <Predicate = (!icmp_ln46 & trunc_ln47)> <Delay = 0.00>
ST_18 : Operation 241 [1/1] (0.00ns)   --->   "%specloopname_ln46 = specloopname void @_ssdm_op_SpecLoopName, void @empty_17" [MPCwithMADS_fxd/generatePollDirections.cpp:46]   --->   Operation 241 'specloopname' 'specloopname_ln46' <Predicate = (!icmp_ln46)> <Delay = 0.00>
ST_18 : Operation 242 [1/1] (0.00ns)   --->   "%trunc_ln47_1 = trunc i2 %j_2" [MPCwithMADS_fxd/generatePollDirections.cpp:47]   --->   Operation 242 'trunc' 'trunc_ln47_1' <Predicate = (!icmp_ln46)> <Delay = 0.00>
ST_18 : Operation 243 [1/1] (0.00ns) (grouped into LUT with out node select_ln47_2)   --->   "%select_ln47_1 = select i1 %trunc_ln47_1, i12 %B_V_1_1_11_load_1, i12 %B_V_1_1_10_load_1" [MPCwithMADS_fxd/generatePollDirections.cpp:47]   --->   Operation 243 'select' 'select_ln47_1' <Predicate = (!icmp_ln46 & trunc_ln47)> <Delay = 0.00> <CoreInst = "Sel">   --->   Core 73 'Sel' <Latency = 0> <II = 1> <Delay = 0.69> <FuncUnit> <Opcode : 'select'> <InPorts = 3> <OutPorts = 1>
ST_18 : Operation 244 [1/1] (0.69ns) (out node of the LUT)   --->   "%select_ln47 = select i1 %trunc_ln47_1, i12 %B_V_1_1_9_load_1, i12 %B_V_1_1_1_load_1" [MPCwithMADS_fxd/generatePollDirections.cpp:47]   --->   Operation 244 'select' 'select_ln47' <Predicate = (!icmp_ln46 & !trunc_ln47)> <Delay = 0.69> <CoreInst = "Sel">   --->   Core 73 'Sel' <Latency = 0> <II = 1> <Delay = 0.69> <FuncUnit> <Opcode : 'select'> <InPorts = 3> <OutPorts = 1>
ST_18 : Operation 245 [1/1] (0.69ns) (out node of the LUT)   --->   "%select_ln47_2 = select i1 %trunc_ln47, i12 %select_ln47_1, i12 %select_ln47" [MPCwithMADS_fxd/generatePollDirections.cpp:47]   --->   Operation 245 'select' 'select_ln47_2' <Predicate = (!icmp_ln46)> <Delay = 0.69> <CoreInst = "Sel">   --->   Core 73 'Sel' <Latency = 0> <II = 1> <Delay = 0.69> <FuncUnit> <Opcode : 'select'> <InPorts = 3> <OutPorts = 1>
ST_18 : Operation 246 [1/1] (2.32ns)   --->   "%store_ln47 = store i12 %select_ln47_2, i3 %directions_addr" [MPCwithMADS_fxd/generatePollDirections.cpp:47]   --->   Operation 246 'store' 'store_ln47' <Predicate = (!icmp_ln46)> <Delay = 2.32> <CoreInst = "RAM">   --->   Core 82 'RAM' <Latency = 1> <II = 1> <Delay = 2.32> <Storage> <Opcode : 'load' 'store'> <Ports = 2> <Width = 12> <Depth = 8> <RAM>
ST_18 : Operation 247 [1/1] (1.54ns)   --->   "%sub_ln69_1 = sub i12 0, i12 %select_ln47_2"   --->   Operation 247 'sub' 'sub_ln69_1' <Predicate = (!icmp_ln46)> <Delay = 1.54> <CoreInst = "Adder">   --->   Core 1 'Adder' <Latency = 0> <II = 1> <Delay = 1.54> <FuncUnit> <Opcode : 'add' 'sub'> <InPorts = 2> <OutPorts = 1>
ST_18 : Operation 248 [1/1] (0.97ns)   --->   "%xor_ln48 = xor i2 %j_2, i2 2" [MPCwithMADS_fxd/generatePollDirections.cpp:48]   --->   Operation 248 'xor' 'xor_ln48' <Predicate = (!icmp_ln46)> <Delay = 0.97> <CoreInst = "LogicGate">   --->   Core 74 'LogicGate' <Latency = 0> <II = 1> <Delay = 0.97> <FuncUnit> <Opcode : 'and' 'or' 'xor'> <InPorts = 2> <OutPorts = 1>
ST_18 : Operation 249 [1/1] (0.00ns)   --->   "%tmp_8 = bitconcatenate i4 @_ssdm_op_BitConcatenate.i4.i2.i2, i2 %i_5, i2 %xor_ln48" [MPCwithMADS_fxd/generatePollDirections.cpp:48]   --->   Operation 249 'bitconcatenate' 'tmp_8' <Predicate = (!icmp_ln46)> <Delay = 0.00>
ST_18 : Operation 250 [1/1] (0.00ns)   --->   "%zext_ln48 = zext i4 %tmp_8" [MPCwithMADS_fxd/generatePollDirections.cpp:48]   --->   Operation 250 'zext' 'zext_ln48' <Predicate = (!icmp_ln46)> <Delay = 0.00>
ST_18 : Operation 251 [1/1] (0.00ns)   --->   "%directions_addr_1 = getelementptr i12 %directions, i64 0, i64 %zext_ln48" [MPCwithMADS_fxd/generatePollDirections.cpp:48]   --->   Operation 251 'getelementptr' 'directions_addr_1' <Predicate = (!icmp_ln46)> <Delay = 0.00>
ST_18 : Operation 252 [1/1] (2.32ns)   --->   "%store_ln48 = store i12 %sub_ln69_1, i3 %directions_addr_1" [MPCwithMADS_fxd/generatePollDirections.cpp:48]   --->   Operation 252 'store' 'store_ln48' <Predicate = (!icmp_ln46)> <Delay = 2.32> <CoreInst = "RAM">   --->   Core 82 'RAM' <Latency = 1> <II = 1> <Delay = 2.32> <Storage> <Opcode : 'load' 'store'> <Ports = 2> <Width = 12> <Depth = 8> <RAM>
ST_18 : Operation 253 [1/1] (0.00ns)   --->   "%br_ln0 = br void"   --->   Operation 253 'br' 'br_ln0' <Predicate = (!icmp_ln46)> <Delay = 0.00>
ST_18 : Operation 254 [1/1] (0.00ns)   --->   "%br_ln0 = br void %.preheader"   --->   Operation 254 'br' 'br_ln0' <Predicate = (icmp_ln46)> <Delay = 0.00>


============================================================
+ Verbose Summary: Timing violations
============================================================
Target clock period: 10ns, clock uncertainty: 2.7ns.

 <State 1>: 1.59ns
The critical path consists of the following:
	multiplexor before 'phi' operation ('mesh.V[1]') with incoming values : ('mesh.V[1]', MPCwithMADS_fxd/generatePollDirections.cpp:21) [16]  (1.59 ns)

 <State 2>: 6.51ns
The critical path consists of the following:
	'phi' operation ('i', MPCwithMADS_fxd/generatePollDirections.cpp:18) with incoming values : ('add_ln18', MPCwithMADS_fxd/generatePollDirections.cpp:18) [18]  (0 ns)
	'select' operation ('frameIdx.V[0]') [26]  (1.19 ns)
	'sub' operation ('sub_ln69') [28]  (0 ns)
	'add' operation ('frameMeshDiff.V') [29]  (3.49 ns)
	'sub' operation ('sub_ln1357') [32]  (1.83 ns)

 <State 3>: 6.54ns
The critical path consists of the following:
	'select' operation ('ush') [33]  (0.993 ns)
	'lshr' operation ('r.V') [36]  (0 ns)
	'select' operation ('r.V') [38]  (4.42 ns)
	'select' operation ('mesh.V[1]', MPCwithMADS_fxd/generatePollDirections.cpp:21) [39]  (1.13 ns)

 <State 4>: 2.55ns
The critical path consists of the following:
	'phi' operation ('i', MPCwithMADS_fxd/generatePollDirections.cpp:62) with incoming values : ('add_ln62', MPCwithMADS_fxd/generatePollDirections.cpp:62) [50]  (0 ns)
	'select' operation ('empty_59', MPCwithMADS_fxd/generatePollDirections.cpp:62) [62]  (0 ns)
	'sub' operation ('r.V', MPCwithMADS_fxd/generatePollDirections.cpp:62) [65]  (2.17 ns)
	blocking operation 0.381 ns on control path)

 <State 5>: 2.91ns
The critical path consists of the following:
	'phi' operation ('j', MPCwithMADS_fxd/generatePollDirections.cpp:63) with incoming values : ('add_ln63', MPCwithMADS_fxd/generatePollDirections.cpp:63) [69]  (0 ns)
	'select' operation ('randomVector.V[0]') [81]  (0.756 ns)
	'mul' operation of DSP[83] ('mul_ln1115') [83]  (2.15 ns)

 <State 6>: 2.15ns
The critical path consists of the following:
	'mul' operation of DSP[83] ('mul_ln1115') [83]  (2.15 ns)

 <State 7>: 2.15ns
The critical path consists of the following:
	'mul' operation of DSP[83] ('mul_ln1115') [83]  (2.15 ns)

 <State 8>: 3.65ns
The critical path consists of the following:
	'load' operation ('H_1_1_V_1_load_1') on local variable 'H[1][1].V' [75]  (0 ns)
	'select' operation ('H[1][1].V', MPCwithMADS_fxd/generatePollDirections.cpp:64) [88]  (0.756 ns)
	'select' operation ('select_ln703') [94]  (0 ns)
	'add' operation ('H[0][0].V') [95]  (2.14 ns)
	'select' operation ('H[1][1].V') [96]  (0 ns)
	'select' operation ('H[1][1].V', MPCwithMADS_fxd/generatePollDirections.cpp:65) [98]  (0.756 ns)

 <State 9>: 1.59ns
The critical path consists of the following:
	'store' operation ('store_ln65', MPCwithMADS_fxd/generatePollDirections.cpp:65) of variable 'H[1][1].V', MPCwithMADS_fxd/generatePollDirections.cpp:65 on local variable 'H[1][1].V' [103]  (1.59 ns)

 <State 10>: 1.59ns
The critical path consists of the following:
	multiplexor before 'phi' operation ('i', MPCwithMADS_fxd/generatePollDirections.cpp:45) with incoming values : ('add_ln45', MPCwithMADS_fxd/generatePollDirections.cpp:45) [220]  (1.59 ns)

 <State 11>: 7.19ns
The critical path consists of the following:
	'phi' operation ('j', MPCwithMADS_fxd/generatePollDirections.cpp:35) with incoming values : ('add_ln35', MPCwithMADS_fxd/generatePollDirections.cpp:35) [135]  (0 ns)
	'select' operation ('select_ln1494') [152]  (0.756 ns)
	'select' operation ('phi_ln1494', MPCwithMADS_fxd/generatePollDirections.cpp:34) [153]  (0.756 ns)
	'icmp' operation ('icmp_ln1495') [156]  (2.43 ns)
	'or' operation ('or_ln1495') [173]  (0.978 ns)
	'select' operation ('select_ln1495') [174]  (0.756 ns)
	'select' operation ('sel_tmp32') [176]  (0 ns)
	'select' operation ('sel_tmp34') [177]  (0.756 ns)
	'select' operation ('H_V_0_1_7', MPCwithMADS_fxd/generatePollDirections.cpp:34) [178]  (0.756 ns)

 <State 12>: 6.91ns
The critical path consists of the following:
	'mul' operation ('r.V') [189]  (6.91 ns)

 <State 13>: 6.91ns
The critical path consists of the following:
	'mul' operation ('r.V') [189]  (6.91 ns)

 <State 14>: 6.45ns
The critical path consists of the following:
	'call' operation ('__Val2__', C:/Xilinx/Vitis_HLS/2020.2/common/technology/autopilot\hls_math.h:2171) to 'round_fixed<54, 15>' [190]  (6.45 ns)

 <State 15>: 6.74ns
The critical path consists of the following:
	'call' operation ('__Val2__', C:/Xilinx/Vitis_HLS/2020.2/common/technology/autopilot\hls_math.h:2171) to 'round_fixed<54, 15>' [190]  (4.21 ns)
	'icmp' operation ('icmp_ln851') [194]  (2.53 ns)

 <State 16>: 2.94ns
The critical path consists of the following:
	'add' operation ('ret.V') [195]  (1.55 ns)
	'select' operation ('select_ln850') [196]  (0 ns)
	'select' operation ('ret.V') [197]  (0.697 ns)
	'select' operation ('B.V[1][1]', MPCwithMADS_fxd/generatePollDirections.cpp:42) [198]  (0 ns)
	'select' operation ('B.V[1][1]', MPCwithMADS_fxd/generatePollDirections.cpp:34) [202]  (0.697 ns)

 <State 17>: 1.59ns
The critical path consists of the following:
	multiplexor before 'phi' operation ('j', MPCwithMADS_fxd/generatePollDirections.cpp:46) with incoming values : ('add_ln46', MPCwithMADS_fxd/generatePollDirections.cpp:46) [230]  (1.59 ns)

 <State 18>: 5.26ns
The critical path consists of the following:
	'phi' operation ('j', MPCwithMADS_fxd/generatePollDirections.cpp:46) with incoming values : ('add_ln46', MPCwithMADS_fxd/generatePollDirections.cpp:46) [230]  (0 ns)
	'select' operation ('select_ln47', MPCwithMADS_fxd/generatePollDirections.cpp:47) [246]  (0.697 ns)
	'select' operation ('select_ln47_2', MPCwithMADS_fxd/generatePollDirections.cpp:47) [247]  (0.697 ns)
	'sub' operation ('sub_ln69_1') [249]  (1.55 ns)
	'store' operation ('store_ln48', MPCwithMADS_fxd/generatePollDirections.cpp:48) of variable 'sub_ln69_1' on array 'directions' [254]  (2.32 ns)


============================================================
+ Verbose Summary: Binding
============================================================
N/A
* FSMD analyzer results:
  - Output states:
 - Input state : 
  - Chain level:
	State 1
	State 2
	State 3
	State 4
	State 5
	State 6
	State 7
	State 8
	State 9
	State 10
	State 11
	State 12
	State 13
	State 14
	State 15
	State 16
	State 17
	State 18


============================================================
+ Verbose Summary: Datapath Resource usage 
============================================================
N/A
