

================================================================
== Vitis HLS Report for 'generatePollMatrix'
================================================================
* Date:           Wed Oct 19 10:42:20 2022

* Version:        2020.2 (Build 3064766 on Wed Nov 18 09:12:45 MST 2020)
* Project:        MPCwithMADS_fxd
* Solution:       solution1 (Vivado IP Flow Target)
* Product family: zynq
* Target device:  xc7z020-clg484-1


================================================================
== Performance Estimates
================================================================
+ Timing: 
    * Summary: 
    +--------+----------+----------+------------+
    |  Clock |  Target  | Estimated| Uncertainty|
    +--------+----------+----------+------------+
    |ap_clk  |  10.00 ns|  7.195 ns|     2.70 ns|
    +--------+----------+----------+------------+

+ Latency: 
    * Summary: 
    +---------+---------+----------+----------+-----+-----+---------+
    |  Latency (cycles) |  Latency (absolute) |  Interval | Pipeline|
    |   min   |   max   |    min   |    max   | min | max |   Type  |
    +---------+---------+----------+----------+-----+-----+---------+
    |      117|      117|  1.170 us|  1.170 us|  117|  117|     none|
    +---------+---------+----------+----------+-----+-----+---------+

    + Detail: 
        * Instance: 
        N/A

        * Loop: 
        +--------------------+---------+---------+----------+-----------+-----------+------+----------+
        |                    |  Latency (cycles) | Iteration|  Initiation Interval  | Trip |          |
        |      Loop Name     |   min   |   max   |  Latency |  achieved |   target  | Count| Pipelined|
        +--------------------+---------+---------+----------+-----------+-----------+------+----------+
        |- VITIS_LOOP_19_1   |        4|        4|         2|          -|          -|     2|        no|
        |- VITIS_LOOP_42_1   |        2|        2|         1|          -|          -|     2|        no|
        |- VITIS_LOOP_44_2   |       36|       36|        18|          -|          -|     2|        no|
        | + VITIS_LOOP_45_3  |       16|       16|         4|          -|          -|     4|        no|
        +--------------------+---------+---------+----------+-----------+-----------+------+----------+

============================================================
+ Verbose Summary: Synthesis Manager
============================================================
InlineROM: 1
ExposeGlobal: 0
============================================================
+ Verbose Summary: CDFG Model
============================================================
IsTopModel: 0
ResetActiveHigh: 1
IsCombinational: 0
IsDatapathOnly: 0
HasWiredReturn: 1
HasMFsm: 0
HasVarLatency: 1
IsPipeline: 0
IsRtlPipelined: 0
IsInstanceOverlapped: 0
IsDontTouch: 0
HasImplIP: 0
IsGatedGlobalClock: 0


============================================================
+ Verbose Summary: Schedule
============================================================
* Number of FSM states : 13
* Pipeline : 0
* Dataflow Pipeline: 0

* FSM state transitions: 
1 --> 2 
2 --> 3 4 
3 --> 2 
4 --> 5 
5 --> 6 
6 --> 7 
7 --> 8 7 
8 --> 9 
9 --> 10 
10 --> 11 9 
11 --> 12 
12 --> 13 
13 --> 10 

* FSM state operations: 

State 1 <SV = 0> <Delay = 1.58>
ST_1 : Operation 14 [1/1] (0.00ns)   --->   "%p_read_1 = read i6 @_ssdm_op_Read.ap_auto.i6, i6 %p_read3"   --->   Operation 14 'read' 'p_read_1' <Predicate = true> <Delay = 0.00>
ST_1 : Operation 15 [1/1] (0.00ns)   --->   "%p_read_2 = read i6 @_ssdm_op_Read.ap_auto.i6, i6 %p_read2"   --->   Operation 15 'read' 'p_read_2' <Predicate = true> <Delay = 0.00>
ST_1 : Operation 16 [1/1] (0.00ns)   --->   "%p_read_3 = read i6 @_ssdm_op_Read.ap_auto.i6, i6 %p_read1"   --->   Operation 16 'read' 'p_read_3' <Predicate = true> <Delay = 0.00>
ST_1 : Operation 17 [1/1] (0.00ns)   --->   "%p_read_4 = read i6 @_ssdm_op_Read.ap_auto.i6, i6 %p_read"   --->   Operation 17 'read' 'p_read_4' <Predicate = true> <Delay = 0.00>
ST_1 : Operation 18 [1/1] (0.00ns)   --->   "%directions = alloca i64 1"   --->   Operation 18 'alloca' 'directions' <Predicate = true> <Delay = 0.00> <CoreInst = "RAM">   --->   Core 82 'RAM' <Latency = 1> <II = 1> <Delay = 2.32> <Storage> <Opcode : 'load' 'store'> <Ports = 2> <Width = 12> <Depth = 8> <RAM>
ST_1 : Operation 19 [1/1] (0.00ns)   --->   "%optimum_V_0_load = load i18 %optimum_V_0" [MPCwithMADS_fxd/generatePollMatrix.cpp:20]   --->   Operation 19 'load' 'optimum_V_0_load' <Predicate = true> <Delay = 0.00>
ST_1 : Operation 20 [1/1] (0.00ns)   --->   "%optimum_V_1_load = load i18 %optimum_V_1" [MPCwithMADS_fxd/generatePollMatrix.cpp:20]   --->   Operation 20 'load' 'optimum_V_1_load' <Predicate = true> <Delay = 0.00>
ST_1 : Operation 21 [1/1] (1.58ns)   --->   "%br_ln19 = br void %_ZN9ap_ufixedILi36ELi12EL9ap_q_mode5EL9ap_o_mode3ELi0EEC2Ei.exit" [MPCwithMADS_fxd/generatePollMatrix.cpp:19]   --->   Operation 21 'br' 'br_ln19' <Predicate = true> <Delay = 1.58>

State 2 <SV = 1> <Delay = 3.01>
ST_2 : Operation 22 [1/1] (0.00ns)   --->   "%mesh_V_1_09 = phi i36 0, void, i36 %mesh_V_1_1, void %_ZN9ap_ufixedILi36ELi12EL9ap_q_mode5EL9ap_o_mode3ELi0EEC2Ei.exit.split_ifconv"   --->   Operation 22 'phi' 'mesh_V_1_09' <Predicate = true> <Delay = 0.00>
ST_2 : Operation 23 [1/1] (0.00ns)   --->   "%mesh_V_0_08 = phi i36 0, void, i36 %mesh_V_1_2, void %_ZN9ap_ufixedILi36ELi12EL9ap_q_mode5EL9ap_o_mode3ELi0EEC2Ei.exit.split_ifconv"   --->   Operation 23 'phi' 'mesh_V_0_08' <Predicate = true> <Delay = 0.00>
ST_2 : Operation 24 [1/1] (0.00ns)   --->   "%currentPoint_int_V_1_07 = phi i18 0, void, i18 %currentPoint_int_V_1, void %_ZN9ap_ufixedILi36ELi12EL9ap_q_mode5EL9ap_o_mode3ELi0EEC2Ei.exit.split_ifconv"   --->   Operation 24 'phi' 'currentPoint_int_V_1_07' <Predicate = true> <Delay = 0.00>
ST_2 : Operation 25 [1/1] (0.00ns)   --->   "%currentPoint_int_V_0_06 = phi i18 0, void, i18 %currentPoint_int_V_1_1, void %_ZN9ap_ufixedILi36ELi12EL9ap_q_mode5EL9ap_o_mode3ELi0EEC2Ei.exit.split_ifconv"   --->   Operation 25 'phi' 'currentPoint_int_V_0_06' <Predicate = true> <Delay = 0.00>
ST_2 : Operation 26 [1/1] (0.00ns)   --->   "%i = phi i2 0, void, i2 %add_ln19, void %_ZN9ap_ufixedILi36ELi12EL9ap_q_mode5EL9ap_o_mode3ELi0EEC2Ei.exit.split_ifconv" [MPCwithMADS_fxd/generatePollMatrix.cpp:19]   --->   Operation 26 'phi' 'i' <Predicate = true> <Delay = 0.00>
ST_2 : Operation 27 [1/1] (1.56ns)   --->   "%add_ln19 = add i2 %i, i2 1" [MPCwithMADS_fxd/generatePollMatrix.cpp:19]   --->   Operation 27 'add' 'add_ln19' <Predicate = true> <Delay = 1.56> <CoreInst = "Adder">   --->   Core 1 'Adder' <Latency = 0> <II = 1> <Delay = 2.37> <FuncUnit> <Opcode : 'add' 'sub'> <InPorts = 2> <OutPorts = 1>
ST_2 : Operation 28 [1/1] (0.95ns)   --->   "%icmp_ln19 = icmp_eq  i2 %i, i2 2" [MPCwithMADS_fxd/generatePollMatrix.cpp:19]   --->   Operation 28 'icmp' 'icmp_ln19' <Predicate = true> <Delay = 0.95> <CoreInst = "Cmp">   --->   Core 9 'Cmp' <Latency = 0> <II = 1> <Delay = 1.13> <FuncUnit> <Opcode : 'icmp'> <InPorts = 2> <OutPorts = 1>
ST_2 : Operation 29 [1/1] (0.00ns)   --->   "%empty = speclooptripcount i32 @_ssdm_op_SpecLoopTripCount, i64 2, i64 2, i64 2"   --->   Operation 29 'speclooptripcount' 'empty' <Predicate = true> <Delay = 0.00>
ST_2 : Operation 30 [1/1] (0.00ns)   --->   "%br_ln19 = br i1 %icmp_ln19, void %_ZN9ap_ufixedILi36ELi12EL9ap_q_mode5EL9ap_o_mode3ELi0EEC2Ei.exit.split_ifconv, void %_ZN9ap_ufixedILi45ELi25EL9ap_q_mode5EL9ap_o_mode3ELi0EEC2ILi25ELb0EEERK11ap_int_baseIXT_EXT0_EE.exit80.i" [MPCwithMADS_fxd/generatePollMatrix.cpp:19]   --->   Operation 30 'br' 'br_ln19' <Predicate = true> <Delay = 0.00>
ST_2 : Operation 31 [1/1] (0.00ns)   --->   "%trunc_ln20 = trunc i2 %i" [MPCwithMADS_fxd/generatePollMatrix.cpp:20]   --->   Operation 31 'trunc' 'trunc_ln20' <Predicate = (!icmp_ln19)> <Delay = 0.00>
ST_2 : Operation 32 [1/1] (0.75ns)   --->   "%currentPoint_int_V_1 = select i1 %trunc_ln20, i18 %optimum_V_1_load, i18 %currentPoint_int_V_1_07" [MPCwithMADS_fxd/generatePollMatrix.cpp:20]   --->   Operation 32 'select' 'currentPoint_int_V_1' <Predicate = (!icmp_ln19)> <Delay = 0.75> <CoreInst = "Sel">   --->   Core 73 'Sel' <Latency = 0> <II = 1> <Delay = 0.75> <FuncUnit> <Opcode : 'select'> <InPorts = 3> <OutPorts = 1>
ST_2 : Operation 33 [1/1] (0.75ns)   --->   "%currentPoint_int_V_1_1 = select i1 %trunc_ln20, i18 %currentPoint_int_V_0_06, i18 %optimum_V_0_load" [MPCwithMADS_fxd/generatePollMatrix.cpp:20]   --->   Operation 33 'select' 'currentPoint_int_V_1_1' <Predicate = (!icmp_ln19)> <Delay = 0.75> <CoreInst = "Sel">   --->   Core 73 'Sel' <Latency = 0> <II = 1> <Delay = 0.75> <FuncUnit> <Opcode : 'select'> <InPorts = 3> <OutPorts = 1>
ST_2 : Operation 34 [1/1] (1.18ns)   --->   "%rhs = select i1 %trunc_ln20, i6 %p_read_1, i6 %p_read_2"   --->   Operation 34 'select' 'rhs' <Predicate = (!icmp_ln19)> <Delay = 1.18> <CoreInst = "Sel">   --->   Core 73 'Sel' <Latency = 0> <II = 1> <Delay = 0.75> <FuncUnit> <Opcode : 'select'> <InPorts = 3> <OutPorts = 1>
ST_2 : Operation 35 [1/1] (0.00ns)   --->   "%sext_ln215 = sext i6 %rhs"   --->   Operation 35 'sext' 'sext_ln215' <Predicate = (!icmp_ln19)> <Delay = 0.00>
ST_2 : Operation 36 [1/1] (1.82ns)   --->   "%ret = sub i7 0, i7 %sext_ln215"   --->   Operation 36 'sub' 'ret' <Predicate = (!icmp_ln19)> <Delay = 1.82> <CoreInst = "Adder">   --->   Core 1 'Adder' <Latency = 0> <II = 1> <Delay = 2.37> <FuncUnit> <Opcode : 'add' 'sub'> <InPorts = 2> <OutPorts = 1>
ST_2 : Operation 37 [1/1] (0.00ns)   --->   "%R1_V_load = load i20 %R1_V"   --->   Operation 37 'load' 'R1_V_load' <Predicate = (icmp_ln19)> <Delay = 0.00>
ST_2 : Operation 38 [4/4] (2.15ns) (root node of the DSP)   --->   "%ret_3 = mul i20 %R1_V_load, i20 27"   --->   Operation 38 'mul' 'ret_3' <Predicate = (icmp_ln19)> <Delay = 2.15> <CoreInst = "DSP48">   --->   Core 119 'DSP48' <Latency = 3> <II = 1> <Delay = 2.15> <IPBlock> <Opcode : 'mul' 'add' 'sub' 'select'> <InPorts = 0> <OutPorts = 1> <Sync> <CReg>
ST_2 : Operation 39 [1/1] (0.00ns)   --->   "%R2_V_load = load i20 %R2_V"   --->   Operation 39 'load' 'R2_V_load' <Predicate = (icmp_ln19)> <Delay = 0.00>
ST_2 : Operation 40 [4/4] (2.15ns) (root node of the DSP)   --->   "%ret_4 = mul i20 %R2_V_load, i20 27"   --->   Operation 40 'mul' 'ret_4' <Predicate = (icmp_ln19)> <Delay = 2.15> <CoreInst = "DSP48">   --->   Core 119 'DSP48' <Latency = 3> <II = 1> <Delay = 2.15> <IPBlock> <Opcode : 'mul' 'add' 'sub' 'select'> <InPorts = 0> <OutPorts = 1> <Sync> <CReg>

State 3 <SV = 2> <Delay = 5.54>
ST_3 : Operation 41 [1/1] (0.00ns)   --->   "%specloopname_ln19 = specloopname void @_ssdm_op_SpecLoopName, void @empty_16" [MPCwithMADS_fxd/generatePollMatrix.cpp:19]   --->   Operation 41 'specloopname' 'specloopname_ln19' <Predicate = true> <Delay = 0.00>
ST_3 : Operation 42 [1/1] (0.00ns) (grouped into LUT with out node r_V_5)   --->   "%tmp_2 = bitselect i1 @_ssdm_op_BitSelect.i1.i6.i32, i6 %rhs, i32 5"   --->   Operation 42 'bitselect' 'tmp_2' <Predicate = true> <Delay = 0.00>
ST_3 : Operation 43 [1/1] (0.00ns) (grouped into LUT with out node r_V_5)   --->   "%sh_prom_i_i_i54 = zext i7 %ret"   --->   Operation 43 'zext' 'sh_prom_i_i_i54' <Predicate = true> <Delay = 0.00>
ST_3 : Operation 44 [1/1] (0.00ns) (grouped into LUT with out node r_V_5)   --->   "%r_V = lshr i36 16777216, i36 %sh_prom_i_i_i54"   --->   Operation 44 'lshr' 'r_V' <Predicate = true> <Delay = 0.00> <CoreInst = "Shifter">   --->   Core 75 'Shifter' <Latency = 0> <II = 1> <Delay = 4.42> <FuncUnit> <Opcode : 'shl' 'lshr' 'ashr'> <InPorts = 2> <OutPorts = 1>
ST_3 : Operation 45 [1/1] (0.00ns) (grouped into LUT with out node r_V_5)   --->   "%sh_prom_i_i_i_cast_cast_cast = sext i6 %rhs"   --->   Operation 45 'sext' 'sh_prom_i_i_i_cast_cast_cast' <Predicate = true> <Delay = 0.00>
ST_3 : Operation 46 [1/1] (0.00ns) (grouped into LUT with out node r_V_5)   --->   "%sh_prom_i_i_i_cast_cast_cast_cast = zext i32 %sh_prom_i_i_i_cast_cast_cast"   --->   Operation 46 'zext' 'sh_prom_i_i_i_cast_cast_cast_cast' <Predicate = true> <Delay = 0.00>
ST_3 : Operation 47 [1/1] (0.00ns) (grouped into LUT with out node r_V_5)   --->   "%r_V_1 = shl i36 16777216, i36 %sh_prom_i_i_i_cast_cast_cast_cast"   --->   Operation 47 'shl' 'r_V_1' <Predicate = true> <Delay = 0.00> <CoreInst = "Shifter">   --->   Core 75 'Shifter' <Latency = 0> <II = 1> <Delay = 4.42> <FuncUnit> <Opcode : 'shl' 'lshr' 'ashr'> <InPorts = 2> <OutPorts = 1>
ST_3 : Operation 48 [1/1] (4.42ns) (out node of the LUT)   --->   "%r_V_5 = select i1 %tmp_2, i36 %r_V, i36 %r_V_1"   --->   Operation 48 'select' 'r_V_5' <Predicate = true> <Delay = 4.42> <CoreInst = "Sel">   --->   Core 73 'Sel' <Latency = 0> <II = 1> <Delay = 0.75> <FuncUnit> <Opcode : 'select'> <InPorts = 3> <OutPorts = 1>
ST_3 : Operation 49 [1/1] (1.12ns)   --->   "%mesh_V_1_1 = select i1 %trunc_ln20, i36 %r_V_5, i36 %mesh_V_1_09" [MPCwithMADS_fxd/generatePollMatrix.cpp:25]   --->   Operation 49 'select' 'mesh_V_1_1' <Predicate = true> <Delay = 1.12> <CoreInst = "Sel">   --->   Core 73 'Sel' <Latency = 0> <II = 1> <Delay = 0.75> <FuncUnit> <Opcode : 'select'> <InPorts = 3> <OutPorts = 1>
ST_3 : Operation 50 [1/1] (1.12ns)   --->   "%mesh_V_1_2 = select i1 %trunc_ln20, i36 %mesh_V_0_08, i36 %r_V_5" [MPCwithMADS_fxd/generatePollMatrix.cpp:25]   --->   Operation 50 'select' 'mesh_V_1_2' <Predicate = true> <Delay = 1.12> <CoreInst = "Sel">   --->   Core 73 'Sel' <Latency = 0> <II = 1> <Delay = 0.75> <FuncUnit> <Opcode : 'select'> <InPorts = 3> <OutPorts = 1>
ST_3 : Operation 51 [1/1] (0.00ns)   --->   "%br_ln0 = br void %_ZN9ap_ufixedILi36ELi12EL9ap_q_mode5EL9ap_o_mode3ELi0EEC2Ei.exit"   --->   Operation 51 'br' 'br_ln0' <Predicate = true> <Delay = 0.00>

State 4 <SV = 2> <Delay = 2.15>
ST_4 : Operation 52 [3/4] (2.15ns) (root node of the DSP)   --->   "%ret_3 = mul i20 %R1_V_load, i20 27"   --->   Operation 52 'mul' 'ret_3' <Predicate = true> <Delay = 2.15> <CoreInst = "DSP48">   --->   Core 119 'DSP48' <Latency = 3> <II = 1> <Delay = 2.15> <IPBlock> <Opcode : 'mul' 'add' 'sub' 'select'> <InPorts = 0> <OutPorts = 1> <Sync> <CReg>
ST_4 : Operation 53 [3/4] (2.15ns) (root node of the DSP)   --->   "%ret_4 = mul i20 %R2_V_load, i20 27"   --->   Operation 53 'mul' 'ret_4' <Predicate = true> <Delay = 2.15> <CoreInst = "DSP48">   --->   Core 119 'DSP48' <Latency = 3> <II = 1> <Delay = 2.15> <IPBlock> <Opcode : 'mul' 'add' 'sub' 'select'> <InPorts = 0> <OutPorts = 1> <Sync> <CReg>

State 5 <SV = 3> <Delay = 2.15>
ST_5 : Operation 54 [2/4] (2.15ns) (root node of the DSP)   --->   "%ret_3 = mul i20 %R1_V_load, i20 27"   --->   Operation 54 'mul' 'ret_3' <Predicate = true> <Delay = 2.15> <CoreInst = "DSP48">   --->   Core 119 'DSP48' <Latency = 3> <II = 1> <Delay = 2.15> <IPBlock> <Opcode : 'mul' 'add' 'sub' 'select'> <InPorts = 0> <OutPorts = 1> <Sync> <CReg>
ST_5 : Operation 55 [2/4] (2.15ns) (root node of the DSP)   --->   "%ret_4 = mul i20 %R2_V_load, i20 27"   --->   Operation 55 'mul' 'ret_4' <Predicate = true> <Delay = 2.15> <CoreInst = "DSP48">   --->   Core 119 'DSP48' <Latency = 3> <II = 1> <Delay = 2.15> <IPBlock> <Opcode : 'mul' 'add' 'sub' 'select'> <InPorts = 0> <OutPorts = 1> <Sync> <CReg>

State 6 <SV = 4> <Delay = 1.58>
ST_6 : Operation 56 [1/4] (0.00ns) (root node of the DSP)   --->   "%ret_3 = mul i20 %R1_V_load, i20 27"   --->   Operation 56 'mul' 'ret_3' <Predicate = true> <Delay = 0.00> <CoreInst = "DSP48">   --->   Core 119 'DSP48' <Latency = 3> <II = 1> <Delay = 2.15> <IPBlock> <Opcode : 'mul' 'add' 'sub' 'select'> <InPorts = 0> <OutPorts = 1> <Sync> <CReg>
ST_6 : Operation 57 [1/1] (0.00ns)   --->   "%store_ln26 = store i20 %ret_3, i20 %R1_V" [MPCwithMADS_fxd/pseudoRand.cpp:26]   --->   Operation 57 'store' 'store_ln26' <Predicate = true> <Delay = 0.00>
ST_6 : Operation 58 [1/1] (0.00ns)   --->   "%trunc_ln708_1 = partselect i16 @_ssdm_op_PartSelect.i16.i20.i32.i32, i20 %ret_3, i32 4, i32 19"   --->   Operation 58 'partselect' 'trunc_ln708_1' <Predicate = true> <Delay = 0.00>
ST_6 : Operation 59 [1/1] (0.99ns)   --->   "%v_V_0 = xor i16 %trunc_ln708_1, i16 32768"   --->   Operation 59 'xor' 'v_V_0' <Predicate = true> <Delay = 0.99> <CoreInst = "LogicGate">   --->   Core 74 'LogicGate' <Latency = 0> <II = 1> <Delay = 0.99> <FuncUnit> <Opcode : 'and' 'or' 'xor'> <InPorts = 2> <OutPorts = 1>
ST_6 : Operation 60 [1/1] (0.00ns)   --->   "%sext_ln708 = sext i16 %v_V_0"   --->   Operation 60 'sext' 'sext_ln708' <Predicate = true> <Delay = 0.00>
ST_6 : Operation 61 [1/4] (0.00ns) (root node of the DSP)   --->   "%ret_4 = mul i20 %R2_V_load, i20 27"   --->   Operation 61 'mul' 'ret_4' <Predicate = true> <Delay = 0.00> <CoreInst = "DSP48">   --->   Core 119 'DSP48' <Latency = 3> <II = 1> <Delay = 2.15> <IPBlock> <Opcode : 'mul' 'add' 'sub' 'select'> <InPorts = 0> <OutPorts = 1> <Sync> <CReg>
ST_6 : Operation 62 [1/1] (0.00ns)   --->   "%store_ln31 = store i20 %ret_4, i20 %R2_V" [MPCwithMADS_fxd/pseudoRand.cpp:31]   --->   Operation 62 'store' 'store_ln31' <Predicate = true> <Delay = 0.00>
ST_6 : Operation 63 [1/1] (0.00ns)   --->   "%trunc_ln708_2 = partselect i16 @_ssdm_op_PartSelect.i16.i20.i32.i32, i20 %ret_4, i32 4, i32 19"   --->   Operation 63 'partselect' 'trunc_ln708_2' <Predicate = true> <Delay = 0.00>
ST_6 : Operation 64 [1/1] (0.99ns)   --->   "%v_V_1 = xor i16 %trunc_ln708_2, i16 32768"   --->   Operation 64 'xor' 'v_V_1' <Predicate = true> <Delay = 0.99> <CoreInst = "LogicGate">   --->   Core 74 'LogicGate' <Latency = 0> <II = 1> <Delay = 0.99> <FuncUnit> <Opcode : 'and' 'or' 'xor'> <InPorts = 2> <OutPorts = 1>
ST_6 : Operation 65 [1/1] (0.00ns)   --->   "%sext_ln708_1 = sext i16 %v_V_1"   --->   Operation 65 'sext' 'sext_ln708_1' <Predicate = true> <Delay = 0.00>
ST_6 : Operation 66 [1/1] (1.58ns)   --->   "%br_ln42 = br void" [MPCwithMADS_fxd/pseudoRand.cpp:42]   --->   Operation 66 'br' 'br_ln42' <Predicate = true> <Delay = 1.58>

State 7 <SV = 5> <Delay = 1.56>
ST_7 : Operation 67 [1/1] (0.00ns)   --->   "%randomVector_V_0_05 = phi i18 0, void %_ZN9ap_ufixedILi45ELi25EL9ap_q_mode5EL9ap_o_mode3ELi0EEC2ILi25ELb0EEERK11ap_int_baseIXT_EXT0_EE.exit80.i, i18 %randomVector_V_1, void %.split3"   --->   Operation 67 'phi' 'randomVector_V_0_05' <Predicate = true> <Delay = 0.00>
ST_7 : Operation 68 [1/1] (0.00ns)   --->   "%randomVector_V_1_04 = phi i18 0, void %_ZN9ap_ufixedILi45ELi25EL9ap_q_mode5EL9ap_o_mode3ELi0EEC2ILi25ELb0EEERK11ap_int_baseIXT_EXT0_EE.exit80.i, i18 %randomVector_V_1_1, void %.split3"   --->   Operation 68 'phi' 'randomVector_V_1_04' <Predicate = true> <Delay = 0.00>
ST_7 : Operation 69 [1/1] (0.00ns)   --->   "%i_1 = phi i2 0, void %_ZN9ap_ufixedILi45ELi25EL9ap_q_mode5EL9ap_o_mode3ELi0EEC2ILi25ELb0EEERK11ap_int_baseIXT_EXT0_EE.exit80.i, i2 %add_ln42, void %.split3" [MPCwithMADS_fxd/pseudoRand.cpp:42]   --->   Operation 69 'phi' 'i_1' <Predicate = true> <Delay = 0.00>
ST_7 : Operation 70 [1/1] (1.56ns)   --->   "%add_ln42 = add i2 %i_1, i2 1" [MPCwithMADS_fxd/pseudoRand.cpp:42]   --->   Operation 70 'add' 'add_ln42' <Predicate = true> <Delay = 1.56> <CoreInst = "Adder">   --->   Core 1 'Adder' <Latency = 0> <II = 1> <Delay = 2.37> <FuncUnit> <Opcode : 'add' 'sub'> <InPorts = 2> <OutPorts = 1>
ST_7 : Operation 71 [1/1] (0.95ns)   --->   "%icmp_ln42 = icmp_eq  i2 %i_1, i2 2" [MPCwithMADS_fxd/pseudoRand.cpp:42]   --->   Operation 71 'icmp' 'icmp_ln42' <Predicate = true> <Delay = 0.95> <CoreInst = "Cmp">   --->   Core 9 'Cmp' <Latency = 0> <II = 1> <Delay = 1.13> <FuncUnit> <Opcode : 'icmp'> <InPorts = 2> <OutPorts = 1>
ST_7 : Operation 72 [1/1] (0.00ns)   --->   "%empty_51 = speclooptripcount i32 @_ssdm_op_SpecLoopTripCount, i64 2, i64 2, i64 2"   --->   Operation 72 'speclooptripcount' 'empty_51' <Predicate = true> <Delay = 0.00>
ST_7 : Operation 73 [1/1] (0.00ns)   --->   "%br_ln42 = br i1 %icmp_ln42, void %.split3, void %_Z10pseudoRandP8ap_fixedILi18ELi3EL9ap_q_mode5EL9ap_o_mode3ELi0EE.exit" [MPCwithMADS_fxd/pseudoRand.cpp:42]   --->   Operation 73 'br' 'br_ln42' <Predicate = true> <Delay = 0.00>
ST_7 : Operation 74 [1/1] (0.00ns)   --->   "%specloopname_ln42 = specloopname void @_ssdm_op_SpecLoopName, void @empty_15" [MPCwithMADS_fxd/pseudoRand.cpp:42]   --->   Operation 74 'specloopname' 'specloopname_ln42' <Predicate = (!icmp_ln42)> <Delay = 0.00>
ST_7 : Operation 75 [1/1] (0.00ns)   --->   "%trunc_ln43 = trunc i2 %i_1" [MPCwithMADS_fxd/pseudoRand.cpp:43]   --->   Operation 75 'trunc' 'trunc_ln43' <Predicate = (!icmp_ln42)> <Delay = 0.00>
ST_7 : Operation 76 [1/1] (0.75ns)   --->   "%randomVector_V_1 = select i1 %trunc_ln43, i18 %randomVector_V_0_05, i18 %sext_ln708" [MPCwithMADS_fxd/pseudoRand.cpp:43]   --->   Operation 76 'select' 'randomVector_V_1' <Predicate = (!icmp_ln42)> <Delay = 0.75> <CoreInst = "Sel">   --->   Core 73 'Sel' <Latency = 0> <II = 1> <Delay = 0.75> <FuncUnit> <Opcode : 'select'> <InPorts = 3> <OutPorts = 1>
ST_7 : Operation 77 [1/1] (0.75ns)   --->   "%randomVector_V_1_1 = select i1 %trunc_ln43, i18 %sext_ln708_1, i18 %randomVector_V_1_04" [MPCwithMADS_fxd/pseudoRand.cpp:43]   --->   Operation 77 'select' 'randomVector_V_1_1' <Predicate = (!icmp_ln42)> <Delay = 0.75> <CoreInst = "Sel">   --->   Core 73 'Sel' <Latency = 0> <II = 1> <Delay = 0.75> <FuncUnit> <Opcode : 'select'> <InPorts = 3> <OutPorts = 1>
ST_7 : Operation 78 [1/1] (0.00ns)   --->   "%br_ln0 = br void"   --->   Operation 78 'br' 'br_ln0' <Predicate = (!icmp_ln42)> <Delay = 0.00>
ST_7 : Operation 79 [2/2] (0.00ns)   --->   "%call_ln41 = call void @generatePollDirections, i18 %randomVector_V_0_05, i18 %randomVector_V_1_04, i6 %p_read_4, i6 %p_read_3, i6 %p_read_2, i6 %p_read_1, i12 %directions" [MPCwithMADS_fxd/generatePollMatrix.cpp:41]   --->   Operation 79 'call' 'call_ln41' <Predicate = (icmp_ln42)> <Delay = 0.00> <CoreType = "Generic">   --->   Core 0 '' <Latency = 0> <II = 1> <Delay = 1.00> <Generic> <Opcode : >

State 8 <SV = 6> <Delay = 1.58>
ST_8 : Operation 80 [1/2] (0.00ns)   --->   "%call_ln41 = call void @generatePollDirections, i18 %randomVector_V_0_05, i18 %randomVector_V_1_04, i6 %p_read_4, i6 %p_read_3, i6 %p_read_2, i6 %p_read_1, i12 %directions" [MPCwithMADS_fxd/generatePollMatrix.cpp:41]   --->   Operation 80 'call' 'call_ln41' <Predicate = true> <Delay = 0.00> <CoreType = "Generic">   --->   Core 0 '' <Latency = 0> <II = 1> <Delay = 1.00> <Generic> <Opcode : >
ST_8 : Operation 81 [1/1] (1.58ns)   --->   "%br_ln44 = br void" [MPCwithMADS_fxd/generatePollMatrix.cpp:44]   --->   Operation 81 'br' 'br_ln44' <Predicate = true> <Delay = 1.58>

State 9 <SV = 7> <Delay = 1.58>
ST_9 : Operation 82 [1/1] (0.00ns)   --->   "%i_2 = phi i2 %add_ln44, void, i2 0, void %_Z10pseudoRandP8ap_fixedILi18ELi3EL9ap_q_mode5EL9ap_o_mode3ELi0EE.exit" [MPCwithMADS_fxd/generatePollMatrix.cpp:44]   --->   Operation 82 'phi' 'i_2' <Predicate = true> <Delay = 0.00>
ST_9 : Operation 83 [1/1] (1.56ns)   --->   "%add_ln44 = add i2 %i_2, i2 1" [MPCwithMADS_fxd/generatePollMatrix.cpp:44]   --->   Operation 83 'add' 'add_ln44' <Predicate = true> <Delay = 1.56> <CoreInst = "Adder">   --->   Core 1 'Adder' <Latency = 0> <II = 1> <Delay = 2.37> <FuncUnit> <Opcode : 'add' 'sub'> <InPorts = 2> <OutPorts = 1>
ST_9 : Operation 84 [1/1] (0.00ns)   --->   "%trunc_ln46 = trunc i2 %i_2" [MPCwithMADS_fxd/generatePollMatrix.cpp:46]   --->   Operation 84 'trunc' 'trunc_ln46' <Predicate = true> <Delay = 0.00>
ST_9 : Operation 85 [1/1] (0.00ns)   --->   "%tmp_3_cast = bitconcatenate i3 @_ssdm_op_BitConcatenate.i3.i1.i2, i1 %trunc_ln46, i2 0" [MPCwithMADS_fxd/generatePollMatrix.cpp:44]   --->   Operation 85 'bitconcatenate' 'tmp_3_cast' <Predicate = true> <Delay = 0.00>
ST_9 : Operation 86 [1/1] (0.95ns)   --->   "%icmp_ln44 = icmp_eq  i2 %i_2, i2 2" [MPCwithMADS_fxd/generatePollMatrix.cpp:44]   --->   Operation 86 'icmp' 'icmp_ln44' <Predicate = true> <Delay = 0.95> <CoreInst = "Cmp">   --->   Core 9 'Cmp' <Latency = 0> <II = 1> <Delay = 1.13> <FuncUnit> <Opcode : 'icmp'> <InPorts = 2> <OutPorts = 1>
ST_9 : Operation 87 [1/1] (0.00ns)   --->   "%empty_52 = speclooptripcount i32 @_ssdm_op_SpecLoopTripCount, i64 2, i64 2, i64 2"   --->   Operation 87 'speclooptripcount' 'empty_52' <Predicate = true> <Delay = 0.00>
ST_9 : Operation 88 [1/1] (0.00ns)   --->   "%br_ln44 = br i1 %icmp_ln44, void %.split, void" [MPCwithMADS_fxd/generatePollMatrix.cpp:44]   --->   Operation 88 'br' 'br_ln44' <Predicate = true> <Delay = 0.00>
ST_9 : Operation 89 [1/1] (0.00ns)   --->   "%specloopname_ln44 = specloopname void @_ssdm_op_SpecLoopName, void @empty_14" [MPCwithMADS_fxd/generatePollMatrix.cpp:44]   --->   Operation 89 'specloopname' 'specloopname_ln44' <Predicate = (!icmp_ln44)> <Delay = 0.00>
ST_9 : Operation 90 [1/1] (0.00ns)   --->   "%empty_53 = trunc i36 %mesh_V_1_09" [MPCwithMADS_fxd/generatePollMatrix.cpp:25]   --->   Operation 90 'trunc' 'empty_53' <Predicate = (!icmp_ln44)> <Delay = 0.00>
ST_9 : Operation 91 [1/1] (0.00ns)   --->   "%empty_54 = trunc i36 %mesh_V_0_08" [MPCwithMADS_fxd/generatePollMatrix.cpp:25]   --->   Operation 91 'trunc' 'empty_54' <Predicate = (!icmp_ln44)> <Delay = 0.00>
ST_9 : Operation 92 [1/1] (0.76ns)   --->   "%r_V_3 = select i1 %trunc_ln46, i26 %empty_53, i26 %empty_54" [MPCwithMADS_fxd/generatePollMatrix.cpp:46]   --->   Operation 92 'select' 'r_V_3' <Predicate = (!icmp_ln44)> <Delay = 0.76> <CoreInst = "Sel">   --->   Core 73 'Sel' <Latency = 0> <II = 1> <Delay = 0.75> <FuncUnit> <Opcode : 'select'> <InPorts = 3> <OutPorts = 1>
ST_9 : Operation 93 [1/1] (0.75ns)   --->   "%empty_55 = select i1 %trunc_ln46, i18 %currentPoint_int_V_1_07, i18 %currentPoint_int_V_0_06" [MPCwithMADS_fxd/generatePollMatrix.cpp:46]   --->   Operation 93 'select' 'empty_55' <Predicate = (!icmp_ln44)> <Delay = 0.75> <CoreInst = "Sel">   --->   Core 73 'Sel' <Latency = 0> <II = 1> <Delay = 0.75> <FuncUnit> <Opcode : 'select'> <InPorts = 3> <OutPorts = 1>
ST_9 : Operation 94 [1/1] (0.00ns)   --->   "%lhs = bitconcatenate i26 @_ssdm_op_BitConcatenate.i26.i18.i8, i18 %empty_55, i8 0" [MPCwithMADS_fxd/generatePollMatrix.cpp:46]   --->   Operation 94 'bitconcatenate' 'lhs' <Predicate = (!icmp_ln44)> <Delay = 0.00>
ST_9 : Operation 95 [1/1] (1.58ns)   --->   "%br_ln45 = br void %_ZmlILi36ELi12ELb0EL9ap_q_mode5EL9ap_o_mode3ELi0ELi12ELb1EEN13ap_fixed_baseIXT_EXT0_EXT1_ELS0_5ELS1_3ELi0EE5RTypeIXT5_EXT5_EXT6_EE4multERKS2_IXT_EXT0_EXT1_EXT2_EXT3_EXT4_EERK11ap_int_baseIXT5_EXT6_EE.exit" [MPCwithMADS_fxd/generatePollMatrix.cpp:45]   --->   Operation 95 'br' 'br_ln45' <Predicate = (!icmp_ln44)> <Delay = 1.58>
ST_9 : Operation 96 [1/1] (0.00ns)   --->   "%ret_ln50 = ret" [MPCwithMADS_fxd/generatePollMatrix.cpp:50]   --->   Operation 96 'ret' 'ret_ln50' <Predicate = (icmp_ln44)> <Delay = 0.00>

State 10 <SV = 8> <Delay = 3.97>
ST_10 : Operation 97 [1/1] (0.00ns)   --->   "%j = phi i3 0, void %.split, i3 %add_ln45, void %_ZmlILi36ELi12ELb0EL9ap_q_mode5EL9ap_o_mode3ELi0ELi12ELb1EEN13ap_fixed_baseIXT_EXT0_EXT1_ELS0_5ELS1_3ELi0EE5RTypeIXT5_EXT5_EXT6_EE4multERKS2_IXT_EXT0_EXT1_EXT2_EXT3_EXT4_EERK11ap_int_baseIXT5_EXT6_EE.exit.split" [MPCwithMADS_fxd/generatePollMatrix.cpp:45]   --->   Operation 97 'phi' 'j' <Predicate = true> <Delay = 0.00>
ST_10 : Operation 98 [1/1] (1.65ns)   --->   "%add_ln45 = add i3 %j, i3 1" [MPCwithMADS_fxd/generatePollMatrix.cpp:45]   --->   Operation 98 'add' 'add_ln45' <Predicate = true> <Delay = 1.65> <CoreInst = "Adder">   --->   Core 1 'Adder' <Latency = 0> <II = 1> <Delay = 2.37> <FuncUnit> <Opcode : 'add' 'sub'> <InPorts = 2> <OutPorts = 1>
ST_10 : Operation 99 [1/1] (1.65ns)   --->   "%add_ln46 = add i3 %tmp_3_cast, i3 %j" [MPCwithMADS_fxd/generatePollMatrix.cpp:46]   --->   Operation 99 'add' 'add_ln46' <Predicate = true> <Delay = 1.65> <CoreInst = "Adder">   --->   Core 1 'Adder' <Latency = 0> <II = 1> <Delay = 2.37> <FuncUnit> <Opcode : 'add' 'sub'> <InPorts = 2> <OutPorts = 1>
ST_10 : Operation 100 [1/1] (0.00ns)   --->   "%zext_ln46 = zext i3 %add_ln46" [MPCwithMADS_fxd/generatePollMatrix.cpp:46]   --->   Operation 100 'zext' 'zext_ln46' <Predicate = true> <Delay = 0.00>
ST_10 : Operation 101 [1/1] (0.00ns)   --->   "%pollMatrix_addr = getelementptr i18 %pollMatrix, i64 0, i64 %zext_ln46" [MPCwithMADS_fxd/generatePollMatrix.cpp:46]   --->   Operation 101 'getelementptr' 'pollMatrix_addr' <Predicate = true> <Delay = 0.00>
ST_10 : Operation 102 [1/1] (0.00ns)   --->   "%directions_addr = getelementptr i12 %directions, i64 0, i64 %zext_ln46"   --->   Operation 102 'getelementptr' 'directions_addr' <Predicate = true> <Delay = 0.00>
ST_10 : Operation 103 [1/1] (1.13ns)   --->   "%icmp_ln45 = icmp_eq  i3 %j, i3 4" [MPCwithMADS_fxd/generatePollMatrix.cpp:45]   --->   Operation 103 'icmp' 'icmp_ln45' <Predicate = true> <Delay = 1.13> <CoreInst = "Cmp">   --->   Core 9 'Cmp' <Latency = 0> <II = 1> <Delay = 1.13> <FuncUnit> <Opcode : 'icmp'> <InPorts = 2> <OutPorts = 1>
ST_10 : Operation 104 [1/1] (0.00ns)   --->   "%empty_56 = speclooptripcount i32 @_ssdm_op_SpecLoopTripCount, i64 4, i64 4, i64 4"   --->   Operation 104 'speclooptripcount' 'empty_56' <Predicate = true> <Delay = 0.00>
ST_10 : Operation 105 [1/1] (0.00ns)   --->   "%br_ln45 = br i1 %icmp_ln45, void %_ZmlILi36ELi12ELb0EL9ap_q_mode5EL9ap_o_mode3ELi0ELi12ELb1EEN13ap_fixed_baseIXT_EXT0_EXT1_ELS0_5ELS1_3ELi0EE5RTypeIXT5_EXT5_EXT6_EE4multERKS2_IXT_EXT0_EXT1_EXT2_EXT3_EXT4_EERK11ap_int_baseIXT5_EXT6_EE.exit.split, void" [MPCwithMADS_fxd/generatePollMatrix.cpp:45]   --->   Operation 105 'br' 'br_ln45' <Predicate = true> <Delay = 0.00>
ST_10 : Operation 106 [2/2] (2.32ns)   --->   "%tmp_3 = load i3 %directions_addr"   --->   Operation 106 'load' 'tmp_3' <Predicate = (!icmp_ln45)> <Delay = 2.32> <CoreInst = "RAM">   --->   Core 82 'RAM' <Latency = 1> <II = 1> <Delay = 2.32> <Storage> <Opcode : 'load' 'store'> <Ports = 2> <Width = 12> <Depth = 8> <RAM>
ST_10 : Operation 107 [1/1] (0.00ns)   --->   "%br_ln0 = br void"   --->   Operation 107 'br' 'br_ln0' <Predicate = (icmp_ln45)> <Delay = 0.00>

State 11 <SV = 9> <Delay = 2.32>
ST_11 : Operation 108 [1/2] (2.32ns)   --->   "%tmp_3 = load i3 %directions_addr"   --->   Operation 108 'load' 'tmp_3' <Predicate = true> <Delay = 2.32> <CoreInst = "RAM">   --->   Core 82 'RAM' <Latency = 1> <II = 1> <Delay = 2.32> <Storage> <Opcode : 'load' 'store'> <Ports = 2> <Width = 12> <Depth = 8> <RAM>

State 12 <SV = 10> <Delay = 6.91>
ST_12 : Operation 109 [1/1] (0.00ns)   --->   "%sext_ln1118 = sext i12 %tmp_3"   --->   Operation 109 'sext' 'sext_ln1118' <Predicate = true> <Delay = 0.00>
ST_12 : Operation 110 [1/1] (6.91ns)   --->   "%r_V_4 = mul i26 %r_V_3, i26 %sext_ln1118"   --->   Operation 110 'mul' 'r_V_4' <Predicate = true> <Delay = 6.91> <CoreInst = "Multiplier">   --->   Core 3 'Multiplier' <Latency = 0> <II = 1> <Delay = 6.91> <FuncUnit> <Opcode : 'mul'> <InPorts = 2> <OutPorts = 1>

State 13 <SV = 11> <Delay = 4.69>
ST_13 : Operation 111 [1/1] (0.00ns)   --->   "%specloopname_ln45 = specloopname void @_ssdm_op_SpecLoopName, void @empty_13" [MPCwithMADS_fxd/generatePollMatrix.cpp:45]   --->   Operation 111 'specloopname' 'specloopname_ln45' <Predicate = true> <Delay = 0.00>
ST_13 : Operation 112 [1/1] (2.37ns)   --->   "%ret_V = add i26 %lhs, i26 %r_V_4"   --->   Operation 112 'add' 'ret_V' <Predicate = true> <Delay = 2.37> <CoreInst = "Adder">   --->   Core 1 'Adder' <Latency = 0> <II = 1> <Delay = 2.37> <FuncUnit> <Opcode : 'add' 'sub'> <InPorts = 2> <OutPorts = 1>
ST_13 : Operation 113 [1/1] (0.00ns)   --->   "%trunc_ln2 = partselect i18 @_ssdm_op_PartSelect.i18.i26.i32.i32, i26 %ret_V, i32 8, i32 25"   --->   Operation 113 'partselect' 'trunc_ln2' <Predicate = true> <Delay = 0.00>
ST_13 : Operation 114 [1/1] (2.32ns)   --->   "%store_ln46 = store i18 %trunc_ln2, i3 %pollMatrix_addr" [MPCwithMADS_fxd/generatePollMatrix.cpp:46]   --->   Operation 114 'store' 'store_ln46' <Predicate = true> <Delay = 2.32> <CoreInst = "RAM">   --->   Core 82 'RAM' <Latency = 1> <II = 1> <Delay = 2.32> <Storage> <Opcode : 'load' 'store'> <Ports = 2> <Width = 18> <Depth = 8> <RAM>
ST_13 : Operation 115 [1/1] (0.00ns)   --->   "%br_ln0 = br void %_ZmlILi36ELi12ELb0EL9ap_q_mode5EL9ap_o_mode3ELi0ELi12ELb1EEN13ap_fixed_baseIXT_EXT0_EXT1_ELS0_5ELS1_3ELi0EE5RTypeIXT5_EXT5_EXT6_EE4multERKS2_IXT_EXT0_EXT1_EXT2_EXT3_EXT4_EERK11ap_int_baseIXT5_EXT6_EE.exit"   --->   Operation 115 'br' 'br_ln0' <Predicate = true> <Delay = 0.00>


============================================================
+ Verbose Summary: Timing violations
============================================================
Target clock period: 10ns, clock uncertainty: 2.7ns.

 <State 1>: 1.59ns
The critical path consists of the following:
	multiplexor before 'phi' operation ('mesh.V[1]') with incoming values : ('mesh.V[1]', MPCwithMADS_fxd/generatePollMatrix.cpp:25) [22]  (1.59 ns)

 <State 2>: 3.01ns
The critical path consists of the following:
	'phi' operation ('i', MPCwithMADS_fxd/generatePollMatrix.cpp:19) with incoming values : ('add_ln19', MPCwithMADS_fxd/generatePollMatrix.cpp:19) [26]  (0 ns)
	'select' operation ('rhs') [36]  (1.19 ns)
	'sub' operation ('ret') [39]  (1.83 ns)

 <State 3>: 5.55ns
The critical path consists of the following:
	'select' operation ('r.V') [45]  (4.42 ns)
	'select' operation ('mesh.V[1]', MPCwithMADS_fxd/generatePollMatrix.cpp:25) [46]  (1.13 ns)

 <State 4>: 2.15ns
The critical path consists of the following:
	'mul' operation of DSP[51] ('ret') [51]  (2.15 ns)

 <State 5>: 2.15ns
The critical path consists of the following:
	'mul' operation of DSP[51] ('ret') [51]  (2.15 ns)

 <State 6>: 1.59ns
The critical path consists of the following:
	multiplexor before 'phi' operation ('randomVector.V[1]') with incoming values : ('randomVector.V[1]', MPCwithMADS_fxd/pseudoRand.cpp:43) [64]  (1.59 ns)

 <State 7>: 1.56ns
The critical path consists of the following:
	'phi' operation ('i', MPCwithMADS_fxd/pseudoRand.cpp:42) with incoming values : ('add_ln42', MPCwithMADS_fxd/pseudoRand.cpp:42) [66]  (0 ns)
	'add' operation ('add_ln42', MPCwithMADS_fxd/pseudoRand.cpp:42) [67]  (1.56 ns)

 <State 8>: 1.59ns
The critical path consists of the following:
	multiplexor before 'phi' operation ('i', MPCwithMADS_fxd/generatePollMatrix.cpp:44) with incoming values : ('add_ln44', MPCwithMADS_fxd/generatePollMatrix.cpp:44) [81]  (1.59 ns)

 <State 9>: 1.59ns
The critical path consists of the following:
	multiplexor before 'phi' operation ('j', MPCwithMADS_fxd/generatePollMatrix.cpp:45) with incoming values : ('add_ln45', MPCwithMADS_fxd/generatePollMatrix.cpp:45) [97]  (1.59 ns)

 <State 10>: 3.97ns
The critical path consists of the following:
	'phi' operation ('j', MPCwithMADS_fxd/generatePollMatrix.cpp:45) with incoming values : ('add_ln45', MPCwithMADS_fxd/generatePollMatrix.cpp:45) [97]  (0 ns)
	'add' operation ('add_ln46', MPCwithMADS_fxd/generatePollMatrix.cpp:46) [99]  (1.65 ns)
	'getelementptr' operation ('directions_addr') [102]  (0 ns)
	'load' operation ('tmp') on array 'directions' [108]  (2.32 ns)

 <State 11>: 2.32ns
The critical path consists of the following:
	'load' operation ('tmp') on array 'directions' [108]  (2.32 ns)

 <State 12>: 6.92ns
The critical path consists of the following:
	'mul' operation ('r.V') [110]  (6.92 ns)

 <State 13>: 4.7ns
The critical path consists of the following:
	'add' operation ('ret.V') [111]  (2.37 ns)
	'store' operation ('store_ln46', MPCwithMADS_fxd/generatePollMatrix.cpp:46) of variable 'trunc_ln2' on array 'pollMatrix' [113]  (2.32 ns)


============================================================
+ Verbose Summary: Binding
============================================================
N/A
* FSMD analyzer results:
  - Output states:
 - Input state : 
  - Chain level:
	State 1
	State 2
	State 3
	State 4
	State 5
	State 6
	State 7
	State 8
	State 9
	State 10
	State 11
	State 12
	State 13


============================================================
+ Verbose Summary: Datapath Resource usage 
============================================================
N/A
